[2025-04-04T15:18:07.071+0000] {processor.py:186} INFO - Started process (PID=3300) to work on /home/ubuntu/venv/lib/python3.12/site-packages/airflow/example_dags/plugins/event_listener.py
[2025-04-04T15:18:07.072+0000] {processor.py:914} INFO - Processing file /home/ubuntu/venv/lib/python3.12/site-packages/airflow/example_dags/plugins/event_listener.py for tasks to queue
[2025-04-04T15:18:07.075+0000] {logging_mixin.py:190} INFO - [2025-04-04T15:18:07.075+0000] {dagbag.py:588} INFO - Filling up the DagBag from /home/ubuntu/venv/lib/python3.12/site-packages/airflow/example_dags/plugins/event_listener.py
[2025-04-04T15:18:07.077+0000] {processor.py:927} WARNING - No viable dags retrieved from /home/ubuntu/venv/lib/python3.12/site-packages/airflow/example_dags/plugins/event_listener.py
[2025-04-04T15:18:07.159+0000] {processor.py:208} INFO - Processing /home/ubuntu/venv/lib/python3.12/site-packages/airflow/example_dags/plugins/event_listener.py took 0.093 seconds
[2025-04-04T15:19:11.981+0000] {processor.py:186} INFO - Started process (PID=3364) to work on /home/ubuntu/venv/lib/python3.12/site-packages/airflow/example_dags/plugins/event_listener.py
[2025-04-04T15:19:11.983+0000] {processor.py:914} INFO - Processing file /home/ubuntu/venv/lib/python3.12/site-packages/airflow/example_dags/plugins/event_listener.py for tasks to queue
[2025-04-04T15:19:11.984+0000] {logging_mixin.py:190} INFO - [2025-04-04T15:19:11.984+0000] {dagbag.py:588} INFO - Filling up the DagBag from /home/ubuntu/venv/lib/python3.12/site-packages/airflow/example_dags/plugins/event_listener.py
[2025-04-04T15:19:11.987+0000] {processor.py:927} WARNING - No viable dags retrieved from /home/ubuntu/venv/lib/python3.12/site-packages/airflow/example_dags/plugins/event_listener.py
[2025-04-04T15:19:11.997+0000] {processor.py:208} INFO - Processing /home/ubuntu/venv/lib/python3.12/site-packages/airflow/example_dags/plugins/event_listener.py took 0.022 seconds
[2025-04-04T15:20:06.906+0000] {processor.py:186} INFO - Started process (PID=3425) to work on /home/ubuntu/venv/lib/python3.12/site-packages/airflow/example_dags/plugins/event_listener.py
[2025-04-04T15:20:06.907+0000] {processor.py:914} INFO - Processing file /home/ubuntu/venv/lib/python3.12/site-packages/airflow/example_dags/plugins/event_listener.py for tasks to queue
[2025-04-04T15:20:06.909+0000] {logging_mixin.py:190} INFO - [2025-04-04T15:20:06.909+0000] {dagbag.py:588} INFO - Filling up the DagBag from /home/ubuntu/venv/lib/python3.12/site-packages/airflow/example_dags/plugins/event_listener.py
[2025-04-04T15:20:06.911+0000] {processor.py:927} WARNING - No viable dags retrieved from /home/ubuntu/venv/lib/python3.12/site-packages/airflow/example_dags/plugins/event_listener.py
[2025-04-04T15:20:06.921+0000] {processor.py:208} INFO - Processing /home/ubuntu/venv/lib/python3.12/site-packages/airflow/example_dags/plugins/event_listener.py took 0.021 seconds
[2025-04-04T15:20:58.728+0000] {processor.py:186} INFO - Started process (PID=3480) to work on /home/ubuntu/venv/lib/python3.12/site-packages/airflow/example_dags/plugins/event_listener.py
[2025-04-04T15:20:58.730+0000] {processor.py:914} INFO - Processing file /home/ubuntu/venv/lib/python3.12/site-packages/airflow/example_dags/plugins/event_listener.py for tasks to queue
[2025-04-04T15:20:58.731+0000] {logging_mixin.py:190} INFO - [2025-04-04T15:20:58.731+0000] {dagbag.py:588} INFO - Filling up the DagBag from /home/ubuntu/venv/lib/python3.12/site-packages/airflow/example_dags/plugins/event_listener.py
[2025-04-04T15:20:58.734+0000] {processor.py:927} WARNING - No viable dags retrieved from /home/ubuntu/venv/lib/python3.12/site-packages/airflow/example_dags/plugins/event_listener.py
[2025-04-04T15:20:58.745+0000] {processor.py:208} INFO - Processing /home/ubuntu/venv/lib/python3.12/site-packages/airflow/example_dags/plugins/event_listener.py took 0.022 seconds
[2025-04-04T15:21:51.356+0000] {processor.py:186} INFO - Started process (PID=3667) to work on /home/ubuntu/venv/lib/python3.12/site-packages/airflow/example_dags/plugins/event_listener.py
[2025-04-04T15:21:51.357+0000] {processor.py:914} INFO - Processing file /home/ubuntu/venv/lib/python3.12/site-packages/airflow/example_dags/plugins/event_listener.py for tasks to queue
[2025-04-04T15:21:51.359+0000] {logging_mixin.py:190} INFO - [2025-04-04T15:21:51.359+0000] {dagbag.py:588} INFO - Filling up the DagBag from /home/ubuntu/venv/lib/python3.12/site-packages/airflow/example_dags/plugins/event_listener.py
[2025-04-04T15:21:51.361+0000] {processor.py:927} WARNING - No viable dags retrieved from /home/ubuntu/venv/lib/python3.12/site-packages/airflow/example_dags/plugins/event_listener.py
[2025-04-04T15:21:51.372+0000] {processor.py:208} INFO - Processing /home/ubuntu/venv/lib/python3.12/site-packages/airflow/example_dags/plugins/event_listener.py took 0.021 seconds
[2025-04-04T15:22:43.968+0000] {processor.py:186} INFO - Started process (PID=3952) to work on /home/ubuntu/venv/lib/python3.12/site-packages/airflow/example_dags/plugins/event_listener.py
[2025-04-04T15:22:43.970+0000] {processor.py:914} INFO - Processing file /home/ubuntu/venv/lib/python3.12/site-packages/airflow/example_dags/plugins/event_listener.py for tasks to queue
[2025-04-04T15:22:43.972+0000] {logging_mixin.py:190} INFO - [2025-04-04T15:22:43.971+0000] {dagbag.py:588} INFO - Filling up the DagBag from /home/ubuntu/venv/lib/python3.12/site-packages/airflow/example_dags/plugins/event_listener.py
[2025-04-04T15:22:43.974+0000] {processor.py:927} WARNING - No viable dags retrieved from /home/ubuntu/venv/lib/python3.12/site-packages/airflow/example_dags/plugins/event_listener.py
[2025-04-04T15:22:43.984+0000] {processor.py:208} INFO - Processing /home/ubuntu/venv/lib/python3.12/site-packages/airflow/example_dags/plugins/event_listener.py took 0.021 seconds
