[2025-04-04T15:18:08.440+0000] {processor.py:186} INFO - Started process (PID=3305) to work on /home/ubuntu/venv/lib/python3.12/site-packages/airflow/example_dags/plugins/workday.py
[2025-04-04T15:18:08.441+0000] {processor.py:914} INFO - Processing file /home/ubuntu/venv/lib/python3.12/site-packages/airflow/example_dags/plugins/workday.py for tasks to queue
[2025-04-04T15:18:08.443+0000] {logging_mixin.py:190} INFO - [2025-04-04T15:18:08.443+0000] {dagbag.py:588} INFO - Filling up the DagBag from /home/ubuntu/venv/lib/python3.12/site-packages/airflow/example_dags/plugins/workday.py
[2025-04-04T15:18:08.445+0000] {logging_mixin.py:190} INFO - [2025-04-04T15:18:08.445+0000] {workday.py:41} WARNING - Could not import pandas. Holidays will not be considered.
[2025-04-04T15:18:08.446+0000] {processor.py:927} WARNING - No viable dags retrieved from /home/ubuntu/venv/lib/python3.12/site-packages/airflow/example_dags/plugins/workday.py
[2025-04-04T15:18:08.455+0000] {processor.py:208} INFO - Processing /home/ubuntu/venv/lib/python3.12/site-packages/airflow/example_dags/plugins/workday.py took 0.020 seconds
[2025-04-04T15:19:13.117+0000] {processor.py:186} INFO - Started process (PID=3365) to work on /home/ubuntu/venv/lib/python3.12/site-packages/airflow/example_dags/plugins/workday.py
[2025-04-04T15:19:13.118+0000] {processor.py:914} INFO - Processing file /home/ubuntu/venv/lib/python3.12/site-packages/airflow/example_dags/plugins/workday.py for tasks to queue
[2025-04-04T15:19:13.120+0000] {logging_mixin.py:190} INFO - [2025-04-04T15:19:13.119+0000] {dagbag.py:588} INFO - Filling up the DagBag from /home/ubuntu/venv/lib/python3.12/site-packages/airflow/example_dags/plugins/workday.py
[2025-04-04T15:19:13.122+0000] {logging_mixin.py:190} INFO - [2025-04-04T15:19:13.122+0000] {workday.py:41} WARNING - Could not import pandas. Holidays will not be considered.
[2025-04-04T15:19:13.123+0000] {processor.py:927} WARNING - No viable dags retrieved from /home/ubuntu/venv/lib/python3.12/site-packages/airflow/example_dags/plugins/workday.py
[2025-04-04T15:19:13.132+0000] {processor.py:208} INFO - Processing /home/ubuntu/venv/lib/python3.12/site-packages/airflow/example_dags/plugins/workday.py took 0.021 seconds
[2025-04-04T15:20:07.384+0000] {processor.py:186} INFO - Started process (PID=3426) to work on /home/ubuntu/venv/lib/python3.12/site-packages/airflow/example_dags/plugins/workday.py
[2025-04-04T15:20:07.386+0000] {processor.py:914} INFO - Processing file /home/ubuntu/venv/lib/python3.12/site-packages/airflow/example_dags/plugins/workday.py for tasks to queue
[2025-04-04T15:20:07.387+0000] {logging_mixin.py:190} INFO - [2025-04-04T15:20:07.387+0000] {dagbag.py:588} INFO - Filling up the DagBag from /home/ubuntu/venv/lib/python3.12/site-packages/airflow/example_dags/plugins/workday.py
[2025-04-04T15:20:07.390+0000] {logging_mixin.py:190} INFO - [2025-04-04T15:20:07.389+0000] {workday.py:41} WARNING - Could not import pandas. Holidays will not be considered.
[2025-04-04T15:20:07.390+0000] {processor.py:927} WARNING - No viable dags retrieved from /home/ubuntu/venv/lib/python3.12/site-packages/airflow/example_dags/plugins/workday.py
[2025-04-04T15:20:07.400+0000] {processor.py:208} INFO - Processing /home/ubuntu/venv/lib/python3.12/site-packages/airflow/example_dags/plugins/workday.py took 0.022 seconds
[2025-04-04T15:20:59.878+0000] {processor.py:186} INFO - Started process (PID=3481) to work on /home/ubuntu/venv/lib/python3.12/site-packages/airflow/example_dags/plugins/workday.py
[2025-04-04T15:20:59.880+0000] {processor.py:914} INFO - Processing file /home/ubuntu/venv/lib/python3.12/site-packages/airflow/example_dags/plugins/workday.py for tasks to queue
[2025-04-04T15:20:59.882+0000] {logging_mixin.py:190} INFO - [2025-04-04T15:20:59.881+0000] {dagbag.py:588} INFO - Filling up the DagBag from /home/ubuntu/venv/lib/python3.12/site-packages/airflow/example_dags/plugins/workday.py
[2025-04-04T15:20:59.884+0000] {logging_mixin.py:190} INFO - [2025-04-04T15:20:59.884+0000] {workday.py:41} WARNING - Could not import pandas. Holidays will not be considered.
[2025-04-04T15:20:59.885+0000] {processor.py:927} WARNING - No viable dags retrieved from /home/ubuntu/venv/lib/python3.12/site-packages/airflow/example_dags/plugins/workday.py
[2025-04-04T15:20:59.895+0000] {processor.py:208} INFO - Processing /home/ubuntu/venv/lib/python3.12/site-packages/airflow/example_dags/plugins/workday.py took 0.022 seconds
[2025-04-04T15:21:52.496+0000] {processor.py:186} INFO - Started process (PID=3668) to work on /home/ubuntu/venv/lib/python3.12/site-packages/airflow/example_dags/plugins/workday.py
[2025-04-04T15:21:52.498+0000] {processor.py:914} INFO - Processing file /home/ubuntu/venv/lib/python3.12/site-packages/airflow/example_dags/plugins/workday.py for tasks to queue
[2025-04-04T15:21:52.500+0000] {logging_mixin.py:190} INFO - [2025-04-04T15:21:52.500+0000] {dagbag.py:588} INFO - Filling up the DagBag from /home/ubuntu/venv/lib/python3.12/site-packages/airflow/example_dags/plugins/workday.py
[2025-04-04T15:21:52.504+0000] {logging_mixin.py:190} INFO - [2025-04-04T15:21:52.503+0000] {workday.py:41} WARNING - Could not import pandas. Holidays will not be considered.
[2025-04-04T15:21:52.504+0000] {processor.py:927} WARNING - No viable dags retrieved from /home/ubuntu/venv/lib/python3.12/site-packages/airflow/example_dags/plugins/workday.py
[2025-04-04T15:21:52.515+0000] {processor.py:208} INFO - Processing /home/ubuntu/venv/lib/python3.12/site-packages/airflow/example_dags/plugins/workday.py took 0.025 seconds
[2025-04-04T15:22:45.104+0000] {processor.py:186} INFO - Started process (PID=3953) to work on /home/ubuntu/venv/lib/python3.12/site-packages/airflow/example_dags/plugins/workday.py
[2025-04-04T15:22:45.106+0000] {processor.py:914} INFO - Processing file /home/ubuntu/venv/lib/python3.12/site-packages/airflow/example_dags/plugins/workday.py for tasks to queue
[2025-04-04T15:22:45.107+0000] {logging_mixin.py:190} INFO - [2025-04-04T15:22:45.107+0000] {dagbag.py:588} INFO - Filling up the DagBag from /home/ubuntu/venv/lib/python3.12/site-packages/airflow/example_dags/plugins/workday.py
[2025-04-04T15:22:45.110+0000] {logging_mixin.py:190} INFO - [2025-04-04T15:22:45.110+0000] {workday.py:41} WARNING - Could not import pandas. Holidays will not be considered.
[2025-04-04T15:22:45.111+0000] {processor.py:927} WARNING - No viable dags retrieved from /home/ubuntu/venv/lib/python3.12/site-packages/airflow/example_dags/plugins/workday.py
[2025-04-04T15:22:45.121+0000] {processor.py:208} INFO - Processing /home/ubuntu/venv/lib/python3.12/site-packages/airflow/example_dags/plugins/workday.py took 0.021 seconds
