[2025-04-05T13:38:57.414+0000] {local_task_job_runner.py:123} INFO - ::group::Pre task execution logs
[2025-04-05T13:38:57.425+0000] {taskinstance.py:2614} INFO - Dependencies all met for dep_context=non-requeueable deps ti=<TaskInstance: zillow_analytics.task_transfer_s3_to_redshift manual__2025-04-05T13:38:40.601652+00:00 [queued]>
[2025-04-05T13:38:57.431+0000] {taskinstance.py:2614} INFO - Dependencies all met for dep_context=requeueable deps ti=<TaskInstance: zillow_analytics.task_transfer_s3_to_redshift manual__2025-04-05T13:38:40.601652+00:00 [queued]>
[2025-04-05T13:38:57.431+0000] {taskinstance.py:2867} INFO - Starting attempt 1 of 1
[2025-04-05T13:38:57.446+0000] {taskinstance.py:2890} INFO - Executing <Task(S3ToRedshiftOperator): task_transfer_s3_to_redshift> on 2025-04-05 13:38:40.601652+00:00
[2025-04-05T13:38:57.451+0000] {standard_task_runner.py:72} INFO - Started process 11261 to run task
[2025-04-05T13:38:57.454+0000] {standard_task_runner.py:104} INFO - Running: ['airflow', 'tasks', 'run', 'zillow_analytics', 'task_transfer_s3_to_redshift', 'manual__2025-04-05T13:38:40.601652+00:00', '--job-id', '51', '--raw', '--subdir', 'DAGS_FOLDER/zillowanalytics.py', '--cfg-path', '/tmp/tmp38607kxg']
[2025-04-05T13:38:57.455+0000] {standard_task_runner.py:105} INFO - Job 51: Subtask task_transfer_s3_to_redshift
[2025-04-05T13:38:57.490+0000] {task_command.py:467} INFO - Running <TaskInstance: zillow_analytics.task_transfer_s3_to_redshift manual__2025-04-05T13:38:40.601652+00:00 [running]> on host ip-172-31-1-5.ap-southeast-2.compute.internal
[2025-04-05T13:38:57.557+0000] {taskinstance.py:3134} INFO - Exporting env vars: AIRFLOW_CTX_DAG_OWNER='airflow' AIRFLOW_CTX_DAG_ID='zillow_analytics' AIRFLOW_CTX_TASK_ID='task_transfer_s3_to_redshift' AIRFLOW_CTX_EXECUTION_DATE='2025-04-05T13:38:40.601652+00:00' AIRFLOW_CTX_TRY_NUMBER='1' AIRFLOW_CTX_DAG_RUN_ID='manual__2025-04-05T13:38:40.601652+00:00'
[2025-04-05T13:38:57.558+0000] {taskinstance.py:732} INFO - ::endgroup::
[2025-04-05T13:38:57.572+0000] {base.py:84} INFO - Retrieving connection 'aws_s3_conn'
[2025-04-05T13:38:57.575+0000] {base.py:84} INFO - Retrieving connection 'aws_s3_conn'
[2025-04-05T13:38:57.575+0000] {connection_wrapper.py:325} INFO - AWS Connection (conn_id='aws_s3_conn', conn_type='aws') credentials retrieved from login and password.
[2025-04-05T13:38:57.583+0000] {s3_to_redshift.py:200} INFO - Executing COPY command...
[2025-04-05T13:38:57.585+0000] {base.py:84} INFO - Retrieving connection 'conn_id_redshift'
[2025-04-05T13:38:59.028+0000] {sql.py:624} INFO - Running statement: 
                    COPY PUBLIC.zillowdata 
                    FROM 's3://cleaned-data-zone-csv-bucket-gista/response_data_2025-04-05T133842.csv'
                    credentials
                    'aws_access_key_id=AKIA563Y5ZP2X3DWJLNO;aws_secret_access_key=***'
                    
                    csv IGNOREHEADER 1;
        , parameters: None
[2025-04-05T13:38:59.653+0000] {s3_to_redshift.py:205} INFO - COPY command complete...
[2025-04-05T13:38:59.657+0000] {taskinstance.py:341} INFO - ::group::Post task execution logs
[2025-04-05T13:38:59.657+0000] {taskinstance.py:353} INFO - Marking task as SUCCESS. dag_id=zillow_analytics, task_id=task_transfer_s3_to_redshift, run_id=manual__2025-04-05T13:38:40.601652+00:00, execution_date=20250405T133840, start_date=20250405T133857, end_date=20250405T133859
[2025-04-05T13:38:59.715+0000] {local_task_job_runner.py:266} INFO - Task exited with return code 0
[2025-04-05T13:38:59.725+0000] {taskinstance.py:3901} INFO - 0 downstream tasks scheduled from follow-on schedule check
[2025-04-05T13:38:59.726+0000] {local_task_job_runner.py:245} INFO - ::endgroup::
