2025-04-04 15:22:32.655 [info] [main] Log level: Info
2025-04-04 15:22:32.655 [info] [main] Validating found git in: "git"
2025-04-04 15:22:32.655 [info] [main] Using git "2.43.0" from "git"
2025-04-04 15:22:32.655 [info] [Model][doInitialScan] Initial repository scan started
2025-04-04 15:22:32.655 [info] > git rev-parse --show-toplevel [20ms]
2025-04-04 15:22:32.655 [info] fatal: not a git repository (or any of the parent directories): .git
2025-04-04 15:22:32.655 [info] > git rev-parse --show-toplevel [1ms]
2025-04-04 15:22:32.655 [info] fatal: not a git repository (or any of the parent directories): .git
2025-04-04 15:22:32.655 [info] > git rev-parse --show-toplevel [1ms]
2025-04-04 15:22:32.655 [info] fatal: not a git repository (or any of the parent directories): .git
2025-04-04 15:22:32.655 [info] > git rev-parse --show-toplevel [0ms]
2025-04-04 15:22:32.655 [info] fatal: not a git repository (or any of the parent directories): .git
2025-04-04 15:22:32.655 [info] > git rev-parse --show-toplevel [2ms]
2025-04-04 15:22:32.655 [info] fatal: not a git repository (or any of the parent directories): .git
2025-04-04 15:22:32.655 [info] > git rev-parse --show-toplevel [2ms]
2025-04-04 15:22:32.655 [info] fatal: not a git repository (or any of the parent directories): .git
2025-04-04 15:22:32.655 [info] > git rev-parse --show-toplevel [1ms]
2025-04-04 15:22:32.655 [info] fatal: not a git repository (or any of the parent directories): .git
2025-04-04 15:22:32.655 [info] [Model][doInitialScan] Initial repository scan completed - repositories (0), closed repositories (0), parent repositories (0), unsafe repositories (0)
2025-04-04 15:22:35.715 [info] > git rev-parse --show-toplevel [1ms]
2025-04-04 15:22:35.715 [info] fatal: not a git repository (or any of the parent directories): .git
2025-04-04 15:26:43.537 [info] > git rev-parse --show-toplevel [1ms]
2025-04-04 15:26:43.537 [info] fatal: not a git repository (or any of the parent directories): .git
