[2025-04-05T12:08:00.858+0000] {local_task_job_runner.py:123} INFO - ::group::Pre task execution logs
[2025-04-05T12:08:00.871+0000] {taskinstance.py:2614} INFO - Dependencies all met for dep_context=non-requeueable deps ti=<TaskInstance: zillow_analytics.load_to_s3 manual__2025-04-05T12:07:55.704577+00:00 [queued]>
[2025-04-05T12:08:00.877+0000] {taskinstance.py:2614} INFO - Dependencies all met for dep_context=requeueable deps ti=<TaskInstance: zillow_analytics.load_to_s3 manual__2025-04-05T12:07:55.704577+00:00 [queued]>
[2025-04-05T12:08:00.877+0000] {taskinstance.py:2867} INFO - Starting attempt 1 of 1
[2025-04-05T12:08:00.894+0000] {taskinstance.py:2890} INFO - Executing <Task(BashOperator): load_to_s3> on 2025-04-05 12:07:55.704577+00:00
[2025-04-05T12:08:00.896+0000] {standard_task_runner.py:72} INFO - Started process 10609 to run task
[2025-04-05T12:08:00.899+0000] {standard_task_runner.py:104} INFO - Running: ['airflow', 'tasks', 'run', 'zillow_analytics', 'load_to_s3', 'manual__2025-04-05T12:07:55.704577+00:00', '--job-id', '33', '--raw', '--subdir', 'DAGS_FOLDER/zillowanalytics.py', '--cfg-path', '/tmp/tmpcvno8d2v']
[2025-04-05T12:08:00.901+0000] {standard_task_runner.py:105} INFO - Job 33: Subtask load_to_s3
[2025-04-05T12:08:00.935+0000] {task_command.py:467} INFO - Running <TaskInstance: zillow_analytics.load_to_s3 manual__2025-04-05T12:07:55.704577+00:00 [running]> on host ip-172-31-1-5.ap-southeast-2.compute.internal
[2025-04-05T12:08:01.000+0000] {taskinstance.py:3134} INFO - Exporting env vars: AIRFLOW_CTX_DAG_OWNER='airflow' AIRFLOW_CTX_DAG_ID='zillow_analytics' AIRFLOW_CTX_TASK_ID='load_to_s3' AIRFLOW_CTX_EXECUTION_DATE='2025-04-05T12:07:55.704577+00:00' AIRFLOW_CTX_TRY_NUMBER='1' AIRFLOW_CTX_DAG_RUN_ID='manual__2025-04-05T12:07:55.704577+00:00'
[2025-04-05T12:08:01.000+0000] {taskinstance.py:732} INFO - ::endgroup::
[2025-04-05T12:08:01.011+0000] {subprocess.py:78} INFO - Tmp dir root location: /tmp
[2025-04-05T12:08:01.011+0000] {subprocess.py:88} INFO - Running command: ['/usr/bin/bash', '-c', 'aws s3 mv /home/ubuntu/resonse_data_2025-04-05T120757.json s3://zillow-data-pipeline-gista']
[2025-04-05T12:08:01.017+0000] {subprocess.py:99} INFO - Output:
[2025-04-05T12:08:01.639+0000] {subprocess.py:106} INFO - Completed 58.5 KiB/58.5 KiB (390.9 KiB/s) with 1 file(s) remainingmove: ../../home/ubuntu/resonse_data_2025-04-05T120757.json to s3://zillow-data-pipeline-gista/resonse_data_2025-04-05T120757.json
[2025-04-05T12:08:01.718+0000] {subprocess.py:110} INFO - Command exited with return code 0
[2025-04-05T12:08:01.738+0000] {taskinstance.py:341} INFO - ::group::Post task execution logs
[2025-04-05T12:08:01.738+0000] {taskinstance.py:353} INFO - Marking task as SUCCESS. dag_id=zillow_analytics, task_id=load_to_s3, run_id=manual__2025-04-05T12:07:55.704577+00:00, execution_date=20250405T120755, start_date=20250405T120800, end_date=20250405T120801
[2025-04-05T12:08:01.795+0000] {local_task_job_runner.py:266} INFO - Task exited with return code 0
[2025-04-05T12:08:01.810+0000] {taskinstance.py:3901} INFO - 1 downstream tasks scheduled from follow-on schedule check
[2025-04-05T12:08:01.817+0000] {local_task_job_runner.py:245} INFO - ::endgroup::
