[2025-04-05T13:36:12.409+0000] {local_task_job_runner.py:123} INFO - ::group::Pre task execution logs
[2025-04-05T13:36:12.420+0000] {taskinstance.py:2614} INFO - Dependencies all met for dep_context=non-requeueable deps ti=<TaskInstance: zillow_analytics.task_is_file_in_s3_available manual__2025-04-05T13:36:03.211444+00:00 [queued]>
[2025-04-05T13:36:12.426+0000] {taskinstance.py:2614} INFO - Dependencies all met for dep_context=requeueable deps ti=<TaskInstance: zillow_analytics.task_is_file_in_s3_available manual__2025-04-05T13:36:03.211444+00:00 [queued]>
[2025-04-05T13:36:12.426+0000] {taskinstance.py:2867} INFO - Starting attempt 1 of 1
[2025-04-05T13:36:12.441+0000] {taskinstance.py:2890} INFO - Executing <Task(S3KeySensor): task_is_file_in_s3_available> on 2025-04-05 13:36:03.211444+00:00
[2025-04-05T13:36:12.445+0000] {standard_task_runner.py:72} INFO - Started process 11229 to run task
[2025-04-05T13:36:12.448+0000] {standard_task_runner.py:104} INFO - Running: ['airflow', 'tasks', 'run', 'zillow_analytics', 'task_is_file_in_s3_available', 'manual__2025-04-05T13:36:03.211444+00:00', '--job-id', '46', '--raw', '--subdir', 'DAGS_FOLDER/zillowanalytics.py', '--cfg-path', '/tmp/tmp72tluop9']
[2025-04-05T13:36:12.449+0000] {standard_task_runner.py:105} INFO - Job 46: Subtask task_is_file_in_s3_available
[2025-04-05T13:36:12.484+0000] {task_command.py:467} INFO - Running <TaskInstance: zillow_analytics.task_is_file_in_s3_available manual__2025-04-05T13:36:03.211444+00:00 [running]> on host ip-172-31-1-5.ap-southeast-2.compute.internal
[2025-04-05T13:36:12.550+0000] {taskinstance.py:3134} INFO - Exporting env vars: AIRFLOW_CTX_DAG_OWNER='airflow' AIRFLOW_CTX_DAG_ID='zillow_analytics' AIRFLOW_CTX_TASK_ID='task_is_file_in_s3_available' AIRFLOW_CTX_EXECUTION_DATE='2025-04-05T13:36:03.211444+00:00' AIRFLOW_CTX_TRY_NUMBER='1' AIRFLOW_CTX_DAG_RUN_ID='manual__2025-04-05T13:36:03.211444+00:00'
[2025-04-05T13:36:12.550+0000] {taskinstance.py:732} INFO - ::endgroup::
[2025-04-05T13:36:12.560+0000] {baseoperator.py:423} WARNING - S3KeySensor.execute cannot be called outside TaskInstance!
[2025-04-05T13:36:12.561+0000] {s3.py:117} INFO - Poking for key : s3://cleaned-data-zone-csv-bucket-gista/response_data_2025-04-05T133605.csv
[2025-04-05T13:36:12.565+0000] {base.py:84} INFO - Retrieving connection 'aws_s3_conn'
[2025-04-05T13:36:12.565+0000] {connection_wrapper.py:325} INFO - AWS Connection (conn_id='aws_s3_conn', conn_type='aws') credentials retrieved from login and password.
[2025-04-05T13:36:18.455+0000] {s3.py:117} INFO - Poking for key : s3://cleaned-data-zone-csv-bucket-gista/response_data_2025-04-05T133605.csv
[2025-04-05T13:36:23.466+0000] {s3.py:117} INFO - Poking for key : s3://cleaned-data-zone-csv-bucket-gista/response_data_2025-04-05T133605.csv
[2025-04-05T13:36:23.479+0000] {base.py:339} INFO - Success criteria met. Exiting.
[2025-04-05T13:36:23.483+0000] {taskinstance.py:341} INFO - ::group::Post task execution logs
[2025-04-05T13:36:23.484+0000] {taskinstance.py:353} INFO - Marking task as SUCCESS. dag_id=zillow_analytics, task_id=task_is_file_in_s3_available, run_id=manual__2025-04-05T13:36:03.211444+00:00, execution_date=20250405T133603, start_date=20250405T133612, end_date=20250405T133623
[2025-04-05T13:36:23.529+0000] {local_task_job_runner.py:266} INFO - Task exited with return code 0
[2025-04-05T13:36:23.541+0000] {taskinstance.py:3901} INFO - 1 downstream tasks scheduled from follow-on schedule check
[2025-04-05T13:36:23.548+0000] {local_task_job_runner.py:245} INFO - ::endgroup::
