[2025-04-05T12:02:34.032+0000] {local_task_job_runner.py:123} INFO - ::group::Pre task execution logs
[2025-04-05T12:02:34.039+0000] {taskinstance.py:2614} INFO - Dependencies all met for dep_context=non-requeueable deps ti=<TaskInstance: zillow_analytics.task_is_file_in_s3_available manual__2025-04-05T12:02:28.137055+00:00 [queued]>
[2025-04-05T12:02:34.046+0000] {taskinstance.py:2614} INFO - Dependencies all met for dep_context=requeueable deps ti=<TaskInstance: zillow_analytics.task_is_file_in_s3_available manual__2025-04-05T12:02:28.137055+00:00 [queued]>
[2025-04-05T12:02:34.046+0000] {taskinstance.py:2867} INFO - Starting attempt 1 of 1
[2025-04-05T12:02:34.060+0000] {taskinstance.py:2890} INFO - Executing <Task(S3KeySensor): task_is_file_in_s3_available> on 2025-04-05 12:02:28.137055+00:00
[2025-04-05T12:02:34.063+0000] {standard_task_runner.py:72} INFO - Started process 10534 to run task
[2025-04-05T12:02:34.067+0000] {standard_task_runner.py:104} INFO - Running: ['airflow', 'tasks', 'run', 'zillow_analytics', 'task_is_file_in_s3_available', 'manual__2025-04-05T12:02:28.137055+00:00', '--job-id', '24', '--raw', '--subdir', 'DAGS_FOLDER/zillowanalytics.py', '--cfg-path', '/tmp/tmpmytefi_l']
[2025-04-05T12:02:34.068+0000] {standard_task_runner.py:105} INFO - Job 24: Subtask task_is_file_in_s3_available
[2025-04-05T12:02:34.102+0000] {task_command.py:467} INFO - Running <TaskInstance: zillow_analytics.task_is_file_in_s3_available manual__2025-04-05T12:02:28.137055+00:00 [running]> on host ip-172-31-1-5.ap-southeast-2.compute.internal
[2025-04-05T12:02:34.169+0000] {taskinstance.py:3134} INFO - Exporting env vars: AIRFLOW_CTX_DAG_OWNER='airflow' AIRFLOW_CTX_DAG_ID='zillow_analytics' AIRFLOW_CTX_TASK_ID='task_is_file_in_s3_available' AIRFLOW_CTX_EXECUTION_DATE='2025-04-05T12:02:28.137055+00:00' AIRFLOW_CTX_TRY_NUMBER='1' AIRFLOW_CTX_DAG_RUN_ID='manual__2025-04-05T12:02:28.137055+00:00'
[2025-04-05T12:02:34.169+0000] {taskinstance.py:732} INFO - ::endgroup::
[2025-04-05T12:02:34.179+0000] {baseoperator.py:423} WARNING - S3KeySensor.execute cannot be called outside TaskInstance!
[2025-04-05T12:02:34.179+0000] {s3.py:117} INFO - Poking for key : s3://cleaned-data-zone-csv-bucket-gista/response_data_2025-04-05T120230.csv
[2025-04-05T12:02:34.183+0000] {base_aws.py:608} WARNING - Unable to find AWS Connection ID 'aws_s3_conn', switching to empty.
[2025-04-05T12:02:34.184+0000] {base_aws.py:182} INFO - No connection ID provided. Fallback on boto3 credential strategy (region_name=None). See: https://boto3.amazonaws.com/v1/documentation/api/latest/guide/configuration.html
[2025-04-05T12:02:34.311+0000] {credentials.py:1132} INFO - Found credentials from IAM Role: ec2serveraccesstos3
[2025-04-05T12:02:40.101+0000] {s3.py:117} INFO - Poking for key : s3://cleaned-data-zone-csv-bucket-gista/response_data_2025-04-05T120230.csv
[2025-04-05T12:02:45.111+0000] {s3.py:117} INFO - Poking for key : s3://cleaned-data-zone-csv-bucket-gista/response_data_2025-04-05T120230.csv
[2025-04-05T12:02:50.124+0000] {s3.py:117} INFO - Poking for key : s3://cleaned-data-zone-csv-bucket-gista/response_data_2025-04-05T120230.csv
[2025-04-05T12:02:55.133+0000] {s3.py:117} INFO - Poking for key : s3://cleaned-data-zone-csv-bucket-gista/response_data_2025-04-05T120230.csv
[2025-04-05T12:03:00.142+0000] {s3.py:117} INFO - Poking for key : s3://cleaned-data-zone-csv-bucket-gista/response_data_2025-04-05T120230.csv
[2025-04-05T12:03:05.151+0000] {s3.py:117} INFO - Poking for key : s3://cleaned-data-zone-csv-bucket-gista/response_data_2025-04-05T120230.csv
[2025-04-05T12:03:10.162+0000] {s3.py:117} INFO - Poking for key : s3://cleaned-data-zone-csv-bucket-gista/response_data_2025-04-05T120230.csv
[2025-04-05T12:03:15.170+0000] {s3.py:117} INFO - Poking for key : s3://cleaned-data-zone-csv-bucket-gista/response_data_2025-04-05T120230.csv
[2025-04-05T12:03:20.180+0000] {s3.py:117} INFO - Poking for key : s3://cleaned-data-zone-csv-bucket-gista/response_data_2025-04-05T120230.csv
[2025-04-05T12:03:25.191+0000] {s3.py:117} INFO - Poking for key : s3://cleaned-data-zone-csv-bucket-gista/response_data_2025-04-05T120230.csv
[2025-04-05T12:03:30.202+0000] {s3.py:117} INFO - Poking for key : s3://cleaned-data-zone-csv-bucket-gista/response_data_2025-04-05T120230.csv
[2025-04-05T12:03:35.211+0000] {s3.py:117} INFO - Poking for key : s3://cleaned-data-zone-csv-bucket-gista/response_data_2025-04-05T120230.csv
[2025-04-05T12:03:40.220+0000] {s3.py:117} INFO - Poking for key : s3://cleaned-data-zone-csv-bucket-gista/response_data_2025-04-05T120230.csv
[2025-04-05T12:03:45.229+0000] {s3.py:117} INFO - Poking for key : s3://cleaned-data-zone-csv-bucket-gista/response_data_2025-04-05T120230.csv
[2025-04-05T12:03:50.238+0000] {s3.py:117} INFO - Poking for key : s3://cleaned-data-zone-csv-bucket-gista/response_data_2025-04-05T120230.csv
[2025-04-05T12:03:55.249+0000] {s3.py:117} INFO - Poking for key : s3://cleaned-data-zone-csv-bucket-gista/response_data_2025-04-05T120230.csv
[2025-04-05T12:04:00.258+0000] {s3.py:117} INFO - Poking for key : s3://cleaned-data-zone-csv-bucket-gista/response_data_2025-04-05T120230.csv
[2025-04-05T12:04:05.269+0000] {s3.py:117} INFO - Poking for key : s3://cleaned-data-zone-csv-bucket-gista/response_data_2025-04-05T120230.csv
[2025-04-05T12:04:10.279+0000] {s3.py:117} INFO - Poking for key : s3://cleaned-data-zone-csv-bucket-gista/response_data_2025-04-05T120230.csv
[2025-04-05T12:04:15.290+0000] {s3.py:117} INFO - Poking for key : s3://cleaned-data-zone-csv-bucket-gista/response_data_2025-04-05T120230.csv
[2025-04-05T12:04:20.304+0000] {s3.py:117} INFO - Poking for key : s3://cleaned-data-zone-csv-bucket-gista/response_data_2025-04-05T120230.csv
[2025-04-05T12:04:25.324+0000] {s3.py:117} INFO - Poking for key : s3://cleaned-data-zone-csv-bucket-gista/response_data_2025-04-05T120230.csv
[2025-04-05T12:04:30.333+0000] {s3.py:117} INFO - Poking for key : s3://cleaned-data-zone-csv-bucket-gista/response_data_2025-04-05T120230.csv
[2025-04-05T12:04:35.342+0000] {s3.py:117} INFO - Poking for key : s3://cleaned-data-zone-csv-bucket-gista/response_data_2025-04-05T120230.csv
[2025-04-05T12:04:35.353+0000] {taskinstance.py:3313} ERROR - Task failed with exception
Traceback (most recent call last):
  File "/home/ubuntu/venv/lib/python3.12/site-packages/airflow/models/taskinstance.py", line 768, in _execute_task
    result = _execute_callable(context=context, **execute_callable_kwargs)
             ^^^^^^^^^^^^^^^^^^^^^^^^^^^^^^^^^^^^^^^^^^^^^^^^^^^^^^^^^^^^^
  File "/home/ubuntu/venv/lib/python3.12/site-packages/airflow/models/taskinstance.py", line 734, in _execute_callable
    return ExecutionCallableRunner(
           ^^^^^^^^^^^^^^^^^^^^^^^^
  File "/home/ubuntu/venv/lib/python3.12/site-packages/airflow/utils/operator_helpers.py", line 252, in run
    return self.func(*args, **kwargs)
           ^^^^^^^^^^^^^^^^^^^^^^^^^^
  File "/home/ubuntu/venv/lib/python3.12/site-packages/airflow/models/baseoperator.py", line 424, in wrapper
    return func(self, *args, **kwargs)
           ^^^^^^^^^^^^^^^^^^^^^^^^^^^
  File "/home/ubuntu/venv/lib/python3.12/site-packages/airflow/providers/amazon/aws/sensors/s3.py", line 188, in execute
    super().execute(context)
  File "/home/ubuntu/venv/lib/python3.12/site-packages/airflow/models/baseoperator.py", line 424, in wrapper
    return func(self, *args, **kwargs)
           ^^^^^^^^^^^^^^^^^^^^^^^^^^^
  File "/home/ubuntu/venv/lib/python3.12/site-packages/airflow/sensors/base.py", line 326, in execute
    raise AirflowSensorTimeout(message)
airflow.exceptions.AirflowSensorTimeout: Sensor has timed out; run duration of 121.17407615699994 seconds exceeds the specified timeout of 120.0.
[2025-04-05T12:04:35.357+0000] {taskinstance.py:1226} INFO - Immediate failure requested. Marking task as FAILED. dag_id=zillow_analytics, task_id=task_is_file_in_s3_available, run_id=manual__2025-04-05T12:02:28.137055+00:00, execution_date=20250405T120228, start_date=20250405T120234, end_date=20250405T120435
[2025-04-05T12:04:35.379+0000] {taskinstance.py:341} INFO - ::group::Post task execution logs
[2025-04-05T12:04:35.379+0000] {standard_task_runner.py:124} ERROR - Failed to execute job 24 for task task_is_file_in_s3_available (Sensor has timed out; run duration of 121.17407615699994 seconds exceeds the specified timeout of 120.0.; 10534)
Traceback (most recent call last):
  File "/home/ubuntu/venv/lib/python3.12/site-packages/airflow/task/task_runner/standard_task_runner.py", line 117, in _start_by_fork
    ret = args.func(args, dag=self.dag)
          ^^^^^^^^^^^^^^^^^^^^^^^^^^^^^
  File "/home/ubuntu/venv/lib/python3.12/site-packages/airflow/cli/cli_config.py", line 49, in command
    return func(*args, **kwargs)
           ^^^^^^^^^^^^^^^^^^^^^
  File "/home/ubuntu/venv/lib/python3.12/site-packages/airflow/utils/cli.py", line 116, in wrapper
    return f(*args, **kwargs)
           ^^^^^^^^^^^^^^^^^^
  File "/home/ubuntu/venv/lib/python3.12/site-packages/airflow/cli/commands/task_command.py", line 483, in task_run
    task_return_code = _run_task_by_selected_method(args, _dag, ti)
                       ^^^^^^^^^^^^^^^^^^^^^^^^^^^^^^^^^^^^^^^^^^^^
  File "/home/ubuntu/venv/lib/python3.12/site-packages/airflow/cli/commands/task_command.py", line 256, in _run_task_by_selected_method
    return _run_raw_task(args, ti)
           ^^^^^^^^^^^^^^^^^^^^^^^
  File "/home/ubuntu/venv/lib/python3.12/site-packages/airflow/cli/commands/task_command.py", line 341, in _run_raw_task
    return ti._run_raw_task(
           ^^^^^^^^^^^^^^^^^
  File "/home/ubuntu/venv/lib/python3.12/site-packages/airflow/utils/session.py", line 97, in wrapper
    return func(*args, session=session, **kwargs)
           ^^^^^^^^^^^^^^^^^^^^^^^^^^^^^^^^^^^^^^
  File "/home/ubuntu/venv/lib/python3.12/site-packages/airflow/models/taskinstance.py", line 3006, in _run_raw_task
    return _run_raw_task(
           ^^^^^^^^^^^^^^
  File "/home/ubuntu/venv/lib/python3.12/site-packages/airflow/models/taskinstance.py", line 274, in _run_raw_task
    TaskInstance._execute_task_with_callbacks(
  File "/home/ubuntu/venv/lib/python3.12/site-packages/airflow/models/taskinstance.py", line 3161, in _execute_task_with_callbacks
    result = self._execute_task(context, task_orig)
             ^^^^^^^^^^^^^^^^^^^^^^^^^^^^^^^^^^^^^^
  File "/home/ubuntu/venv/lib/python3.12/site-packages/airflow/models/taskinstance.py", line 3185, in _execute_task
    return _execute_task(self, context, task_orig)
           ^^^^^^^^^^^^^^^^^^^^^^^^^^^^^^^^^^^^^^^
  File "/home/ubuntu/venv/lib/python3.12/site-packages/airflow/models/taskinstance.py", line 768, in _execute_task
    result = _execute_callable(context=context, **execute_callable_kwargs)
             ^^^^^^^^^^^^^^^^^^^^^^^^^^^^^^^^^^^^^^^^^^^^^^^^^^^^^^^^^^^^^
  File "/home/ubuntu/venv/lib/python3.12/site-packages/airflow/models/taskinstance.py", line 734, in _execute_callable
    return ExecutionCallableRunner(
           ^^^^^^^^^^^^^^^^^^^^^^^^
  File "/home/ubuntu/venv/lib/python3.12/site-packages/airflow/utils/operator_helpers.py", line 252, in run
    return self.func(*args, **kwargs)
           ^^^^^^^^^^^^^^^^^^^^^^^^^^
  File "/home/ubuntu/venv/lib/python3.12/site-packages/airflow/models/baseoperator.py", line 424, in wrapper
    return func(self, *args, **kwargs)
           ^^^^^^^^^^^^^^^^^^^^^^^^^^^
  File "/home/ubuntu/venv/lib/python3.12/site-packages/airflow/providers/amazon/aws/sensors/s3.py", line 188, in execute
    super().execute(context)
  File "/home/ubuntu/venv/lib/python3.12/site-packages/airflow/models/baseoperator.py", line 424, in wrapper
    return func(self, *args, **kwargs)
           ^^^^^^^^^^^^^^^^^^^^^^^^^^^
  File "/home/ubuntu/venv/lib/python3.12/site-packages/airflow/sensors/base.py", line 326, in execute
    raise AirflowSensorTimeout(message)
airflow.exceptions.AirflowSensorTimeout: Sensor has timed out; run duration of 121.17407615699994 seconds exceeds the specified timeout of 120.0.
[2025-04-05T12:04:35.403+0000] {local_task_job_runner.py:266} INFO - Task exited with return code 1
[2025-04-05T12:04:35.410+0000] {taskinstance.py:3901} INFO - 0 downstream tasks scheduled from follow-on schedule check
[2025-04-05T12:04:35.411+0000] {local_task_job_runner.py:245} INFO - ::endgroup::
