2025-04-05 10:27:41.600 [info] [main] Log level: Info
2025-04-05 10:27:41.600 [info] [main] Validating found git in: "git"
2025-04-05 10:27:41.600 [info] [main] Using git "2.43.0" from "git"
2025-04-05 10:27:41.600 [info] [Model][doInitialScan] Initial repository scan started
2025-04-05 10:27:41.616 [info] > git rev-parse --show-toplevel [31ms]
2025-04-05 10:27:41.616 [info] fatal: not a git repository (or any of the parent directories): .git
2025-04-05 10:27:41.635 [info] > git rev-parse --show-toplevel [3ms]
2025-04-05 10:27:41.635 [info] fatal: not a git repository (or any of the parent directories): .git
2025-04-05 10:27:41.668 [info] > git rev-parse --show-toplevel [26ms]
2025-04-05 10:27:41.668 [info] fatal: not a git repository (or any of the parent directories): .git
2025-04-05 10:27:41.677 [info] > git rev-parse --show-toplevel [2ms]
2025-04-05 10:27:41.677 [info] fatal: not a git repository (or any of the parent directories): .git
2025-04-05 10:27:41.690 [info] > git rev-parse --show-toplevel [6ms]
2025-04-05 10:27:41.690 [info] fatal: not a git repository (or any of the parent directories): .git
2025-04-05 10:27:41.696 [info] > git rev-parse --show-toplevel [1ms]
2025-04-05 10:27:41.696 [info] fatal: not a git repository (or any of the parent directories): .git
2025-04-05 10:27:41.702 [info] > git rev-parse --show-toplevel [1ms]
2025-04-05 10:27:41.702 [info] fatal: not a git repository (or any of the parent directories): .git
2025-04-05 10:27:41.706 [info] [Model][doInitialScan] Initial repository scan completed - repositories (0), closed repositories (0), parent repositories (0), unsafe repositories (0)
2025-04-05 11:42:11.587 [info] > git rev-parse --show-toplevel [0ms]
2025-04-05 11:42:11.587 [info] fatal: not a git repository (or any of the parent directories): .git
2025-04-05 11:50:03.773 [info] > git rev-parse --show-toplevel [2ms]
2025-04-05 11:50:03.773 [info] fatal: not a git repository (or any of the parent directories): .git
2025-04-05 14:17:18.514 [info] > git rev-parse --show-toplevel [2ms]
2025-04-05 14:17:18.514 [info] fatal: not a git repository (or any of the parent directories): .git
2025-04-05 14:17:29.534 [info] > git rev-parse --show-toplevel [1ms]
2025-04-05 14:17:29.534 [info] fatal: not a git repository (or any of the parent directories): .git
2025-04-05 14:19:14.405 [info] > git rev-parse --show-toplevel [1ms]
2025-04-05 14:19:14.414 [info] > git rev-parse --git-dir --git-common-dir [1ms]
2025-04-05 14:19:14.426 [info] [Model][openRepository] Opened repository: /home/ubuntu
2025-04-05 14:19:14.447 [info] [Git][getRemotes] No remotes found in the git config file
2025-04-05 14:19:14.447 [info] > git config --get commit.template [8ms]
2025-04-05 14:19:14.448 [info] > git for-each-ref --format=%(refname)%00%(upstream:short)%00%(objectname)%00%(upstream:track)%00%(upstream:remotename)%00%(upstream:remoteref) refs/heads/master refs/remotes/master [2ms]
2025-04-05 14:19:14.448 [warning] [Git][getBranch] No such branch: master
2025-04-05 14:19:14.461 [info] > git for-each-ref --sort -committerdate --format %(refname)%00%(objectname)%00%(*objectname) [1ms]
2025-04-05 14:19:14.902 [info] > git status -z -uall [449ms] (cancelled)
2025-04-05 14:19:16.445 [info] > git show --textconv :airflow/dags/zillowanalytics.py [10ms]
2025-04-05 14:19:16.445 [info] > git for-each-ref --format=%(refname)%00%(upstream:short)%00%(objectname)%00%(upstream:track)%00%(upstream:remotename)%00%(upstream:remoteref) refs/heads/master refs/remotes/master [1423ms]
2025-04-05 14:19:16.445 [warning] [Git][getBranch] No such branch: master
2025-04-05 14:19:16.445 [error] [GitHistoryProvider][resolveHEADMergeBase] Failed to resolve merge base for master: Error: No such branch: master.
2025-04-05 14:19:16.459 [info] > git ls-files --stage -- airflow/dags/zillowanalytics.py [17ms]
2025-04-05 14:19:16.472 [info] > git config --get commit.template [46ms]
2025-04-05 14:19:16.473 [info] > git check-ignore -v -z --stdin [15ms]
2025-04-05 14:19:16.474 [info] > git hash-object -t tree /dev/null [3ms]
2025-04-05 14:19:16.474 [warning] [GitFileSystemProvider][readFile] File not found - git:/home/ubuntu/airflow/dags/zillowanalytics.py.git?%7B%22path%22%3A%22%2Fhome%2Fubuntu%2Fairflow%2Fdags%2Fzillowanalytics.py%22%2C%22ref%22%3A%22%22%7D
2025-04-05 14:19:16.485 [info] > git hash-object -t tree /dev/null [20ms]
2025-04-05 14:19:16.485 [warning] [GitFileSystemProvider][stat] File not found - git:/home/ubuntu/airflow/dags/zillowanalytics.py.git?%7B%22path%22%3A%22%2Fhome%2Fubuntu%2Fairflow%2Fdags%2Fzillowanalytics.py%22%2C%22ref%22%3A%22%22%7D
2025-04-05 14:19:16.493 [info] [Git][getRemotes] No remotes found in the git config file
2025-04-05 14:19:16.496 [info] > git for-each-ref --format=%(refname)%00%(upstream:short)%00%(objectname)%00%(upstream:track)%00%(upstream:remotename)%00%(upstream:remoteref) refs/heads/master refs/remotes/master [3ms]
2025-04-05 14:19:16.496 [warning] [Git][getBranch] No such branch: master
2025-04-05 14:19:16.509 [info] > git for-each-ref --sort -committerdate --format %(refname)%00%(objectname)%00%(*objectname) [0ms]
2025-04-05 14:19:16.711 [info] > git status -z -uall [209ms] (cancelled)
2025-04-05 14:20:08.696 [info] > git check-ignore -v -z --stdin [1ms]
2025-04-05 14:20:09.803 [info] > git check-ignore -v -z --stdin [2ms]
2025-04-05 14:23:21.008 [info] > git config --get commit.template [1ms]
2025-04-05 14:23:21.018 [info] [Git][getRemotes] No remotes found in the git config file
2025-04-05 14:23:21.027 [info] > git for-each-ref --format=%(refname)%00%(upstream:short)%00%(objectname)%00%(upstream:track)%00%(upstream:remotename)%00%(upstream:remoteref) refs/heads/master refs/remotes/master [9ms]
2025-04-05 14:23:21.054 [info] > git for-each-ref --sort -committerdate --format %(refname)%00%(objectname)%00%(*objectname) [2ms]
2025-04-05 14:23:21.251 [info] > git status -z -uall [214ms]
2025-04-05 14:23:21.977 [info] > git show --textconv :airflow/dags/zillowanalytics.py [19ms]
2025-04-05 14:23:21.980 [info] > git ls-files --stage -- airflow/dags/zillowanalytics.py [9ms]
2025-04-05 14:23:21.993 [info] > git cat-file -s e68c8815ddd66010efe374bd9cf7c72a26c7e5a1 [0ms]
2025-04-05 14:23:22.427 [info] > git blame --root --incremental c2e5ffb9e24b0fb22eb68de142895404b285b08a -- airflow/dags/zillowanalytics.py [2ms]
2025-04-05 14:23:53.377 [info] [Git][getRemotes] No remotes found in the git config file
2025-04-05 14:23:53.385 [info] > git config --get commit.template [7ms]
2025-04-05 14:23:53.387 [info] > git for-each-ref --format=%(refname)%00%(upstream:short)%00%(objectname)%00%(upstream:track)%00%(upstream:remotename)%00%(upstream:remoteref) refs/heads/master refs/remotes/master [3ms]
2025-04-05 14:23:53.400 [info] > git for-each-ref --sort -committerdate --format %(refname)%00%(objectname)%00%(*objectname) [3ms]
2025-04-05 14:23:54.244 [info] > git status -z -uall [852ms]
2025-04-05 14:24:00.923 [info] > git config --get commit.template [2ms]
2025-04-05 14:24:00.924 [info] [Git][getRemotes] No remotes found in the git config file
2025-04-05 14:24:00.929 [info] > git for-each-ref --format=%(refname)%00%(upstream:short)%00%(objectname)%00%(upstream:track)%00%(upstream:remotename)%00%(upstream:remoteref) refs/heads/master refs/remotes/master [1ms]
2025-04-05 14:24:00.942 [info] > git for-each-ref --sort -committerdate --format %(refname)%00%(objectname)%00%(*objectname) [2ms]
2025-04-05 14:24:01.069 [info] > git status -z -uall [135ms]
2025-04-05 14:24:07.131 [info] > git config --get commit.template [10ms]
2025-04-05 14:24:07.131 [info] > git for-each-ref --format=%(refname)%00%(upstream:short)%00%(objectname)%00%(upstream:track)%00%(upstream:remotename)%00%(upstream:remoteref) refs/heads/master refs/remotes/master [2ms]
2025-04-05 14:24:07.147 [info] > git for-each-ref --sort -committerdate --format %(refname)%00%(objectname)%00%(*objectname) [1ms]
2025-04-05 14:24:07.273 [info] > git status -z -uall [137ms]
2025-04-05 14:24:07.303 [info] > git ls-files --stage -- airflow/dags/zillowanalytics.py [10ms]
2025-04-05 14:24:07.314 [info] > git cat-file -s e68c8815ddd66010efe374bd9cf7c72a26c7e5a1 [1ms]
2025-04-05 14:24:07.488 [info] > git show --textconv :airflow/dags/zillowanalytics.py [7ms]
2025-04-05 14:25:57.222 [info] > git config --get commit.template [1ms]
2025-04-05 14:25:57.229 [info] > git for-each-ref --format=%(refname)%00%(upstream:short)%00%(objectname)%00%(upstream:track)%00%(upstream:remotename)%00%(upstream:remoteref) refs/heads/master refs/remotes/master [0ms]
2025-04-05 14:25:57.273 [info] > git for-each-ref --sort -committerdate --format %(refname)%00%(objectname)%00%(*objectname) [33ms]
2025-04-05 14:25:57.369 [info] > git status -z -uall [135ms]
2025-04-05 14:25:57.377 [info] > git ls-files --stage -- airflow/dags/zillowanalytics.py [8ms]
2025-04-05 14:25:57.384 [info] > git cat-file -s e68c8815ddd66010efe374bd9cf7c72a26c7e5a1 [2ms]
2025-04-05 14:25:57.558 [info] > git show --textconv :airflow/dags/zillowanalytics.py [7ms]
2025-04-05 14:26:02.394 [info] > git config --get commit.template [7ms]
2025-04-05 14:26:02.395 [info] > git for-each-ref --format=%(refname)%00%(upstream:short)%00%(objectname)%00%(upstream:track)%00%(upstream:remotename)%00%(upstream:remoteref) refs/heads/master refs/remotes/master [1ms]
2025-04-05 14:26:02.437 [info] > git for-each-ref --sort -committerdate --format %(refname)%00%(objectname)%00%(*objectname) [31ms]
2025-04-05 14:26:02.544 [info] > git status -z -uall [145ms]
2025-04-05 14:26:16.672 [info] > git config --get commit.template [42ms]
2025-04-05 14:26:16.672 [info] > git for-each-ref --format=%(refname)%00%(upstream:short)%00%(objectname)%00%(upstream:track)%00%(upstream:remotename)%00%(upstream:remoteref) refs/heads/master refs/remotes/master [1ms]
2025-04-05 14:26:16.685 [info] > git for-each-ref --sort -committerdate --format %(refname)%00%(objectname)%00%(*objectname) [1ms]
2025-04-05 14:26:16.812 [info] > git status -z -uall [135ms]
2025-04-05 14:26:22.298 [info] > git for-each-ref --format=%(refname)%00%(upstream:short)%00%(objectname)%00%(upstream:track)%00%(upstream:remotename)%00%(upstream:remoteref) refs/heads/master refs/remotes/master [1ms]
2025-04-05 14:26:22.298 [info] > git config --get commit.template [7ms]
2025-04-05 14:26:22.312 [info] > git for-each-ref --sort -committerdate --format %(refname)%00%(objectname)%00%(*objectname) [2ms]
2025-04-05 14:26:22.435 [info] > git status -z -uall [130ms]
2025-04-05 14:26:26.291 [info] > git config --get commit.template [6ms]
2025-04-05 14:26:26.294 [info] > git for-each-ref --format=%(refname)%00%(upstream:short)%00%(objectname)%00%(upstream:track)%00%(upstream:remotename)%00%(upstream:remoteref) refs/heads/master refs/remotes/master [3ms]
2025-04-05 14:26:26.307 [info] > git for-each-ref --sort -committerdate --format %(refname)%00%(objectname)%00%(*objectname) [2ms]
2025-04-05 14:26:26.431 [info] > git status -z -uall [132ms]
2025-04-05 14:26:26.446 [info] > git merge-base refs/heads/master refs/remotes/origin/master [2ms]
2025-04-05 14:26:26.454 [info] > git diff --name-status -z --diff-filter=ADMR c2e5ffb9e24b0fb22eb68de142895404b285b08a...refs/remotes/origin/master [1ms]
2025-04-05 14:26:27.452 [info] > git config --get commit.template [7ms]
2025-04-05 14:26:27.454 [info] > git for-each-ref --format=%(refname)%00%(upstream:short)%00%(objectname)%00%(upstream:track)%00%(upstream:remotename)%00%(upstream:remoteref) refs/heads/master refs/remotes/master [1ms]
2025-04-05 14:26:27.468 [info] > git for-each-ref --sort -committerdate --format %(refname)%00%(objectname)%00%(*objectname) [4ms]
2025-04-05 14:26:27.557 [info] > git ls-files --stage -- airflow/dags/zillowanalytics.py [7ms]
2025-04-05 14:26:27.565 [info] > git cat-file -s e68c8815ddd66010efe374bd9cf7c72a26c7e5a1 [0ms]
2025-04-05 14:26:27.604 [info] > git status -z -uall [144ms]
2025-04-05 14:26:27.765 [info] > git show --textconv :airflow/dags/zillowanalytics.py [8ms]
2025-04-05 14:26:57.323 [info] > git config --get commit.template [3ms]
2025-04-05 14:26:57.330 [info] > git for-each-ref --format=%(refname)%00%(upstream:short)%00%(objectname)%00%(upstream:track)%00%(upstream:remotename)%00%(upstream:remoteref) refs/heads/master refs/remotes/master [1ms]
2025-04-05 14:26:57.345 [info] > git for-each-ref --sort -committerdate --format %(refname)%00%(objectname)%00%(*objectname) [4ms]
2025-04-05 14:26:57.469 [info] > git status -z -uall [134ms]
2025-04-05 14:27:02.483 [info] > git config --get commit.template [2ms]
2025-04-05 14:27:02.492 [info] > git for-each-ref --format=%(refname)%00%(upstream:short)%00%(objectname)%00%(upstream:track)%00%(upstream:remotename)%00%(upstream:remoteref) refs/heads/master refs/remotes/master [2ms]
2025-04-05 14:27:02.520 [info] > git for-each-ref --sort -committerdate --format %(refname)%00%(objectname)%00%(*objectname) [16ms]
2025-04-05 14:27:02.633 [info] > git status -z -uall [135ms]
2025-04-05 14:27:07.650 [info] > git config --get commit.template [6ms]
2025-04-05 14:27:07.651 [info] > git for-each-ref --format=%(refname)%00%(upstream:short)%00%(objectname)%00%(upstream:track)%00%(upstream:remotename)%00%(upstream:remoteref) refs/heads/master refs/remotes/master [2ms]
2025-04-05 14:27:07.668 [info] > git for-each-ref --sort -committerdate --format %(refname)%00%(objectname)%00%(*objectname) [5ms]
2025-04-05 14:27:07.787 [info] > git status -z -uall [130ms]
2025-04-05 14:27:12.803 [info] > git config --get commit.template [5ms]
2025-04-05 14:27:12.804 [info] > git for-each-ref --format=%(refname)%00%(upstream:short)%00%(objectname)%00%(upstream:track)%00%(upstream:remotename)%00%(upstream:remoteref) refs/heads/master refs/remotes/master [2ms]
2025-04-05 14:27:12.824 [info] > git for-each-ref --sort -committerdate --format %(refname)%00%(objectname)%00%(*objectname) [6ms]
2025-04-05 14:27:12.945 [info] > git status -z -uall [133ms]
2025-04-05 14:27:17.962 [info] > git config --get commit.template [6ms]
2025-04-05 14:27:17.964 [info] > git for-each-ref --format=%(refname)%00%(upstream:short)%00%(objectname)%00%(upstream:track)%00%(upstream:remotename)%00%(upstream:remoteref) refs/heads/master refs/remotes/master [2ms]
2025-04-05 14:27:17.977 [info] > git for-each-ref --sort -committerdate --format %(refname)%00%(objectname)%00%(*objectname) [0ms]
2025-04-05 14:27:18.113 [info] > git status -z -uall [143ms]
2025-04-05 14:27:23.504 [info] > git config --get commit.template [1ms]
2025-04-05 14:27:23.512 [info] > git for-each-ref --format=%(refname)%00%(upstream:short)%00%(objectname)%00%(upstream:track)%00%(upstream:remotename)%00%(upstream:remoteref) refs/heads/master refs/remotes/master [1ms]
2025-04-05 14:27:23.526 [info] > git for-each-ref --sort -committerdate --format %(refname)%00%(objectname)%00%(*objectname) [1ms]
2025-04-05 14:27:23.647 [info] > git status -z -uall [128ms]
2025-04-05 14:27:31.467 [info] > git config --get commit.template [6ms]
2025-04-05 14:27:31.469 [info] > git for-each-ref --format=%(refname)%00%(upstream:short)%00%(objectname)%00%(upstream:track)%00%(upstream:remotename)%00%(upstream:remoteref) refs/heads/master refs/remotes/master [2ms]
2025-04-05 14:27:31.482 [info] > git for-each-ref --sort -committerdate --format %(refname)%00%(objectname)%00%(*objectname) [2ms]
2025-04-05 14:27:31.611 [info] > git status -z -uall [136ms]
2025-04-05 14:27:36.629 [info] > git for-each-ref --format=%(refname)%00%(upstream:short)%00%(objectname)%00%(upstream:track)%00%(upstream:remotename)%00%(upstream:remoteref) refs/heads/master refs/remotes/master [2ms]
2025-04-05 14:27:36.629 [info] > git config --get commit.template [9ms]
2025-04-05 14:27:36.645 [info] > git for-each-ref --sort -committerdate --format %(refname)%00%(objectname)%00%(*objectname) [6ms]
2025-04-05 14:27:36.768 [info] > git status -z -uall [134ms]
2025-04-05 14:27:41.783 [info] > git config --get commit.template [5ms]
2025-04-05 14:27:41.784 [info] > git for-each-ref --format=%(refname)%00%(upstream:short)%00%(objectname)%00%(upstream:track)%00%(upstream:remotename)%00%(upstream:remoteref) refs/heads/master refs/remotes/master [2ms]
2025-04-05 14:27:41.800 [info] > git for-each-ref --sort -committerdate --format %(refname)%00%(objectname)%00%(*objectname) [5ms]
2025-04-05 14:27:41.921 [info] > git status -z -uall [132ms]
2025-04-05 14:27:49.756 [info] > git config --get commit.template [6ms]
2025-04-05 14:27:49.756 [info] > git for-each-ref --format=%(refname)%00%(upstream:short)%00%(objectname)%00%(upstream:track)%00%(upstream:remotename)%00%(upstream:remoteref) refs/heads/master refs/remotes/master [1ms]
2025-04-05 14:27:49.777 [info] > git for-each-ref --sort -committerdate --format %(refname)%00%(objectname)%00%(*objectname) [6ms]
2025-04-05 14:27:49.914 [info] > git status -z -uall [152ms]
2025-04-05 14:27:54.930 [info] > git config --get commit.template [6ms]
2025-04-05 14:27:54.931 [info] > git for-each-ref --format=%(refname)%00%(upstream:short)%00%(objectname)%00%(upstream:track)%00%(upstream:remotename)%00%(upstream:remoteref) refs/heads/master refs/remotes/master [2ms]
2025-04-05 14:27:54.943 [info] > git for-each-ref --sort -committerdate --format %(refname)%00%(objectname)%00%(*objectname) [0ms]
2025-04-05 14:27:55.070 [info] > git status -z -uall [134ms]
2025-04-05 14:28:01.509 [info] > git config --get commit.template [7ms]
2025-04-05 14:28:01.509 [info] > git for-each-ref --format=%(refname)%00%(upstream:short)%00%(objectname)%00%(upstream:track)%00%(upstream:remotename)%00%(upstream:remoteref) refs/heads/master refs/remotes/master [2ms]
2025-04-05 14:28:01.542 [info] > git for-each-ref --sort -committerdate --format %(refname)%00%(objectname)%00%(*objectname) [21ms]
2025-04-05 14:28:01.646 [info] > git status -z -uall [131ms]
2025-04-05 14:28:09.085 [info] > git config --get commit.template [6ms]
2025-04-05 14:28:09.086 [info] > git for-each-ref --format=%(refname)%00%(upstream:short)%00%(objectname)%00%(upstream:track)%00%(upstream:remotename)%00%(upstream:remoteref) refs/heads/master refs/remotes/master [2ms]
2025-04-05 14:28:09.117 [info] > git for-each-ref --sort -committerdate --format %(refname)%00%(objectname)%00%(*objectname) [19ms]
2025-04-05 14:28:09.222 [info] > git status -z -uall [129ms]
2025-04-05 14:28:21.021 [info] > git config --get commit.template [0ms]
2025-04-05 14:28:21.030 [info] > git for-each-ref --format=%(refname)%00%(upstream:short)%00%(objectname)%00%(upstream:track)%00%(upstream:remotename)%00%(upstream:remoteref) refs/heads/master refs/remotes/master [2ms]
2025-04-05 14:28:21.046 [info] > git for-each-ref --sort -committerdate --format %(refname)%00%(objectname)%00%(*objectname) [4ms]
2025-04-05 14:28:21.178 [info] > git status -z -uall [142ms]
2025-04-05 14:28:26.195 [info] > git config --get commit.template [6ms]
2025-04-05 14:28:26.197 [info] > git for-each-ref --format=%(refname)%00%(upstream:short)%00%(objectname)%00%(upstream:track)%00%(upstream:remotename)%00%(upstream:remoteref) refs/heads/master refs/remotes/master [2ms]
2025-04-05 14:28:26.214 [info] > git for-each-ref --sort -committerdate --format %(refname)%00%(objectname)%00%(*objectname) [6ms]
2025-04-05 14:28:26.334 [info] > git status -z -uall [132ms]
2025-04-05 14:28:29.071 [info] > git config --get commit.template [2ms]
2025-04-05 14:28:29.078 [info] > git for-each-ref --format=%(refname)%00%(upstream:short)%00%(objectname)%00%(upstream:track)%00%(upstream:remotename)%00%(upstream:remoteref) refs/heads/master refs/remotes/master [2ms]
2025-04-05 14:28:29.091 [info] > git for-each-ref --sort -committerdate --format %(refname)%00%(objectname)%00%(*objectname) [0ms]
2025-04-05 14:28:29.215 [info] > git status -z -uall [131ms]
2025-04-05 14:28:32.272 [info] > git config --get commit.template [5ms]
2025-04-05 14:28:32.273 [info] > git for-each-ref --format=%(refname)%00%(upstream:short)%00%(objectname)%00%(upstream:track)%00%(upstream:remotename)%00%(upstream:remoteref) refs/heads/master refs/remotes/master [1ms]
2025-04-05 14:28:32.290 [info] > git for-each-ref --sort -committerdate --format %(refname)%00%(objectname)%00%(*objectname) [4ms]
2025-04-05 14:28:32.409 [info] > git status -z -uall [130ms]
2025-04-05 14:28:37.425 [info] > git config --get commit.template [5ms]
2025-04-05 14:28:37.427 [info] > git for-each-ref --format=%(refname)%00%(upstream:short)%00%(objectname)%00%(upstream:track)%00%(upstream:remotename)%00%(upstream:remoteref) refs/heads/master refs/remotes/master [3ms]
2025-04-05 14:28:37.444 [info] > git for-each-ref --sort -committerdate --format %(refname)%00%(objectname)%00%(*objectname) [7ms]
2025-04-05 14:28:37.560 [info] > git status -z -uall [128ms]
2025-04-05 14:28:38.034 [info] > git config --get commit.template [6ms]
2025-04-05 14:28:38.036 [info] > git for-each-ref --format=%(refname)%00%(upstream:short)%00%(objectname)%00%(upstream:track)%00%(upstream:remotename)%00%(upstream:remoteref) refs/heads/master refs/remotes/master [2ms]
2025-04-05 14:28:38.054 [info] > git for-each-ref --sort -committerdate --format %(refname)%00%(objectname)%00%(*objectname) [7ms]
2025-04-05 14:28:38.175 [info] > git status -z -uall [133ms]
2025-04-05 14:28:55.145 [info] > git config --get commit.template [6ms]
2025-04-05 14:28:55.146 [info] > git for-each-ref --format=%(refname)%00%(upstream:short)%00%(objectname)%00%(upstream:track)%00%(upstream:remotename)%00%(upstream:remoteref) refs/heads/master refs/remotes/master [1ms]
2025-04-05 14:28:55.163 [info] > git for-each-ref --sort -committerdate --format %(refname)%00%(objectname)%00%(*objectname) [4ms]
2025-04-05 14:28:55.281 [info] > git status -z -uall [129ms]
2025-04-05 14:29:00.299 [info] > git config --get commit.template [7ms]
2025-04-05 14:29:00.300 [info] > git for-each-ref --format=%(refname)%00%(upstream:short)%00%(objectname)%00%(upstream:track)%00%(upstream:remotename)%00%(upstream:remoteref) refs/heads/master refs/remotes/master [2ms]
2025-04-05 14:29:00.313 [info] > git for-each-ref --sort -committerdate --format %(refname)%00%(objectname)%00%(*objectname) [2ms]
2025-04-05 14:29:00.439 [info] > git status -z -uall [134ms]
2025-04-05 14:29:10.661 [info] > git config --get commit.template [1ms]
2025-04-05 14:29:10.668 [info] > git for-each-ref --format=%(refname)%00%(upstream:short)%00%(objectname)%00%(upstream:track)%00%(upstream:remotename)%00%(upstream:remoteref) refs/heads/master refs/remotes/master [1ms]
2025-04-05 14:29:10.682 [info] > git for-each-ref --sort -committerdate --format %(refname)%00%(objectname)%00%(*objectname) [1ms]
2025-04-05 14:29:10.806 [info] > git status -z -uall [132ms]
2025-04-05 14:29:16.601 [info] > git config --get commit.template [1ms]
2025-04-05 14:29:16.609 [info] > git for-each-ref --format=%(refname)%00%(upstream:short)%00%(objectname)%00%(upstream:track)%00%(upstream:remotename)%00%(upstream:remoteref) refs/heads/master refs/remotes/master [1ms]
2025-04-05 14:29:16.634 [info] > git for-each-ref --sort -committerdate --format %(refname)%00%(objectname)%00%(*objectname) [12ms]
2025-04-05 14:29:16.768 [info] > git status -z -uall [152ms]
2025-04-05 14:29:21.781 [info] > git config --get commit.template [2ms]
2025-04-05 14:29:21.788 [info] > git for-each-ref --format=%(refname)%00%(upstream:short)%00%(objectname)%00%(upstream:track)%00%(upstream:remotename)%00%(upstream:remoteref) refs/heads/master refs/remotes/master [1ms]
2025-04-05 14:29:21.801 [info] > git for-each-ref --sort -committerdate --format %(refname)%00%(objectname)%00%(*objectname) [1ms]
2025-04-05 14:29:21.924 [info] > git status -z -uall [129ms]
2025-04-05 14:29:26.939 [info] > git config --get commit.template [7ms]
2025-04-05 14:29:26.940 [info] > git for-each-ref --format=%(refname)%00%(upstream:short)%00%(objectname)%00%(upstream:track)%00%(upstream:remotename)%00%(upstream:remoteref) refs/heads/master refs/remotes/master [1ms]
2025-04-05 14:29:26.961 [info] > git for-each-ref --sort -committerdate --format %(refname)%00%(objectname)%00%(*objectname) [8ms]
2025-04-05 14:29:27.078 [info] > git status -z -uall [131ms]
2025-04-05 14:29:32.855 [info] > git config --get commit.template [6ms]
2025-04-05 14:29:32.856 [info] > git for-each-ref --format=%(refname)%00%(upstream:short)%00%(objectname)%00%(upstream:track)%00%(upstream:remotename)%00%(upstream:remoteref) refs/heads/master refs/remotes/master [1ms]
2025-04-05 14:29:32.870 [info] > git for-each-ref --sort -committerdate --format %(refname)%00%(objectname)%00%(*objectname) [2ms]
2025-04-05 14:29:32.994 [info] > git status -z -uall [132ms]
2025-04-05 14:29:38.011 [info] > git config --get commit.template [6ms]
2025-04-05 14:29:38.012 [info] > git for-each-ref --format=%(refname)%00%(upstream:short)%00%(objectname)%00%(upstream:track)%00%(upstream:remotename)%00%(upstream:remoteref) refs/heads/master refs/remotes/master [2ms]
2025-04-05 14:29:38.025 [info] > git for-each-ref --sort -committerdate --format %(refname)%00%(objectname)%00%(*objectname) [0ms]
2025-04-05 14:29:38.148 [info] > git status -z -uall [130ms]
2025-04-05 14:29:43.159 [info] > git config --get commit.template [2ms]
2025-04-05 14:29:43.166 [info] > git for-each-ref --format=%(refname)%00%(upstream:short)%00%(objectname)%00%(upstream:track)%00%(upstream:remotename)%00%(upstream:remoteref) refs/heads/master refs/remotes/master [2ms]
2025-04-05 14:29:43.192 [info] > git for-each-ref --sort -committerdate --format %(refname)%00%(objectname)%00%(*objectname) [7ms]
2025-04-05 14:29:43.314 [info] > git status -z -uall [141ms]
2025-04-05 14:29:48.333 [info] > git for-each-ref --format=%(refname)%00%(upstream:short)%00%(objectname)%00%(upstream:track)%00%(upstream:remotename)%00%(upstream:remoteref) refs/heads/master refs/remotes/master [1ms]
2025-04-05 14:29:48.333 [info] > git config --get commit.template [10ms]
2025-04-05 14:29:48.352 [info] > git for-each-ref --sort -committerdate --format %(refname)%00%(objectname)%00%(*objectname) [2ms]
2025-04-05 14:29:48.473 [info] > git status -z -uall [133ms]
2025-04-05 14:29:53.490 [info] > git config --get commit.template [6ms]
2025-04-05 14:29:53.492 [info] > git for-each-ref --format=%(refname)%00%(upstream:short)%00%(objectname)%00%(upstream:track)%00%(upstream:remotename)%00%(upstream:remoteref) refs/heads/master refs/remotes/master [2ms]
2025-04-05 14:29:53.508 [info] > git for-each-ref --sort -committerdate --format %(refname)%00%(objectname)%00%(*objectname) [3ms]
2025-04-05 14:29:53.632 [info] > git status -z -uall [134ms]
2025-04-05 14:29:58.651 [info] > git config --get commit.template [7ms]
2025-04-05 14:29:58.652 [info] > git for-each-ref --format=%(refname)%00%(upstream:short)%00%(objectname)%00%(upstream:track)%00%(upstream:remotename)%00%(upstream:remoteref) refs/heads/master refs/remotes/master [2ms]
2025-04-05 14:29:58.694 [info] > git for-each-ref --sort -committerdate --format %(refname)%00%(objectname)%00%(*objectname) [21ms]
2025-04-05 14:29:58.814 [info] > git status -z -uall [157ms]
2025-04-05 14:30:03.835 [info] > git check-ignore -v -z --stdin [15ms]
2025-04-05 14:30:03.835 [info] > git config --get commit.template [3ms]
2025-04-05 14:30:03.843 [info] > git for-each-ref --format=%(refname)%00%(upstream:short)%00%(objectname)%00%(upstream:track)%00%(upstream:remotename)%00%(upstream:remoteref) refs/heads/master refs/remotes/master [2ms]
2025-04-05 14:30:03.860 [info] > git for-each-ref --sort -committerdate --format %(refname)%00%(objectname)%00%(*objectname) [2ms]
2025-04-05 14:30:03.999 [info] > git status -z -uall [150ms]
2025-04-05 14:30:05.569 [info] > git check-ignore -v -z --stdin [9ms]
2025-04-05 14:30:06.680 [info] > git check-ignore -v -z --stdin [9ms]
2025-04-05 14:30:08.449 [info] > git check-ignore -v -z --stdin [8ms]
2025-04-05 14:30:09.010 [info] > git config --get commit.template [1ms]
2025-04-05 14:30:09.017 [info] > git for-each-ref --format=%(refname)%00%(upstream:short)%00%(objectname)%00%(upstream:track)%00%(upstream:remotename)%00%(upstream:remoteref) refs/heads/master refs/remotes/master [2ms]
2025-04-05 14:30:09.034 [info] > git for-each-ref --sort -committerdate --format %(refname)%00%(objectname)%00%(*objectname) [5ms]
2025-04-05 14:30:09.168 [info] > git status -z -uall [144ms]
2025-04-05 14:30:14.184 [info] > git config --get commit.template [7ms]
2025-04-05 14:30:14.184 [info] > git for-each-ref --format=%(refname)%00%(upstream:short)%00%(objectname)%00%(upstream:track)%00%(upstream:remotename)%00%(upstream:remoteref) refs/heads/master refs/remotes/master [1ms]
2025-04-05 14:30:14.217 [info] > git for-each-ref --sort -committerdate --format %(refname)%00%(objectname)%00%(*objectname) [20ms]
2025-04-05 14:30:14.321 [info] > git status -z -uall [130ms]
2025-04-05 14:30:23.609 [info] > git config --get commit.template [8ms]
2025-04-05 14:30:23.610 [info] > git for-each-ref --format=%(refname)%00%(upstream:short)%00%(objectname)%00%(upstream:track)%00%(upstream:remotename)%00%(upstream:remoteref) refs/heads/master refs/remotes/master [2ms]
2025-04-05 14:30:23.625 [info] > git for-each-ref --sort -committerdate --format %(refname)%00%(objectname)%00%(*objectname) [4ms]
2025-04-05 14:30:23.757 [info] > git status -z -uall [142ms]
2025-04-05 14:30:28.774 [info] > git config --get commit.template [6ms]
2025-04-05 14:30:28.776 [info] > git for-each-ref --format=%(refname)%00%(upstream:short)%00%(objectname)%00%(upstream:track)%00%(upstream:remotename)%00%(upstream:remoteref) refs/heads/master refs/remotes/master [3ms]
2025-04-05 14:30:28.793 [info] > git for-each-ref --sort -committerdate --format %(refname)%00%(objectname)%00%(*objectname) [5ms]
2025-04-05 14:30:28.896 [info] > git status -z -uall [114ms]
2025-04-05 14:30:33.966 [info] > git config --get commit.template [7ms]
2025-04-05 14:30:33.966 [info] > git for-each-ref --format=%(refname)%00%(upstream:short)%00%(objectname)%00%(upstream:track)%00%(upstream:remotename)%00%(upstream:remoteref) refs/heads/master refs/remotes/master [1ms]
2025-04-05 14:30:33.985 [info] > git for-each-ref --sort -committerdate --format %(refname)%00%(objectname)%00%(*objectname) [6ms]
2025-04-05 14:30:34.086 [info] > git status -z -uall [113ms]
2025-04-05 14:30:36.608 [info] > git config --get commit.template [6ms]
2025-04-05 14:30:36.610 [info] > git for-each-ref --format=%(refname)%00%(upstream:short)%00%(objectname)%00%(upstream:track)%00%(upstream:remotename)%00%(upstream:remoteref) refs/heads/master refs/remotes/master [2ms]
2025-04-05 14:30:36.625 [info] > git for-each-ref --sort -committerdate --format %(refname)%00%(objectname)%00%(*objectname) [3ms]
2025-04-05 14:30:36.730 [info] > git status -z -uall [114ms]
2025-04-05 14:30:37.919 [info] > git ls-files --stage -- airflow/dags/zillowanalytics.py [7ms]
2025-04-05 14:30:37.925 [info] > git cat-file -s e68c8815ddd66010efe374bd9cf7c72a26c7e5a1 [1ms]
2025-04-05 14:30:38.120 [info] > git show --textconv :airflow/dags/zillowanalytics.py [7ms]
2025-04-05 14:30:39.144 [info] > git config --get commit.template [7ms]
2025-04-05 14:30:39.145 [info] > git for-each-ref --format=%(refname)%00%(upstream:short)%00%(objectname)%00%(upstream:track)%00%(upstream:remotename)%00%(upstream:remoteref) refs/heads/master refs/remotes/master [2ms]
2025-04-05 14:30:39.168 [info] > git for-each-ref --sort -committerdate --format %(refname)%00%(objectname)%00%(*objectname) [2ms]
2025-04-05 14:30:39.269 [info] > git status -z -uall [118ms]
2025-04-05 14:30:44.323 [info] > git config --get commit.template [6ms]
2025-04-05 14:30:44.325 [info] > git for-each-ref --format=%(refname)%00%(upstream:short)%00%(objectname)%00%(upstream:track)%00%(upstream:remotename)%00%(upstream:remoteref) refs/heads/master refs/remotes/master [2ms]
2025-04-05 14:30:44.369 [info] > git for-each-ref --sort -committerdate --format %(refname)%00%(objectname)%00%(*objectname) [31ms]
2025-04-05 14:30:44.446 [info] > git status -z -uall [113ms]
2025-04-05 14:31:13.286 [info] > git config --get commit.template [7ms]
2025-04-05 14:31:13.286 [info] > git for-each-ref --format=%(refname)%00%(upstream:short)%00%(objectname)%00%(upstream:track)%00%(upstream:remotename)%00%(upstream:remoteref) refs/heads/master refs/remotes/master [1ms]
2025-04-05 14:31:13.303 [info] > git for-each-ref --sort -committerdate --format %(refname)%00%(objectname)%00%(*objectname) [3ms]
2025-04-05 14:31:13.409 [info] > git status -z -uall [116ms]
