2025-04-05 02:34:08.580 [info] [main] Log level: Info
2025-04-05 02:34:08.580 [info] [main] Validating found git in: "git"
2025-04-05 02:34:08.580 [info] [main] Using git "2.43.0" from "git"
2025-04-05 02:34:08.580 [info] [Model][doInitialScan] Initial repository scan started
2025-04-05 02:34:08.580 [info] > git rev-parse --show-toplevel [1532ms]
2025-04-05 02:34:08.580 [info] fatal: not a git repository (or any of the parent directories): .git
2025-04-05 02:34:08.582 [info] > git rev-parse --show-toplevel [2ms]
2025-04-05 02:34:08.582 [info] fatal: not a git repository (or any of the parent directories): .git
2025-04-05 02:34:08.586 [info] > git rev-parse --show-toplevel [1ms]
2025-04-05 02:34:08.586 [info] fatal: not a git repository (or any of the parent directories): .git
2025-04-05 02:34:08.591 [info] > git rev-parse --show-toplevel [1ms]
2025-04-05 02:34:08.591 [info] fatal: not a git repository (or any of the parent directories): .git
2025-04-05 02:34:08.593 [info] > git rev-parse --show-toplevel [0ms]
2025-04-05 02:34:08.593 [info] fatal: not a git repository (or any of the parent directories): .git
2025-04-05 02:34:08.596 [info] > git rev-parse --show-toplevel [0ms]
2025-04-05 02:34:08.596 [info] fatal: not a git repository (or any of the parent directories): .git
2025-04-05 02:34:08.601 [info] > git rev-parse --show-toplevel [3ms]
2025-04-05 02:34:08.601 [info] fatal: not a git repository (or any of the parent directories): .git
2025-04-05 02:34:08.605 [info] [Model][doInitialScan] Initial repository scan completed - repositories (0), closed repositories (0), parent repositories (0), unsafe repositories (0)
2025-04-05 02:35:16.109 [info] > git rev-parse --show-toplevel [1ms]
2025-04-05 02:35:16.109 [info] fatal: not a git repository (or any of the parent directories): .git
2025-04-05 02:46:00.833 [info] > git rev-parse --show-toplevel [4ms]
2025-04-05 02:46:00.833 [info] fatal: not a git repository (or any of the parent directories): .git
2025-04-05 02:51:06.695 [info] > git rev-parse --show-toplevel [1ms]
2025-04-05 02:51:06.696 [info] fatal: not a git repository (or any of the parent directories): .git
2025-04-05 03:33:57.717 [info] > git rev-parse --show-toplevel [1ms]
2025-04-05 03:33:57.717 [info] fatal: not a git repository (or any of the parent directories): .git
2025-04-05 03:33:57.806 [info] > git rev-parse --show-toplevel [2ms]
2025-04-05 03:33:57.806 [info] fatal: not a git repository (or any of the parent directories): .git
2025-04-05 03:37:44.985 [info] > git rev-parse --show-toplevel [2ms]
2025-04-05 03:37:44.985 [info] fatal: not a git repository (or any of the parent directories): .git
2025-04-05 03:38:18.703 [info] > git rev-parse --show-toplevel [1ms]
2025-04-05 03:38:18.703 [info] fatal: not a git repository (or any of the parent directories): .git
2025-04-05 03:39:48.456 [info] > git rev-parse --show-toplevel [4ms]
2025-04-05 03:39:48.456 [info] fatal: not a git repository (or any of the parent directories): .git
2025-04-05 03:39:52.665 [info] > git rev-parse --show-toplevel [3ms]
2025-04-05 03:39:52.665 [info] fatal: not a git repository (or any of the parent directories): .git
2025-04-05 03:57:39.799 [info] > git rev-parse --show-toplevel [0ms]
2025-04-05 03:57:39.800 [info] fatal: not a git repository (or any of the parent directories): .git
2025-04-05 04:27:33.270 [info] > git rev-parse --show-toplevel [3ms]
2025-04-05 04:27:33.270 [info] fatal: not a git repository (or any of the parent directories): .git
