[2025-04-05T13:36:09.514+0000] {local_task_job_runner.py:123} INFO - ::group::Pre task execution logs
[2025-04-05T13:36:09.525+0000] {taskinstance.py:2614} INFO - Dependencies all met for dep_context=non-requeueable deps ti=<TaskInstance: zillow_analytics.load_to_s3 manual__2025-04-05T13:36:03.211444+00:00 [queued]>
[2025-04-05T13:36:09.531+0000] {taskinstance.py:2614} INFO - Dependencies all met for dep_context=requeueable deps ti=<TaskInstance: zillow_analytics.load_to_s3 manual__2025-04-05T13:36:03.211444+00:00 [queued]>
[2025-04-05T13:36:09.532+0000] {taskinstance.py:2867} INFO - Starting attempt 1 of 1
[2025-04-05T13:36:09.547+0000] {taskinstance.py:2890} INFO - Executing <Task(BashOperator): load_to_s3> on 2025-04-05 13:36:03.211444+00:00
[2025-04-05T13:36:09.551+0000] {standard_task_runner.py:72} INFO - Started process 11221 to run task
[2025-04-05T13:36:09.554+0000] {standard_task_runner.py:104} INFO - Running: ['airflow', 'tasks', 'run', 'zillow_analytics', 'load_to_s3', 'manual__2025-04-05T13:36:03.211444+00:00', '--job-id', '45', '--raw', '--subdir', 'DAGS_FOLDER/zillowanalytics.py', '--cfg-path', '/tmp/tmp7he_tm8z']
[2025-04-05T13:36:09.555+0000] {standard_task_runner.py:105} INFO - Job 45: Subtask load_to_s3
[2025-04-05T13:36:09.589+0000] {task_command.py:467} INFO - Running <TaskInstance: zillow_analytics.load_to_s3 manual__2025-04-05T13:36:03.211444+00:00 [running]> on host ip-172-31-1-5.ap-southeast-2.compute.internal
[2025-04-05T13:36:09.655+0000] {taskinstance.py:3134} INFO - Exporting env vars: AIRFLOW_CTX_DAG_OWNER='airflow' AIRFLOW_CTX_DAG_ID='zillow_analytics' AIRFLOW_CTX_TASK_ID='load_to_s3' AIRFLOW_CTX_EXECUTION_DATE='2025-04-05T13:36:03.211444+00:00' AIRFLOW_CTX_TRY_NUMBER='1' AIRFLOW_CTX_DAG_RUN_ID='manual__2025-04-05T13:36:03.211444+00:00'
[2025-04-05T13:36:09.655+0000] {taskinstance.py:732} INFO - ::endgroup::
[2025-04-05T13:36:09.666+0000] {subprocess.py:78} INFO - Tmp dir root location: /tmp
[2025-04-05T13:36:09.666+0000] {subprocess.py:88} INFO - Running command: ['/usr/bin/bash', '-c', 'aws s3 mv /home/ubuntu/response_data_2025-04-05T133605.json s3://zillow-data-pipeline-gista']
[2025-04-05T13:36:09.674+0000] {subprocess.py:99} INFO - Output:
[2025-04-05T13:36:10.268+0000] {subprocess.py:106} INFO - Completed 58.5 KiB/58.5 KiB (430.7 KiB/s) with 1 file(s) remainingmove: ../../home/ubuntu/response_data_2025-04-05T133605.json to s3://zillow-data-pipeline-gista/response_data_2025-04-05T133605.json
[2025-04-05T13:36:10.341+0000] {subprocess.py:110} INFO - Command exited with return code 0
[2025-04-05T13:36:10.360+0000] {taskinstance.py:341} INFO - ::group::Post task execution logs
[2025-04-05T13:36:10.360+0000] {taskinstance.py:353} INFO - Marking task as SUCCESS. dag_id=zillow_analytics, task_id=load_to_s3, run_id=manual__2025-04-05T13:36:03.211444+00:00, execution_date=20250405T133603, start_date=20250405T133609, end_date=20250405T133610
[2025-04-05T13:36:10.410+0000] {local_task_job_runner.py:266} INFO - Task exited with return code 0
[2025-04-05T13:36:10.429+0000] {taskinstance.py:3901} INFO - 1 downstream tasks scheduled from follow-on schedule check
[2025-04-05T13:36:10.439+0000] {local_task_job_runner.py:245} INFO - ::endgroup::
