[2025-04-05T12:18:42.404+0000] {local_task_job_runner.py:123} INFO - ::group::Pre task execution logs
[2025-04-05T12:18:42.416+0000] {taskinstance.py:2614} INFO - Dependencies all met for dep_context=non-requeueable deps ti=<TaskInstance: zillow_analytics.task_is_file_in_s3_available manual__2025-04-05T12:18:33.496417+00:00 [queued]>
[2025-04-05T12:18:42.422+0000] {taskinstance.py:2614} INFO - Dependencies all met for dep_context=requeueable deps ti=<TaskInstance: zillow_analytics.task_is_file_in_s3_available manual__2025-04-05T12:18:33.496417+00:00 [queued]>
[2025-04-05T12:18:42.422+0000] {taskinstance.py:2867} INFO - Starting attempt 1 of 1
[2025-04-05T12:18:42.438+0000] {taskinstance.py:2890} INFO - Executing <Task(S3KeySensor): task_is_file_in_s3_available> on 2025-04-05 12:18:33.496417+00:00
[2025-04-05T12:18:42.441+0000] {standard_task_runner.py:72} INFO - Started process 10786 to run task
[2025-04-05T12:18:42.444+0000] {standard_task_runner.py:104} INFO - Running: ['airflow', 'tasks', 'run', 'zillow_analytics', 'task_is_file_in_s3_available', 'manual__2025-04-05T12:18:33.496417+00:00', '--job-id', '37', '--raw', '--subdir', 'DAGS_FOLDER/zillowanalytics.py', '--cfg-path', '/tmp/tmp_yfvw7dt']
[2025-04-05T12:18:42.446+0000] {standard_task_runner.py:105} INFO - Job 37: Subtask task_is_file_in_s3_available
[2025-04-05T12:18:42.480+0000] {task_command.py:467} INFO - Running <TaskInstance: zillow_analytics.task_is_file_in_s3_available manual__2025-04-05T12:18:33.496417+00:00 [running]> on host ip-172-31-1-5.ap-southeast-2.compute.internal
[2025-04-05T12:18:42.546+0000] {taskinstance.py:3134} INFO - Exporting env vars: AIRFLOW_CTX_DAG_OWNER='airflow' AIRFLOW_CTX_DAG_ID='zillow_analytics' AIRFLOW_CTX_TASK_ID='task_is_file_in_s3_available' AIRFLOW_CTX_EXECUTION_DATE='2025-04-05T12:18:33.496417+00:00' AIRFLOW_CTX_TRY_NUMBER='1' AIRFLOW_CTX_DAG_RUN_ID='manual__2025-04-05T12:18:33.496417+00:00'
[2025-04-05T12:18:42.547+0000] {taskinstance.py:732} INFO - ::endgroup::
[2025-04-05T12:18:42.557+0000] {baseoperator.py:423} WARNING - S3KeySensor.execute cannot be called outside TaskInstance!
[2025-04-05T12:18:42.557+0000] {s3.py:117} INFO - Poking for key : s3://cleaned-data-zone-csv-bucket-gista/response_data_2025-04-05T121836.csv
[2025-04-05T12:18:42.561+0000] {base.py:84} INFO - Retrieving connection 'aws_s3_conn'
[2025-04-05T12:18:42.561+0000] {connection_wrapper.py:325} INFO - AWS Connection (conn_id='aws_s3_conn', conn_type='aws') credentials retrieved from login and password.
[2025-04-05T12:18:48.452+0000] {s3.py:117} INFO - Poking for key : s3://cleaned-data-zone-csv-bucket-gista/response_data_2025-04-05T121836.csv
[2025-04-05T12:18:53.464+0000] {s3.py:117} INFO - Poking for key : s3://cleaned-data-zone-csv-bucket-gista/response_data_2025-04-05T121836.csv
[2025-04-05T12:18:58.475+0000] {s3.py:117} INFO - Poking for key : s3://cleaned-data-zone-csv-bucket-gista/response_data_2025-04-05T121836.csv
[2025-04-05T12:19:03.484+0000] {s3.py:117} INFO - Poking for key : s3://cleaned-data-zone-csv-bucket-gista/response_data_2025-04-05T121836.csv
[2025-04-05T12:19:08.494+0000] {s3.py:117} INFO - Poking for key : s3://cleaned-data-zone-csv-bucket-gista/response_data_2025-04-05T121836.csv
[2025-04-05T12:19:13.503+0000] {s3.py:117} INFO - Poking for key : s3://cleaned-data-zone-csv-bucket-gista/response_data_2025-04-05T121836.csv
[2025-04-05T12:19:18.512+0000] {s3.py:117} INFO - Poking for key : s3://cleaned-data-zone-csv-bucket-gista/response_data_2025-04-05T121836.csv
[2025-04-05T12:19:23.521+0000] {s3.py:117} INFO - Poking for key : s3://cleaned-data-zone-csv-bucket-gista/response_data_2025-04-05T121836.csv
[2025-04-05T12:19:28.531+0000] {s3.py:117} INFO - Poking for key : s3://cleaned-data-zone-csv-bucket-gista/response_data_2025-04-05T121836.csv
[2025-04-05T12:19:33.540+0000] {s3.py:117} INFO - Poking for key : s3://cleaned-data-zone-csv-bucket-gista/response_data_2025-04-05T121836.csv
[2025-04-05T12:19:38.549+0000] {s3.py:117} INFO - Poking for key : s3://cleaned-data-zone-csv-bucket-gista/response_data_2025-04-05T121836.csv
[2025-04-05T12:19:43.560+0000] {s3.py:117} INFO - Poking for key : s3://cleaned-data-zone-csv-bucket-gista/response_data_2025-04-05T121836.csv
[2025-04-05T12:19:48.568+0000] {s3.py:117} INFO - Poking for key : s3://cleaned-data-zone-csv-bucket-gista/response_data_2025-04-05T121836.csv
[2025-04-05T12:19:53.578+0000] {s3.py:117} INFO - Poking for key : s3://cleaned-data-zone-csv-bucket-gista/response_data_2025-04-05T121836.csv
[2025-04-05T12:19:58.587+0000] {s3.py:117} INFO - Poking for key : s3://cleaned-data-zone-csv-bucket-gista/response_data_2025-04-05T121836.csv
[2025-04-05T12:20:03.597+0000] {s3.py:117} INFO - Poking for key : s3://cleaned-data-zone-csv-bucket-gista/response_data_2025-04-05T121836.csv
[2025-04-05T12:20:08.606+0000] {s3.py:117} INFO - Poking for key : s3://cleaned-data-zone-csv-bucket-gista/response_data_2025-04-05T121836.csv
[2025-04-05T12:20:13.617+0000] {s3.py:117} INFO - Poking for key : s3://cleaned-data-zone-csv-bucket-gista/response_data_2025-04-05T121836.csv
[2025-04-05T12:20:18.626+0000] {s3.py:117} INFO - Poking for key : s3://cleaned-data-zone-csv-bucket-gista/response_data_2025-04-05T121836.csv
[2025-04-05T12:20:23.637+0000] {s3.py:117} INFO - Poking for key : s3://cleaned-data-zone-csv-bucket-gista/response_data_2025-04-05T121836.csv
[2025-04-05T12:20:28.648+0000] {s3.py:117} INFO - Poking for key : s3://cleaned-data-zone-csv-bucket-gista/response_data_2025-04-05T121836.csv
[2025-04-05T12:20:33.659+0000] {s3.py:117} INFO - Poking for key : s3://cleaned-data-zone-csv-bucket-gista/response_data_2025-04-05T121836.csv
[2025-04-05T12:20:38.668+0000] {s3.py:117} INFO - Poking for key : s3://cleaned-data-zone-csv-bucket-gista/response_data_2025-04-05T121836.csv
[2025-04-05T12:20:43.678+0000] {s3.py:117} INFO - Poking for key : s3://cleaned-data-zone-csv-bucket-gista/response_data_2025-04-05T121836.csv
[2025-04-05T12:20:43.688+0000] {taskinstance.py:3313} ERROR - Task failed with exception
Traceback (most recent call last):
  File "/home/ubuntu/venv/lib/python3.12/site-packages/airflow/models/taskinstance.py", line 768, in _execute_task
    result = _execute_callable(context=context, **execute_callable_kwargs)
             ^^^^^^^^^^^^^^^^^^^^^^^^^^^^^^^^^^^^^^^^^^^^^^^^^^^^^^^^^^^^^
  File "/home/ubuntu/venv/lib/python3.12/site-packages/airflow/models/taskinstance.py", line 734, in _execute_callable
    return ExecutionCallableRunner(
           ^^^^^^^^^^^^^^^^^^^^^^^^
  File "/home/ubuntu/venv/lib/python3.12/site-packages/airflow/utils/operator_helpers.py", line 252, in run
    return self.func(*args, **kwargs)
           ^^^^^^^^^^^^^^^^^^^^^^^^^^
  File "/home/ubuntu/venv/lib/python3.12/site-packages/airflow/models/baseoperator.py", line 424, in wrapper
    return func(self, *args, **kwargs)
           ^^^^^^^^^^^^^^^^^^^^^^^^^^^
  File "/home/ubuntu/venv/lib/python3.12/site-packages/airflow/providers/amazon/aws/sensors/s3.py", line 188, in execute
    super().execute(context)
  File "/home/ubuntu/venv/lib/python3.12/site-packages/airflow/models/baseoperator.py", line 424, in wrapper
    return func(self, *args, **kwargs)
           ^^^^^^^^^^^^^^^^^^^^^^^^^^^
  File "/home/ubuntu/venv/lib/python3.12/site-packages/airflow/sensors/base.py", line 326, in execute
    raise AirflowSensorTimeout(message)
airflow.exceptions.AirflowSensorTimeout: Sensor has timed out; run duration of 121.1310318599999 seconds exceeds the specified timeout of 120.0.
[2025-04-05T12:20:43.692+0000] {taskinstance.py:1226} INFO - Immediate failure requested. Marking task as FAILED. dag_id=zillow_analytics, task_id=task_is_file_in_s3_available, run_id=manual__2025-04-05T12:18:33.496417+00:00, execution_date=20250405T121833, start_date=20250405T121842, end_date=20250405T122043
[2025-04-05T12:20:43.715+0000] {taskinstance.py:341} INFO - ::group::Post task execution logs
[2025-04-05T12:20:43.715+0000] {standard_task_runner.py:124} ERROR - Failed to execute job 37 for task task_is_file_in_s3_available (Sensor has timed out; run duration of 121.1310318599999 seconds exceeds the specified timeout of 120.0.; 10786)
Traceback (most recent call last):
  File "/home/ubuntu/venv/lib/python3.12/site-packages/airflow/task/task_runner/standard_task_runner.py", line 117, in _start_by_fork
    ret = args.func(args, dag=self.dag)
          ^^^^^^^^^^^^^^^^^^^^^^^^^^^^^
  File "/home/ubuntu/venv/lib/python3.12/site-packages/airflow/cli/cli_config.py", line 49, in command
    return func(*args, **kwargs)
           ^^^^^^^^^^^^^^^^^^^^^
  File "/home/ubuntu/venv/lib/python3.12/site-packages/airflow/utils/cli.py", line 116, in wrapper
    return f(*args, **kwargs)
           ^^^^^^^^^^^^^^^^^^
  File "/home/ubuntu/venv/lib/python3.12/site-packages/airflow/cli/commands/task_command.py", line 483, in task_run
    task_return_code = _run_task_by_selected_method(args, _dag, ti)
                       ^^^^^^^^^^^^^^^^^^^^^^^^^^^^^^^^^^^^^^^^^^^^
  File "/home/ubuntu/venv/lib/python3.12/site-packages/airflow/cli/commands/task_command.py", line 256, in _run_task_by_selected_method
    return _run_raw_task(args, ti)
           ^^^^^^^^^^^^^^^^^^^^^^^
  File "/home/ubuntu/venv/lib/python3.12/site-packages/airflow/cli/commands/task_command.py", line 341, in _run_raw_task
    return ti._run_raw_task(
           ^^^^^^^^^^^^^^^^^
  File "/home/ubuntu/venv/lib/python3.12/site-packages/airflow/utils/session.py", line 97, in wrapper
    return func(*args, session=session, **kwargs)
           ^^^^^^^^^^^^^^^^^^^^^^^^^^^^^^^^^^^^^^
  File "/home/ubuntu/venv/lib/python3.12/site-packages/airflow/models/taskinstance.py", line 3006, in _run_raw_task
    return _run_raw_task(
           ^^^^^^^^^^^^^^
  File "/home/ubuntu/venv/lib/python3.12/site-packages/airflow/models/taskinstance.py", line 274, in _run_raw_task
    TaskInstance._execute_task_with_callbacks(
  File "/home/ubuntu/venv/lib/python3.12/site-packages/airflow/models/taskinstance.py", line 3161, in _execute_task_with_callbacks
    result = self._execute_task(context, task_orig)
             ^^^^^^^^^^^^^^^^^^^^^^^^^^^^^^^^^^^^^^
  File "/home/ubuntu/venv/lib/python3.12/site-packages/airflow/models/taskinstance.py", line 3185, in _execute_task
    return _execute_task(self, context, task_orig)
           ^^^^^^^^^^^^^^^^^^^^^^^^^^^^^^^^^^^^^^^
  File "/home/ubuntu/venv/lib/python3.12/site-packages/airflow/models/taskinstance.py", line 768, in _execute_task
    result = _execute_callable(context=context, **execute_callable_kwargs)
             ^^^^^^^^^^^^^^^^^^^^^^^^^^^^^^^^^^^^^^^^^^^^^^^^^^^^^^^^^^^^^
  File "/home/ubuntu/venv/lib/python3.12/site-packages/airflow/models/taskinstance.py", line 734, in _execute_callable
    return ExecutionCallableRunner(
           ^^^^^^^^^^^^^^^^^^^^^^^^
  File "/home/ubuntu/venv/lib/python3.12/site-packages/airflow/utils/operator_helpers.py", line 252, in run
    return self.func(*args, **kwargs)
           ^^^^^^^^^^^^^^^^^^^^^^^^^^
  File "/home/ubuntu/venv/lib/python3.12/site-packages/airflow/models/baseoperator.py", line 424, in wrapper
    return func(self, *args, **kwargs)
           ^^^^^^^^^^^^^^^^^^^^^^^^^^^
  File "/home/ubuntu/venv/lib/python3.12/site-packages/airflow/providers/amazon/aws/sensors/s3.py", line 188, in execute
    super().execute(context)
  File "/home/ubuntu/venv/lib/python3.12/site-packages/airflow/models/baseoperator.py", line 424, in wrapper
    return func(self, *args, **kwargs)
           ^^^^^^^^^^^^^^^^^^^^^^^^^^^
  File "/home/ubuntu/venv/lib/python3.12/site-packages/airflow/sensors/base.py", line 326, in execute
    raise AirflowSensorTimeout(message)
airflow.exceptions.AirflowSensorTimeout: Sensor has timed out; run duration of 121.1310318599999 seconds exceeds the specified timeout of 120.0.
[2025-04-05T12:20:43.743+0000] {local_task_job_runner.py:266} INFO - Task exited with return code 1
[2025-04-05T12:20:43.750+0000] {taskinstance.py:3901} INFO - 0 downstream tasks scheduled from follow-on schedule check
[2025-04-05T12:20:43.751+0000] {local_task_job_runner.py:245} INFO - ::endgroup::
