[2025-04-04T15:18:22.357+0000] {processor.py:186} INFO - Started process (PID=3318) to work on /home/ubuntu/venv/lib/python3.12/site-packages/airflow/example_dags/example_task_group.py
[2025-04-04T15:18:22.358+0000] {processor.py:914} INFO - Processing file /home/ubuntu/venv/lib/python3.12/site-packages/airflow/example_dags/example_task_group.py for tasks to queue
[2025-04-04T15:18:22.359+0000] {logging_mixin.py:190} INFO - [2025-04-04T15:18:22.359+0000] {dagbag.py:588} INFO - Filling up the DagBag from /home/ubuntu/venv/lib/python3.12/site-packages/airflow/example_dags/example_task_group.py
[2025-04-04T15:18:22.368+0000] {processor.py:925} INFO - DAG(s) 'example_task_group' retrieved from /home/ubuntu/venv/lib/python3.12/site-packages/airflow/example_dags/example_task_group.py
[2025-04-04T15:18:22.473+0000] {logging_mixin.py:190} INFO - [2025-04-04T15:18:22.473+0000] {override.py:1930} INFO - Created Permission View: can edit on DAG:example_task_group
[2025-04-04T15:18:22.486+0000] {logging_mixin.py:190} INFO - [2025-04-04T15:18:22.486+0000] {override.py:1930} INFO - Created Permission View: can read on DAG:example_task_group
[2025-04-04T15:18:22.499+0000] {logging_mixin.py:190} INFO - [2025-04-04T15:18:22.498+0000] {override.py:1930} INFO - Created Permission View: can delete on DAG:example_task_group
[2025-04-04T15:18:22.517+0000] {logging_mixin.py:190} INFO - [2025-04-04T15:18:22.517+0000] {override.py:1930} INFO - Created Permission View: can create on DAG Run:example_task_group
[2025-04-04T15:18:22.528+0000] {logging_mixin.py:190} INFO - [2025-04-04T15:18:22.527+0000] {override.py:1930} INFO - Created Permission View: can read on DAG Run:example_task_group
[2025-04-04T15:18:22.539+0000] {logging_mixin.py:190} INFO - [2025-04-04T15:18:22.539+0000] {override.py:1930} INFO - Created Permission View: can delete on DAG Run:example_task_group
[2025-04-04T15:18:22.547+0000] {logging_mixin.py:190} INFO - [2025-04-04T15:18:22.547+0000] {override.py:1930} INFO - Created Permission View: menu access on DAG Run:example_task_group
[2025-04-04T15:18:22.548+0000] {logging_mixin.py:190} INFO - [2025-04-04T15:18:22.547+0000] {dag.py:3239} INFO - Sync 1 DAGs
[2025-04-04T15:18:22.558+0000] {logging_mixin.py:190} INFO - [2025-04-04T15:18:22.558+0000] {dag.py:3262} INFO - Creating ORM DAG for example_task_group
[2025-04-04T15:18:22.559+0000] {logging_mixin.py:190} INFO - [2025-04-04T15:18:22.559+0000] {dag.py:4180} INFO - Setting next_dagrun for example_task_group to None, run_after=None
[2025-04-04T15:18:22.579+0000] {processor.py:208} INFO - Processing /home/ubuntu/venv/lib/python3.12/site-packages/airflow/example_dags/example_task_group.py took 0.227 seconds
[2025-04-04T15:19:26.289+0000] {processor.py:186} INFO - Started process (PID=3378) to work on /home/ubuntu/venv/lib/python3.12/site-packages/airflow/example_dags/example_task_group.py
[2025-04-04T15:19:26.291+0000] {processor.py:914} INFO - Processing file /home/ubuntu/venv/lib/python3.12/site-packages/airflow/example_dags/example_task_group.py for tasks to queue
[2025-04-04T15:19:26.292+0000] {logging_mixin.py:190} INFO - [2025-04-04T15:19:26.292+0000] {dagbag.py:588} INFO - Filling up the DagBag from /home/ubuntu/venv/lib/python3.12/site-packages/airflow/example_dags/example_task_group.py
[2025-04-04T15:19:26.300+0000] {processor.py:925} INFO - DAG(s) 'example_task_group' retrieved from /home/ubuntu/venv/lib/python3.12/site-packages/airflow/example_dags/example_task_group.py
[2025-04-04T15:19:26.316+0000] {logging_mixin.py:190} INFO - [2025-04-04T15:19:26.316+0000] {dag.py:3239} INFO - Sync 1 DAGs
[2025-04-04T15:19:26.326+0000] {logging_mixin.py:190} INFO - [2025-04-04T15:19:26.326+0000] {dag.py:4180} INFO - Setting next_dagrun for example_task_group to None, run_after=None
[2025-04-04T15:19:26.349+0000] {processor.py:208} INFO - Processing /home/ubuntu/venv/lib/python3.12/site-packages/airflow/example_dags/example_task_group.py took 0.065 seconds
[2025-04-04T15:20:21.099+0000] {processor.py:186} INFO - Started process (PID=3443) to work on /home/ubuntu/venv/lib/python3.12/site-packages/airflow/example_dags/example_task_group.py
[2025-04-04T15:20:21.100+0000] {processor.py:914} INFO - Processing file /home/ubuntu/venv/lib/python3.12/site-packages/airflow/example_dags/example_task_group.py for tasks to queue
[2025-04-04T15:20:21.102+0000] {logging_mixin.py:190} INFO - [2025-04-04T15:20:21.102+0000] {dagbag.py:588} INFO - Filling up the DagBag from /home/ubuntu/venv/lib/python3.12/site-packages/airflow/example_dags/example_task_group.py
[2025-04-04T15:20:21.110+0000] {processor.py:925} INFO - DAG(s) 'example_task_group' retrieved from /home/ubuntu/venv/lib/python3.12/site-packages/airflow/example_dags/example_task_group.py
[2025-04-04T15:20:21.126+0000] {logging_mixin.py:190} INFO - [2025-04-04T15:20:21.126+0000] {dag.py:3239} INFO - Sync 1 DAGs
[2025-04-04T15:20:21.137+0000] {logging_mixin.py:190} INFO - [2025-04-04T15:20:21.137+0000] {dag.py:4180} INFO - Setting next_dagrun for example_task_group to None, run_after=None
[2025-04-04T15:20:21.157+0000] {processor.py:208} INFO - Processing /home/ubuntu/venv/lib/python3.12/site-packages/airflow/example_dags/example_task_group.py took 0.064 seconds
[2025-04-04T15:21:11.305+0000] {processor.py:186} INFO - Started process (PID=3498) to work on /home/ubuntu/venv/lib/python3.12/site-packages/airflow/example_dags/example_task_group.py
[2025-04-04T15:21:11.307+0000] {processor.py:914} INFO - Processing file /home/ubuntu/venv/lib/python3.12/site-packages/airflow/example_dags/example_task_group.py for tasks to queue
[2025-04-04T15:21:11.309+0000] {logging_mixin.py:190} INFO - [2025-04-04T15:21:11.308+0000] {dagbag.py:588} INFO - Filling up the DagBag from /home/ubuntu/venv/lib/python3.12/site-packages/airflow/example_dags/example_task_group.py
[2025-04-04T15:21:11.317+0000] {processor.py:925} INFO - DAG(s) 'example_task_group' retrieved from /home/ubuntu/venv/lib/python3.12/site-packages/airflow/example_dags/example_task_group.py
[2025-04-04T15:21:11.333+0000] {logging_mixin.py:190} INFO - [2025-04-04T15:21:11.333+0000] {dag.py:3239} INFO - Sync 1 DAGs
[2025-04-04T15:21:11.344+0000] {logging_mixin.py:190} INFO - [2025-04-04T15:21:11.344+0000] {dag.py:4180} INFO - Setting next_dagrun for example_task_group to None, run_after=None
[2025-04-04T15:21:11.366+0000] {processor.py:208} INFO - Processing /home/ubuntu/venv/lib/python3.12/site-packages/airflow/example_dags/example_task_group.py took 0.066 seconds
[2025-04-04T15:22:04.753+0000] {processor.py:186} INFO - Started process (PID=3818) to work on /home/ubuntu/venv/lib/python3.12/site-packages/airflow/example_dags/example_task_group.py
[2025-04-04T15:22:04.755+0000] {processor.py:914} INFO - Processing file /home/ubuntu/venv/lib/python3.12/site-packages/airflow/example_dags/example_task_group.py for tasks to queue
[2025-04-04T15:22:04.757+0000] {logging_mixin.py:190} INFO - [2025-04-04T15:22:04.756+0000] {dagbag.py:588} INFO - Filling up the DagBag from /home/ubuntu/venv/lib/python3.12/site-packages/airflow/example_dags/example_task_group.py
[2025-04-04T15:22:04.765+0000] {processor.py:925} INFO - DAG(s) 'example_task_group' retrieved from /home/ubuntu/venv/lib/python3.12/site-packages/airflow/example_dags/example_task_group.py
[2025-04-04T15:22:04.781+0000] {logging_mixin.py:190} INFO - [2025-04-04T15:22:04.781+0000] {dag.py:3239} INFO - Sync 1 DAGs
[2025-04-04T15:22:04.791+0000] {logging_mixin.py:190} INFO - [2025-04-04T15:22:04.791+0000] {dag.py:4180} INFO - Setting next_dagrun for example_task_group to None, run_after=None
[2025-04-04T15:22:04.814+0000] {processor.py:208} INFO - Processing /home/ubuntu/venv/lib/python3.12/site-packages/airflow/example_dags/example_task_group.py took 0.065 seconds
