[2025-04-04T15:18:10.717+0000] {processor.py:186} INFO - Started process (PID=3307) to work on /home/ubuntu/venv/lib/python3.12/site-packages/airflow/example_dags/example_time_delta_sensor_async.py
[2025-04-04T15:18:10.717+0000] {processor.py:914} INFO - Processing file /home/ubuntu/venv/lib/python3.12/site-packages/airflow/example_dags/example_time_delta_sensor_async.py for tasks to queue
[2025-04-04T15:18:10.719+0000] {logging_mixin.py:190} INFO - [2025-04-04T15:18:10.718+0000] {dagbag.py:588} INFO - Filling up the DagBag from /home/ubuntu/venv/lib/python3.12/site-packages/airflow/example_dags/example_time_delta_sensor_async.py
[2025-04-04T15:18:10.726+0000] {processor.py:925} INFO - DAG(s) 'example_time_delta_sensor_async' retrieved from /home/ubuntu/venv/lib/python3.12/site-packages/airflow/example_dags/example_time_delta_sensor_async.py
[2025-04-04T15:18:10.833+0000] {logging_mixin.py:190} INFO - [2025-04-04T15:18:10.832+0000] {override.py:1930} INFO - Created Permission View: can edit on DAG:example_time_delta_sensor_async
[2025-04-04T15:18:10.846+0000] {logging_mixin.py:190} INFO - [2025-04-04T15:18:10.846+0000] {override.py:1930} INFO - Created Permission View: can read on DAG:example_time_delta_sensor_async
[2025-04-04T15:18:10.857+0000] {logging_mixin.py:190} INFO - [2025-04-04T15:18:10.856+0000] {override.py:1930} INFO - Created Permission View: can delete on DAG:example_time_delta_sensor_async
[2025-04-04T15:18:10.875+0000] {logging_mixin.py:190} INFO - [2025-04-04T15:18:10.875+0000] {override.py:1930} INFO - Created Permission View: can create on DAG Run:example_time_delta_sensor_async
[2025-04-04T15:18:10.887+0000] {logging_mixin.py:190} INFO - [2025-04-04T15:18:10.886+0000] {override.py:1930} INFO - Created Permission View: can read on DAG Run:example_time_delta_sensor_async
[2025-04-04T15:18:10.898+0000] {logging_mixin.py:190} INFO - [2025-04-04T15:18:10.898+0000] {override.py:1930} INFO - Created Permission View: can delete on DAG Run:example_time_delta_sensor_async
[2025-04-04T15:18:10.909+0000] {logging_mixin.py:190} INFO - [2025-04-04T15:18:10.909+0000] {override.py:1930} INFO - Created Permission View: menu access on DAG Run:example_time_delta_sensor_async
[2025-04-04T15:18:10.909+0000] {logging_mixin.py:190} INFO - [2025-04-04T15:18:10.909+0000] {dag.py:3239} INFO - Sync 1 DAGs
[2025-04-04T15:18:10.919+0000] {logging_mixin.py:190} INFO - [2025-04-04T15:18:10.918+0000] {dag.py:3262} INFO - Creating ORM DAG for example_time_delta_sensor_async
[2025-04-04T15:18:10.919+0000] {logging_mixin.py:190} INFO - [2025-04-04T15:18:10.919+0000] {dag.py:4180} INFO - Setting next_dagrun for example_time_delta_sensor_async to None, run_after=None
[2025-04-04T15:18:10.944+0000] {processor.py:208} INFO - Processing /home/ubuntu/venv/lib/python3.12/site-packages/airflow/example_dags/example_time_delta_sensor_async.py took 0.233 seconds
[2025-04-04T15:19:15.050+0000] {processor.py:186} INFO - Started process (PID=3367) to work on /home/ubuntu/venv/lib/python3.12/site-packages/airflow/example_dags/example_time_delta_sensor_async.py
[2025-04-04T15:19:15.052+0000] {processor.py:914} INFO - Processing file /home/ubuntu/venv/lib/python3.12/site-packages/airflow/example_dags/example_time_delta_sensor_async.py for tasks to queue
[2025-04-04T15:19:15.054+0000] {logging_mixin.py:190} INFO - [2025-04-04T15:19:15.054+0000] {dagbag.py:588} INFO - Filling up the DagBag from /home/ubuntu/venv/lib/python3.12/site-packages/airflow/example_dags/example_time_delta_sensor_async.py
[2025-04-04T15:19:15.061+0000] {processor.py:925} INFO - DAG(s) 'example_time_delta_sensor_async' retrieved from /home/ubuntu/venv/lib/python3.12/site-packages/airflow/example_dags/example_time_delta_sensor_async.py
[2025-04-04T15:19:15.075+0000] {logging_mixin.py:190} INFO - [2025-04-04T15:19:15.074+0000] {dag.py:3239} INFO - Sync 1 DAGs
[2025-04-04T15:19:15.085+0000] {logging_mixin.py:190} INFO - [2025-04-04T15:19:15.085+0000] {dag.py:4180} INFO - Setting next_dagrun for example_time_delta_sensor_async to None, run_after=None
[2025-04-04T15:19:15.108+0000] {processor.py:208} INFO - Processing /home/ubuntu/venv/lib/python3.12/site-packages/airflow/example_dags/example_time_delta_sensor_async.py took 0.063 seconds
[2025-04-04T15:20:09.667+0000] {processor.py:186} INFO - Started process (PID=3428) to work on /home/ubuntu/venv/lib/python3.12/site-packages/airflow/example_dags/example_time_delta_sensor_async.py
[2025-04-04T15:20:09.668+0000] {processor.py:914} INFO - Processing file /home/ubuntu/venv/lib/python3.12/site-packages/airflow/example_dags/example_time_delta_sensor_async.py for tasks to queue
[2025-04-04T15:20:09.670+0000] {logging_mixin.py:190} INFO - [2025-04-04T15:20:09.670+0000] {dagbag.py:588} INFO - Filling up the DagBag from /home/ubuntu/venv/lib/python3.12/site-packages/airflow/example_dags/example_time_delta_sensor_async.py
[2025-04-04T15:20:09.677+0000] {processor.py:925} INFO - DAG(s) 'example_time_delta_sensor_async' retrieved from /home/ubuntu/venv/lib/python3.12/site-packages/airflow/example_dags/example_time_delta_sensor_async.py
[2025-04-04T15:20:09.691+0000] {logging_mixin.py:190} INFO - [2025-04-04T15:20:09.691+0000] {dag.py:3239} INFO - Sync 1 DAGs
[2025-04-04T15:20:09.703+0000] {logging_mixin.py:190} INFO - [2025-04-04T15:20:09.702+0000] {dag.py:4180} INFO - Setting next_dagrun for example_time_delta_sensor_async to None, run_after=None
[2025-04-04T15:20:09.722+0000] {processor.py:208} INFO - Processing /home/ubuntu/venv/lib/python3.12/site-packages/airflow/example_dags/example_time_delta_sensor_async.py took 0.061 seconds
[2025-04-04T15:21:02.150+0000] {processor.py:186} INFO - Started process (PID=3483) to work on /home/ubuntu/venv/lib/python3.12/site-packages/airflow/example_dags/example_time_delta_sensor_async.py
[2025-04-04T15:21:02.152+0000] {processor.py:914} INFO - Processing file /home/ubuntu/venv/lib/python3.12/site-packages/airflow/example_dags/example_time_delta_sensor_async.py for tasks to queue
[2025-04-04T15:21:02.154+0000] {logging_mixin.py:190} INFO - [2025-04-04T15:21:02.154+0000] {dagbag.py:588} INFO - Filling up the DagBag from /home/ubuntu/venv/lib/python3.12/site-packages/airflow/example_dags/example_time_delta_sensor_async.py
[2025-04-04T15:21:02.161+0000] {processor.py:925} INFO - DAG(s) 'example_time_delta_sensor_async' retrieved from /home/ubuntu/venv/lib/python3.12/site-packages/airflow/example_dags/example_time_delta_sensor_async.py
[2025-04-04T15:21:02.175+0000] {logging_mixin.py:190} INFO - [2025-04-04T15:21:02.175+0000] {dag.py:3239} INFO - Sync 1 DAGs
[2025-04-04T15:21:02.187+0000] {logging_mixin.py:190} INFO - [2025-04-04T15:21:02.187+0000] {dag.py:4180} INFO - Setting next_dagrun for example_time_delta_sensor_async to None, run_after=None
[2025-04-04T15:21:02.209+0000] {processor.py:208} INFO - Processing /home/ubuntu/venv/lib/python3.12/site-packages/airflow/example_dags/example_time_delta_sensor_async.py took 0.064 seconds
[2025-04-04T15:21:54.791+0000] {processor.py:186} INFO - Started process (PID=3700) to work on /home/ubuntu/venv/lib/python3.12/site-packages/airflow/example_dags/example_time_delta_sensor_async.py
[2025-04-04T15:21:54.793+0000] {processor.py:914} INFO - Processing file /home/ubuntu/venv/lib/python3.12/site-packages/airflow/example_dags/example_time_delta_sensor_async.py for tasks to queue
[2025-04-04T15:21:54.795+0000] {logging_mixin.py:190} INFO - [2025-04-04T15:21:54.795+0000] {dagbag.py:588} INFO - Filling up the DagBag from /home/ubuntu/venv/lib/python3.12/site-packages/airflow/example_dags/example_time_delta_sensor_async.py
[2025-04-04T15:21:54.805+0000] {processor.py:925} INFO - DAG(s) 'example_time_delta_sensor_async' retrieved from /home/ubuntu/venv/lib/python3.12/site-packages/airflow/example_dags/example_time_delta_sensor_async.py
[2025-04-04T15:21:54.824+0000] {logging_mixin.py:190} INFO - [2025-04-04T15:21:54.823+0000] {dag.py:3239} INFO - Sync 1 DAGs
[2025-04-04T15:21:54.840+0000] {logging_mixin.py:190} INFO - [2025-04-04T15:21:54.840+0000] {dag.py:4180} INFO - Setting next_dagrun for example_time_delta_sensor_async to None, run_after=None
[2025-04-04T15:21:54.871+0000] {processor.py:208} INFO - Processing /home/ubuntu/venv/lib/python3.12/site-packages/airflow/example_dags/example_time_delta_sensor_async.py took 0.088 seconds
[2025-04-04T15:22:46.683+0000] {processor.py:186} INFO - Started process (PID=3955) to work on /home/ubuntu/venv/lib/python3.12/site-packages/airflow/example_dags/example_time_delta_sensor_async.py
[2025-04-04T15:22:46.684+0000] {processor.py:914} INFO - Processing file /home/ubuntu/venv/lib/python3.12/site-packages/airflow/example_dags/example_time_delta_sensor_async.py for tasks to queue
[2025-04-04T15:22:46.686+0000] {logging_mixin.py:190} INFO - [2025-04-04T15:22:46.686+0000] {dagbag.py:588} INFO - Filling up the DagBag from /home/ubuntu/venv/lib/python3.12/site-packages/airflow/example_dags/example_time_delta_sensor_async.py
[2025-04-04T15:22:46.693+0000] {processor.py:925} INFO - DAG(s) 'example_time_delta_sensor_async' retrieved from /home/ubuntu/venv/lib/python3.12/site-packages/airflow/example_dags/example_time_delta_sensor_async.py
[2025-04-04T15:22:46.707+0000] {logging_mixin.py:190} INFO - [2025-04-04T15:22:46.707+0000] {dag.py:3239} INFO - Sync 1 DAGs
[2025-04-04T15:22:46.719+0000] {logging_mixin.py:190} INFO - [2025-04-04T15:22:46.719+0000] {dag.py:4180} INFO - Setting next_dagrun for example_time_delta_sensor_async to None, run_after=None
[2025-04-04T15:22:46.742+0000] {processor.py:208} INFO - Processing /home/ubuntu/venv/lib/python3.12/site-packages/airflow/example_dags/example_time_delta_sensor_async.py took 0.064 seconds
