[2025-04-04T15:18:45.842+0000] {processor.py:186} INFO - Started process (PID=3340) to work on /home/ubuntu/venv/lib/python3.12/site-packages/airflow/example_dags/example_sensor_decorator.py
[2025-04-04T15:18:45.843+0000] {processor.py:914} INFO - Processing file /home/ubuntu/venv/lib/python3.12/site-packages/airflow/example_dags/example_sensor_decorator.py for tasks to queue
[2025-04-04T15:18:45.845+0000] {logging_mixin.py:190} INFO - [2025-04-04T15:18:45.844+0000] {dagbag.py:588} INFO - Filling up the DagBag from /home/ubuntu/venv/lib/python3.12/site-packages/airflow/example_dags/example_sensor_decorator.py
[2025-04-04T15:18:45.853+0000] {processor.py:925} INFO - DAG(s) 'example_sensor_decorator' retrieved from /home/ubuntu/venv/lib/python3.12/site-packages/airflow/example_dags/example_sensor_decorator.py
[2025-04-04T15:18:45.953+0000] {logging_mixin.py:190} INFO - [2025-04-04T15:18:45.953+0000] {override.py:1930} INFO - Created Permission View: can edit on DAG:example_sensor_decorator
[2025-04-04T15:18:45.967+0000] {logging_mixin.py:190} INFO - [2025-04-04T15:18:45.966+0000] {override.py:1930} INFO - Created Permission View: can read on DAG:example_sensor_decorator
[2025-04-04T15:18:45.978+0000] {logging_mixin.py:190} INFO - [2025-04-04T15:18:45.977+0000] {override.py:1930} INFO - Created Permission View: can delete on DAG:example_sensor_decorator
[2025-04-04T15:18:45.996+0000] {logging_mixin.py:190} INFO - [2025-04-04T15:18:45.996+0000] {override.py:1930} INFO - Created Permission View: can create on DAG Run:example_sensor_decorator
[2025-04-04T15:18:46.006+0000] {logging_mixin.py:190} INFO - [2025-04-04T15:18:46.005+0000] {override.py:1930} INFO - Created Permission View: can read on DAG Run:example_sensor_decorator
[2025-04-04T15:18:46.018+0000] {logging_mixin.py:190} INFO - [2025-04-04T15:18:46.018+0000] {override.py:1930} INFO - Created Permission View: can delete on DAG Run:example_sensor_decorator
[2025-04-04T15:18:46.028+0000] {logging_mixin.py:190} INFO - [2025-04-04T15:18:46.028+0000] {override.py:1930} INFO - Created Permission View: menu access on DAG Run:example_sensor_decorator
[2025-04-04T15:18:46.029+0000] {logging_mixin.py:190} INFO - [2025-04-04T15:18:46.029+0000] {dag.py:3239} INFO - Sync 1 DAGs
[2025-04-04T15:18:46.038+0000] {logging_mixin.py:190} INFO - [2025-04-04T15:18:46.038+0000] {dag.py:3262} INFO - Creating ORM DAG for example_sensor_decorator
[2025-04-04T15:18:46.038+0000] {logging_mixin.py:190} INFO - [2025-04-04T15:18:46.038+0000] {dag.py:4180} INFO - Setting next_dagrun for example_sensor_decorator to None, run_after=None
[2025-04-04T15:18:46.058+0000] {processor.py:208} INFO - Processing /home/ubuntu/venv/lib/python3.12/site-packages/airflow/example_dags/example_sensor_decorator.py took 0.221 seconds
[2025-04-04T15:19:46.632+0000] {processor.py:186} INFO - Started process (PID=3399) to work on /home/ubuntu/venv/lib/python3.12/site-packages/airflow/example_dags/example_sensor_decorator.py
[2025-04-04T15:19:46.634+0000] {processor.py:914} INFO - Processing file /home/ubuntu/venv/lib/python3.12/site-packages/airflow/example_dags/example_sensor_decorator.py for tasks to queue
[2025-04-04T15:19:46.636+0000] {logging_mixin.py:190} INFO - [2025-04-04T15:19:46.635+0000] {dagbag.py:588} INFO - Filling up the DagBag from /home/ubuntu/venv/lib/python3.12/site-packages/airflow/example_dags/example_sensor_decorator.py
[2025-04-04T15:19:46.643+0000] {processor.py:925} INFO - DAG(s) 'example_sensor_decorator' retrieved from /home/ubuntu/venv/lib/python3.12/site-packages/airflow/example_dags/example_sensor_decorator.py
[2025-04-04T15:19:46.657+0000] {logging_mixin.py:190} INFO - [2025-04-04T15:19:46.657+0000] {dag.py:3239} INFO - Sync 1 DAGs
[2025-04-04T15:19:46.668+0000] {logging_mixin.py:190} INFO - [2025-04-04T15:19:46.668+0000] {dag.py:4180} INFO - Setting next_dagrun for example_sensor_decorator to None, run_after=None
[2025-04-04T15:19:46.690+0000] {processor.py:208} INFO - Processing /home/ubuntu/venv/lib/python3.12/site-packages/airflow/example_dags/example_sensor_decorator.py took 0.063 seconds
[2025-04-04T15:20:41.686+0000] {processor.py:186} INFO - Started process (PID=3463) to work on /home/ubuntu/venv/lib/python3.12/site-packages/airflow/example_dags/example_sensor_decorator.py
[2025-04-04T15:20:41.688+0000] {processor.py:914} INFO - Processing file /home/ubuntu/venv/lib/python3.12/site-packages/airflow/example_dags/example_sensor_decorator.py for tasks to queue
[2025-04-04T15:20:41.690+0000] {logging_mixin.py:190} INFO - [2025-04-04T15:20:41.690+0000] {dagbag.py:588} INFO - Filling up the DagBag from /home/ubuntu/venv/lib/python3.12/site-packages/airflow/example_dags/example_sensor_decorator.py
[2025-04-04T15:20:41.698+0000] {processor.py:925} INFO - DAG(s) 'example_sensor_decorator' retrieved from /home/ubuntu/venv/lib/python3.12/site-packages/airflow/example_dags/example_sensor_decorator.py
[2025-04-04T15:20:41.711+0000] {logging_mixin.py:190} INFO - [2025-04-04T15:20:41.711+0000] {dag.py:3239} INFO - Sync 1 DAGs
[2025-04-04T15:20:41.722+0000] {logging_mixin.py:190} INFO - [2025-04-04T15:20:41.722+0000] {dag.py:4180} INFO - Setting next_dagrun for example_sensor_decorator to None, run_after=None
[2025-04-04T15:20:41.744+0000] {processor.py:208} INFO - Processing /home/ubuntu/venv/lib/python3.12/site-packages/airflow/example_dags/example_sensor_decorator.py took 0.063 seconds
[2025-04-04T15:21:36.832+0000] {processor.py:186} INFO - Started process (PID=3524) to work on /home/ubuntu/venv/lib/python3.12/site-packages/airflow/example_dags/example_sensor_decorator.py
[2025-04-04T15:21:36.835+0000] {processor.py:914} INFO - Processing file /home/ubuntu/venv/lib/python3.12/site-packages/airflow/example_dags/example_sensor_decorator.py for tasks to queue
[2025-04-04T15:21:36.837+0000] {logging_mixin.py:190} INFO - [2025-04-04T15:21:36.836+0000] {dagbag.py:588} INFO - Filling up the DagBag from /home/ubuntu/venv/lib/python3.12/site-packages/airflow/example_dags/example_sensor_decorator.py
[2025-04-04T15:21:36.844+0000] {processor.py:925} INFO - DAG(s) 'example_sensor_decorator' retrieved from /home/ubuntu/venv/lib/python3.12/site-packages/airflow/example_dags/example_sensor_decorator.py
[2025-04-04T15:21:36.860+0000] {logging_mixin.py:190} INFO - [2025-04-04T15:21:36.860+0000] {dag.py:3239} INFO - Sync 1 DAGs
[2025-04-04T15:21:36.871+0000] {logging_mixin.py:190} INFO - [2025-04-04T15:21:36.871+0000] {dag.py:4180} INFO - Setting next_dagrun for example_sensor_decorator to None, run_after=None
[2025-04-04T15:21:36.892+0000] {processor.py:208} INFO - Processing /home/ubuntu/venv/lib/python3.12/site-packages/airflow/example_dags/example_sensor_decorator.py took 0.065 seconds
[2025-04-04T15:22:28.669+0000] {processor.py:186} INFO - Started process (PID=3912) to work on /home/ubuntu/venv/lib/python3.12/site-packages/airflow/example_dags/example_sensor_decorator.py
[2025-04-04T15:22:28.671+0000] {processor.py:914} INFO - Processing file /home/ubuntu/venv/lib/python3.12/site-packages/airflow/example_dags/example_sensor_decorator.py for tasks to queue
[2025-04-04T15:22:28.673+0000] {logging_mixin.py:190} INFO - [2025-04-04T15:22:28.672+0000] {dagbag.py:588} INFO - Filling up the DagBag from /home/ubuntu/venv/lib/python3.12/site-packages/airflow/example_dags/example_sensor_decorator.py
[2025-04-04T15:22:28.681+0000] {processor.py:925} INFO - DAG(s) 'example_sensor_decorator' retrieved from /home/ubuntu/venv/lib/python3.12/site-packages/airflow/example_dags/example_sensor_decorator.py
[2025-04-04T15:22:28.695+0000] {logging_mixin.py:190} INFO - [2025-04-04T15:22:28.695+0000] {dag.py:3239} INFO - Sync 1 DAGs
[2025-04-04T15:22:28.708+0000] {logging_mixin.py:190} INFO - [2025-04-04T15:22:28.707+0000] {dag.py:4180} INFO - Setting next_dagrun for example_sensor_decorator to None, run_after=None
[2025-04-04T15:22:28.730+0000] {processor.py:208} INFO - Processing /home/ubuntu/venv/lib/python3.12/site-packages/airflow/example_dags/example_sensor_decorator.py took 0.066 seconds
