[2025-04-04T15:18:27.158+0000] {processor.py:186} INFO - Started process (PID=3322) to work on /home/ubuntu/venv/lib/python3.12/site-packages/airflow/example_dags/example_skip_dag.py
[2025-04-04T15:18:27.159+0000] {processor.py:914} INFO - Processing file /home/ubuntu/venv/lib/python3.12/site-packages/airflow/example_dags/example_skip_dag.py for tasks to queue
[2025-04-04T15:18:27.160+0000] {logging_mixin.py:190} INFO - [2025-04-04T15:18:27.160+0000] {dagbag.py:588} INFO - Filling up the DagBag from /home/ubuntu/venv/lib/python3.12/site-packages/airflow/example_dags/example_skip_dag.py
[2025-04-04T15:18:27.168+0000] {processor.py:925} INFO - DAG(s) 'example_skip_dag' retrieved from /home/ubuntu/venv/lib/python3.12/site-packages/airflow/example_dags/example_skip_dag.py
[2025-04-04T15:18:27.270+0000] {logging_mixin.py:190} INFO - [2025-04-04T15:18:27.269+0000] {override.py:1930} INFO - Created Permission View: can edit on DAG:example_skip_dag
[2025-04-04T15:18:27.284+0000] {logging_mixin.py:190} INFO - [2025-04-04T15:18:27.283+0000] {override.py:1930} INFO - Created Permission View: can read on DAG:example_skip_dag
[2025-04-04T15:18:27.296+0000] {logging_mixin.py:190} INFO - [2025-04-04T15:18:27.296+0000] {override.py:1930} INFO - Created Permission View: can delete on DAG:example_skip_dag
[2025-04-04T15:18:27.313+0000] {logging_mixin.py:190} INFO - [2025-04-04T15:18:27.313+0000] {override.py:1930} INFO - Created Permission View: can create on DAG Run:example_skip_dag
[2025-04-04T15:18:27.325+0000] {logging_mixin.py:190} INFO - [2025-04-04T15:18:27.325+0000] {override.py:1930} INFO - Created Permission View: can read on DAG Run:example_skip_dag
[2025-04-04T15:18:27.338+0000] {logging_mixin.py:190} INFO - [2025-04-04T15:18:27.338+0000] {override.py:1930} INFO - Created Permission View: can delete on DAG Run:example_skip_dag
[2025-04-04T15:18:27.348+0000] {logging_mixin.py:190} INFO - [2025-04-04T15:18:27.348+0000] {override.py:1930} INFO - Created Permission View: menu access on DAG Run:example_skip_dag
[2025-04-04T15:18:27.348+0000] {logging_mixin.py:190} INFO - [2025-04-04T15:18:27.348+0000] {dag.py:3239} INFO - Sync 1 DAGs
[2025-04-04T15:18:27.359+0000] {logging_mixin.py:190} INFO - [2025-04-04T15:18:27.359+0000] {dag.py:3262} INFO - Creating ORM DAG for example_skip_dag
[2025-04-04T15:18:27.366+0000] {logging_mixin.py:190} INFO - [2025-04-04T15:18:27.366+0000] {dag.py:4180} INFO - Setting next_dagrun for example_skip_dag to 2025-04-03 00:00:00+00:00, run_after=2025-04-04 00:00:00+00:00
[2025-04-04T15:18:27.388+0000] {processor.py:208} INFO - Processing /home/ubuntu/venv/lib/python3.12/site-packages/airflow/example_dags/example_skip_dag.py took 0.235 seconds
[2025-04-04T15:19:30.848+0000] {processor.py:186} INFO - Started process (PID=3382) to work on /home/ubuntu/venv/lib/python3.12/site-packages/airflow/example_dags/example_skip_dag.py
[2025-04-04T15:19:30.849+0000] {processor.py:914} INFO - Processing file /home/ubuntu/venv/lib/python3.12/site-packages/airflow/example_dags/example_skip_dag.py for tasks to queue
[2025-04-04T15:19:30.851+0000] {logging_mixin.py:190} INFO - [2025-04-04T15:19:30.850+0000] {dagbag.py:588} INFO - Filling up the DagBag from /home/ubuntu/venv/lib/python3.12/site-packages/airflow/example_dags/example_skip_dag.py
[2025-04-04T15:19:30.859+0000] {processor.py:925} INFO - DAG(s) 'example_skip_dag' retrieved from /home/ubuntu/venv/lib/python3.12/site-packages/airflow/example_dags/example_skip_dag.py
[2025-04-04T15:19:30.875+0000] {logging_mixin.py:190} INFO - [2025-04-04T15:19:30.874+0000] {dag.py:3239} INFO - Sync 1 DAGs
[2025-04-04T15:19:30.892+0000] {logging_mixin.py:190} INFO - [2025-04-04T15:19:30.892+0000] {dag.py:4180} INFO - Setting next_dagrun for example_skip_dag to 2025-04-03 00:00:00+00:00, run_after=2025-04-04 00:00:00+00:00
[2025-04-04T15:19:30.917+0000] {processor.py:208} INFO - Processing /home/ubuntu/venv/lib/python3.12/site-packages/airflow/example_dags/example_skip_dag.py took 0.074 seconds
[2025-04-04T15:20:24.907+0000] {processor.py:186} INFO - Started process (PID=3447) to work on /home/ubuntu/venv/lib/python3.12/site-packages/airflow/example_dags/example_skip_dag.py
[2025-04-04T15:20:24.908+0000] {processor.py:914} INFO - Processing file /home/ubuntu/venv/lib/python3.12/site-packages/airflow/example_dags/example_skip_dag.py for tasks to queue
[2025-04-04T15:20:24.910+0000] {logging_mixin.py:190} INFO - [2025-04-04T15:20:24.910+0000] {dagbag.py:588} INFO - Filling up the DagBag from /home/ubuntu/venv/lib/python3.12/site-packages/airflow/example_dags/example_skip_dag.py
[2025-04-04T15:20:24.918+0000] {processor.py:925} INFO - DAG(s) 'example_skip_dag' retrieved from /home/ubuntu/venv/lib/python3.12/site-packages/airflow/example_dags/example_skip_dag.py
[2025-04-04T15:20:24.934+0000] {logging_mixin.py:190} INFO - [2025-04-04T15:20:24.934+0000] {dag.py:3239} INFO - Sync 1 DAGs
[2025-04-04T15:20:24.953+0000] {logging_mixin.py:190} INFO - [2025-04-04T15:20:24.953+0000] {dag.py:4180} INFO - Setting next_dagrun for example_skip_dag to 2025-04-03 00:00:00+00:00, run_after=2025-04-04 00:00:00+00:00
[2025-04-04T15:20:24.973+0000] {processor.py:208} INFO - Processing /home/ubuntu/venv/lib/python3.12/site-packages/airflow/example_dags/example_skip_dag.py took 0.071 seconds
[2025-04-04T15:21:15.320+0000] {processor.py:186} INFO - Started process (PID=3502) to work on /home/ubuntu/venv/lib/python3.12/site-packages/airflow/example_dags/example_skip_dag.py
[2025-04-04T15:21:15.321+0000] {processor.py:914} INFO - Processing file /home/ubuntu/venv/lib/python3.12/site-packages/airflow/example_dags/example_skip_dag.py for tasks to queue
[2025-04-04T15:21:15.323+0000] {logging_mixin.py:190} INFO - [2025-04-04T15:21:15.322+0000] {dagbag.py:588} INFO - Filling up the DagBag from /home/ubuntu/venv/lib/python3.12/site-packages/airflow/example_dags/example_skip_dag.py
[2025-04-04T15:21:15.330+0000] {processor.py:925} INFO - DAG(s) 'example_skip_dag' retrieved from /home/ubuntu/venv/lib/python3.12/site-packages/airflow/example_dags/example_skip_dag.py
[2025-04-04T15:21:15.347+0000] {logging_mixin.py:190} INFO - [2025-04-04T15:21:15.346+0000] {dag.py:3239} INFO - Sync 1 DAGs
[2025-04-04T15:21:15.364+0000] {logging_mixin.py:190} INFO - [2025-04-04T15:21:15.363+0000] {dag.py:4180} INFO - Setting next_dagrun for example_skip_dag to 2025-04-03 00:00:00+00:00, run_after=2025-04-04 00:00:00+00:00
[2025-04-04T15:21:15.384+0000] {processor.py:208} INFO - Processing /home/ubuntu/venv/lib/python3.12/site-packages/airflow/example_dags/example_skip_dag.py took 0.071 seconds
[2025-04-04T15:22:08.397+0000] {processor.py:186} INFO - Started process (PID=3833) to work on /home/ubuntu/venv/lib/python3.12/site-packages/airflow/example_dags/example_skip_dag.py
[2025-04-04T15:22:08.398+0000] {processor.py:914} INFO - Processing file /home/ubuntu/venv/lib/python3.12/site-packages/airflow/example_dags/example_skip_dag.py for tasks to queue
[2025-04-04T15:22:08.399+0000] {logging_mixin.py:190} INFO - [2025-04-04T15:22:08.399+0000] {dagbag.py:588} INFO - Filling up the DagBag from /home/ubuntu/venv/lib/python3.12/site-packages/airflow/example_dags/example_skip_dag.py
[2025-04-04T15:22:08.407+0000] {processor.py:925} INFO - DAG(s) 'example_skip_dag' retrieved from /home/ubuntu/venv/lib/python3.12/site-packages/airflow/example_dags/example_skip_dag.py
[2025-04-04T15:22:08.424+0000] {logging_mixin.py:190} INFO - [2025-04-04T15:22:08.424+0000] {dag.py:3239} INFO - Sync 1 DAGs
[2025-04-04T15:22:08.442+0000] {logging_mixin.py:190} INFO - [2025-04-04T15:22:08.441+0000] {dag.py:4180} INFO - Setting next_dagrun for example_skip_dag to 2025-04-03 00:00:00+00:00, run_after=2025-04-04 00:00:00+00:00
[2025-04-04T15:22:08.461+0000] {processor.py:208} INFO - Processing /home/ubuntu/venv/lib/python3.12/site-packages/airflow/example_dags/example_skip_dag.py took 0.070 seconds
