[2025-04-04T15:18:49.844+0000] {processor.py:186} INFO - Started process (PID=3343) to work on /home/ubuntu/venv/lib/python3.12/site-packages/airflow/example_dags/example_dag_decorator.py
[2025-04-04T15:18:49.844+0000] {processor.py:914} INFO - Processing file /home/ubuntu/venv/lib/python3.12/site-packages/airflow/example_dags/example_dag_decorator.py for tasks to queue
[2025-04-04T15:18:49.847+0000] {logging_mixin.py:190} INFO - [2025-04-04T15:18:49.846+0000] {dagbag.py:588} INFO - Filling up the DagBag from /home/ubuntu/venv/lib/python3.12/site-packages/airflow/example_dags/example_dag_decorator.py
[2025-04-04T15:18:49.883+0000] {processor.py:925} INFO - DAG(s) 'example_dag_decorator' retrieved from /home/ubuntu/venv/lib/python3.12/site-packages/airflow/example_dags/example_dag_decorator.py
[2025-04-04T15:18:49.986+0000] {logging_mixin.py:190} INFO - [2025-04-04T15:18:49.986+0000] {override.py:1930} INFO - Created Permission View: can edit on DAG:example_dag_decorator
[2025-04-04T15:18:50.001+0000] {logging_mixin.py:190} INFO - [2025-04-04T15:18:50.001+0000] {override.py:1930} INFO - Created Permission View: can read on DAG:example_dag_decorator
[2025-04-04T15:18:50.013+0000] {logging_mixin.py:190} INFO - [2025-04-04T15:18:50.013+0000] {override.py:1930} INFO - Created Permission View: can delete on DAG:example_dag_decorator
[2025-04-04T15:18:50.035+0000] {logging_mixin.py:190} INFO - [2025-04-04T15:18:50.035+0000] {override.py:1930} INFO - Created Permission View: can create on DAG Run:example_dag_decorator
[2025-04-04T15:18:50.045+0000] {logging_mixin.py:190} INFO - [2025-04-04T15:18:50.045+0000] {override.py:1930} INFO - Created Permission View: can read on DAG Run:example_dag_decorator
[2025-04-04T15:18:50.056+0000] {logging_mixin.py:190} INFO - [2025-04-04T15:18:50.056+0000] {override.py:1930} INFO - Created Permission View: can delete on DAG Run:example_dag_decorator
[2025-04-04T15:18:50.067+0000] {logging_mixin.py:190} INFO - [2025-04-04T15:18:50.067+0000] {override.py:1930} INFO - Created Permission View: menu access on DAG Run:example_dag_decorator
[2025-04-04T15:18:50.067+0000] {logging_mixin.py:190} INFO - [2025-04-04T15:18:50.067+0000] {dag.py:3239} INFO - Sync 1 DAGs
[2025-04-04T15:18:50.078+0000] {logging_mixin.py:190} INFO - [2025-04-04T15:18:50.077+0000] {dag.py:3262} INFO - Creating ORM DAG for example_dag_decorator
[2025-04-04T15:18:50.078+0000] {logging_mixin.py:190} INFO - [2025-04-04T15:18:50.078+0000] {dag.py:4180} INFO - Setting next_dagrun for example_dag_decorator to None, run_after=None
[2025-04-04T15:18:50.103+0000] {processor.py:208} INFO - Processing /home/ubuntu/venv/lib/python3.12/site-packages/airflow/example_dags/example_dag_decorator.py took 0.264 seconds
[2025-04-04T15:19:48.541+0000] {processor.py:186} INFO - Started process (PID=3402) to work on /home/ubuntu/venv/lib/python3.12/site-packages/airflow/example_dags/example_dag_decorator.py
[2025-04-04T15:19:48.543+0000] {processor.py:914} INFO - Processing file /home/ubuntu/venv/lib/python3.12/site-packages/airflow/example_dags/example_dag_decorator.py for tasks to queue
[2025-04-04T15:19:48.545+0000] {logging_mixin.py:190} INFO - [2025-04-04T15:19:48.545+0000] {dagbag.py:588} INFO - Filling up the DagBag from /home/ubuntu/venv/lib/python3.12/site-packages/airflow/example_dags/example_dag_decorator.py
[2025-04-04T15:19:48.581+0000] {processor.py:925} INFO - DAG(s) 'example_dag_decorator' retrieved from /home/ubuntu/venv/lib/python3.12/site-packages/airflow/example_dags/example_dag_decorator.py
[2025-04-04T15:19:48.668+0000] {logging_mixin.py:190} INFO - [2025-04-04T15:19:48.668+0000] {dag.py:3239} INFO - Sync 1 DAGs
[2025-04-04T15:19:48.677+0000] {logging_mixin.py:190} INFO - [2025-04-04T15:19:48.676+0000] {dag.py:4180} INFO - Setting next_dagrun for example_dag_decorator to None, run_after=None
[2025-04-04T15:19:48.699+0000] {processor.py:208} INFO - Processing /home/ubuntu/venv/lib/python3.12/site-packages/airflow/example_dags/example_dag_decorator.py took 0.165 seconds
[2025-04-04T15:20:44.560+0000] {processor.py:186} INFO - Started process (PID=3466) to work on /home/ubuntu/venv/lib/python3.12/site-packages/airflow/example_dags/example_dag_decorator.py
[2025-04-04T15:20:44.562+0000] {processor.py:914} INFO - Processing file /home/ubuntu/venv/lib/python3.12/site-packages/airflow/example_dags/example_dag_decorator.py for tasks to queue
[2025-04-04T15:20:44.564+0000] {logging_mixin.py:190} INFO - [2025-04-04T15:20:44.563+0000] {dagbag.py:588} INFO - Filling up the DagBag from /home/ubuntu/venv/lib/python3.12/site-packages/airflow/example_dags/example_dag_decorator.py
[2025-04-04T15:20:44.599+0000] {processor.py:925} INFO - DAG(s) 'example_dag_decorator' retrieved from /home/ubuntu/venv/lib/python3.12/site-packages/airflow/example_dags/example_dag_decorator.py
[2025-04-04T15:20:44.689+0000] {logging_mixin.py:190} INFO - [2025-04-04T15:20:44.688+0000] {dag.py:3239} INFO - Sync 1 DAGs
[2025-04-04T15:20:44.697+0000] {logging_mixin.py:190} INFO - [2025-04-04T15:20:44.697+0000] {dag.py:4180} INFO - Setting next_dagrun for example_dag_decorator to None, run_after=None
[2025-04-04T15:20:44.718+0000] {processor.py:208} INFO - Processing /home/ubuntu/venv/lib/python3.12/site-packages/airflow/example_dags/example_dag_decorator.py took 0.163 seconds
[2025-04-04T15:21:39.911+0000] {processor.py:186} INFO - Started process (PID=3527) to work on /home/ubuntu/venv/lib/python3.12/site-packages/airflow/example_dags/example_dag_decorator.py
[2025-04-04T15:21:39.912+0000] {processor.py:914} INFO - Processing file /home/ubuntu/venv/lib/python3.12/site-packages/airflow/example_dags/example_dag_decorator.py for tasks to queue
[2025-04-04T15:21:39.914+0000] {logging_mixin.py:190} INFO - [2025-04-04T15:21:39.914+0000] {dagbag.py:588} INFO - Filling up the DagBag from /home/ubuntu/venv/lib/python3.12/site-packages/airflow/example_dags/example_dag_decorator.py
[2025-04-04T15:21:39.949+0000] {processor.py:925} INFO - DAG(s) 'example_dag_decorator' retrieved from /home/ubuntu/venv/lib/python3.12/site-packages/airflow/example_dags/example_dag_decorator.py
[2025-04-04T15:21:39.966+0000] {logging_mixin.py:190} INFO - [2025-04-04T15:21:39.966+0000] {dag.py:3239} INFO - Sync 1 DAGs
[2025-04-04T15:21:39.978+0000] {logging_mixin.py:190} INFO - [2025-04-04T15:21:39.978+0000] {dag.py:4180} INFO - Setting next_dagrun for example_dag_decorator to None, run_after=None
[2025-04-04T15:21:40.001+0000] {processor.py:208} INFO - Processing /home/ubuntu/venv/lib/python3.12/site-packages/airflow/example_dags/example_dag_decorator.py took 0.096 seconds
[2025-04-04T15:22:31.297+0000] {processor.py:186} INFO - Started process (PID=3919) to work on /home/ubuntu/venv/lib/python3.12/site-packages/airflow/example_dags/example_dag_decorator.py
[2025-04-04T15:22:31.299+0000] {processor.py:914} INFO - Processing file /home/ubuntu/venv/lib/python3.12/site-packages/airflow/example_dags/example_dag_decorator.py for tasks to queue
[2025-04-04T15:22:31.301+0000] {logging_mixin.py:190} INFO - [2025-04-04T15:22:31.301+0000] {dagbag.py:588} INFO - Filling up the DagBag from /home/ubuntu/venv/lib/python3.12/site-packages/airflow/example_dags/example_dag_decorator.py
[2025-04-04T15:22:31.369+0000] {processor.py:925} INFO - DAG(s) 'example_dag_decorator' retrieved from /home/ubuntu/venv/lib/python3.12/site-packages/airflow/example_dags/example_dag_decorator.py
[2025-04-04T15:22:31.476+0000] {logging_mixin.py:190} INFO - [2025-04-04T15:22:31.476+0000] {dag.py:3239} INFO - Sync 1 DAGs
[2025-04-04T15:22:31.485+0000] {logging_mixin.py:190} INFO - [2025-04-04T15:22:31.485+0000] {dag.py:4180} INFO - Setting next_dagrun for example_dag_decorator to None, run_after=None
[2025-04-04T15:22:31.506+0000] {processor.py:208} INFO - Processing /home/ubuntu/venv/lib/python3.12/site-packages/airflow/example_dags/example_dag_decorator.py took 0.215 seconds
