[2025-04-04T15:18:56.341+0000] {processor.py:186} INFO - Started process (PID=3349) to work on /home/ubuntu/venv/lib/python3.12/site-packages/airflow/example_dags/example_dynamic_task_mapping_with_no_taskflow_operators.py
[2025-04-04T15:18:56.342+0000] {processor.py:914} INFO - Processing file /home/ubuntu/venv/lib/python3.12/site-packages/airflow/example_dags/example_dynamic_task_mapping_with_no_taskflow_operators.py for tasks to queue
[2025-04-04T15:18:56.343+0000] {logging_mixin.py:190} INFO - [2025-04-04T15:18:56.343+0000] {dagbag.py:588} INFO - Filling up the DagBag from /home/ubuntu/venv/lib/python3.12/site-packages/airflow/example_dags/example_dynamic_task_mapping_with_no_taskflow_operators.py
[2025-04-04T15:18:56.351+0000] {processor.py:925} INFO - DAG(s) 'example_dynamic_task_mapping_with_no_taskflow_operators' retrieved from /home/ubuntu/venv/lib/python3.12/site-packages/airflow/example_dags/example_dynamic_task_mapping_with_no_taskflow_operators.py
[2025-04-04T15:18:56.453+0000] {logging_mixin.py:190} INFO - [2025-04-04T15:18:56.452+0000] {override.py:1930} INFO - Created Permission View: can edit on DAG:example_dynamic_task_mapping_with_no_taskflow_operators
[2025-04-04T15:18:56.467+0000] {logging_mixin.py:190} INFO - [2025-04-04T15:18:56.467+0000] {override.py:1930} INFO - Created Permission View: can read on DAG:example_dynamic_task_mapping_with_no_taskflow_operators
[2025-04-04T15:18:56.480+0000] {logging_mixin.py:190} INFO - [2025-04-04T15:18:56.480+0000] {override.py:1930} INFO - Created Permission View: can delete on DAG:example_dynamic_task_mapping_with_no_taskflow_operators
[2025-04-04T15:18:56.498+0000] {logging_mixin.py:190} INFO - [2025-04-04T15:18:56.498+0000] {override.py:1930} INFO - Created Permission View: can create on DAG Run:example_dynamic_task_mapping_with_no_taskflow_operators
[2025-04-04T15:18:56.507+0000] {logging_mixin.py:190} INFO - [2025-04-04T15:18:56.507+0000] {override.py:1930} INFO - Created Permission View: can read on DAG Run:example_dynamic_task_mapping_with_no_taskflow_operators
[2025-04-04T15:18:56.518+0000] {logging_mixin.py:190} INFO - [2025-04-04T15:18:56.518+0000] {override.py:1930} INFO - Created Permission View: can delete on DAG Run:example_dynamic_task_mapping_with_no_taskflow_operators
[2025-04-04T15:18:56.528+0000] {logging_mixin.py:190} INFO - [2025-04-04T15:18:56.528+0000] {override.py:1930} INFO - Created Permission View: menu access on DAG Run:example_dynamic_task_mapping_with_no_taskflow_operators
[2025-04-04T15:18:56.528+0000] {logging_mixin.py:190} INFO - [2025-04-04T15:18:56.528+0000] {dag.py:3239} INFO - Sync 1 DAGs
[2025-04-04T15:18:56.538+0000] {logging_mixin.py:190} INFO - [2025-04-04T15:18:56.538+0000] {dag.py:3262} INFO - Creating ORM DAG for example_dynamic_task_mapping_with_no_taskflow_operators
[2025-04-04T15:18:56.539+0000] {logging_mixin.py:190} INFO - [2025-04-04T15:18:56.538+0000] {dag.py:4180} INFO - Setting next_dagrun for example_dynamic_task_mapping_with_no_taskflow_operators to None, run_after=None
[2025-04-04T15:18:56.560+0000] {processor.py:208} INFO - Processing /home/ubuntu/venv/lib/python3.12/site-packages/airflow/example_dags/example_dynamic_task_mapping_with_no_taskflow_operators.py took 0.224 seconds
[2025-04-04T15:19:54.495+0000] {processor.py:186} INFO - Started process (PID=3408) to work on /home/ubuntu/venv/lib/python3.12/site-packages/airflow/example_dags/example_dynamic_task_mapping_with_no_taskflow_operators.py
[2025-04-04T15:19:54.497+0000] {processor.py:914} INFO - Processing file /home/ubuntu/venv/lib/python3.12/site-packages/airflow/example_dags/example_dynamic_task_mapping_with_no_taskflow_operators.py for tasks to queue
[2025-04-04T15:19:54.499+0000] {logging_mixin.py:190} INFO - [2025-04-04T15:19:54.498+0000] {dagbag.py:588} INFO - Filling up the DagBag from /home/ubuntu/venv/lib/python3.12/site-packages/airflow/example_dags/example_dynamic_task_mapping_with_no_taskflow_operators.py
[2025-04-04T15:19:54.506+0000] {processor.py:925} INFO - DAG(s) 'example_dynamic_task_mapping_with_no_taskflow_operators' retrieved from /home/ubuntu/venv/lib/python3.12/site-packages/airflow/example_dags/example_dynamic_task_mapping_with_no_taskflow_operators.py
[2025-04-04T15:19:54.521+0000] {logging_mixin.py:190} INFO - [2025-04-04T15:19:54.521+0000] {dag.py:3239} INFO - Sync 1 DAGs
[2025-04-04T15:19:54.532+0000] {logging_mixin.py:190} INFO - [2025-04-04T15:19:54.532+0000] {dag.py:4180} INFO - Setting next_dagrun for example_dynamic_task_mapping_with_no_taskflow_operators to None, run_after=None
[2025-04-04T15:19:54.554+0000] {processor.py:208} INFO - Processing /home/ubuntu/venv/lib/python3.12/site-packages/airflow/example_dags/example_dynamic_task_mapping_with_no_taskflow_operators.py took 0.063 seconds
[2025-04-04T15:20:50.244+0000] {processor.py:186} INFO - Started process (PID=3472) to work on /home/ubuntu/venv/lib/python3.12/site-packages/airflow/example_dags/example_dynamic_task_mapping_with_no_taskflow_operators.py
[2025-04-04T15:20:50.245+0000] {processor.py:914} INFO - Processing file /home/ubuntu/venv/lib/python3.12/site-packages/airflow/example_dags/example_dynamic_task_mapping_with_no_taskflow_operators.py for tasks to queue
[2025-04-04T15:20:50.248+0000] {logging_mixin.py:190} INFO - [2025-04-04T15:20:50.247+0000] {dagbag.py:588} INFO - Filling up the DagBag from /home/ubuntu/venv/lib/python3.12/site-packages/airflow/example_dags/example_dynamic_task_mapping_with_no_taskflow_operators.py
[2025-04-04T15:20:50.255+0000] {processor.py:925} INFO - DAG(s) 'example_dynamic_task_mapping_with_no_taskflow_operators' retrieved from /home/ubuntu/venv/lib/python3.12/site-packages/airflow/example_dags/example_dynamic_task_mapping_with_no_taskflow_operators.py
[2025-04-04T15:20:50.268+0000] {logging_mixin.py:190} INFO - [2025-04-04T15:20:50.268+0000] {dag.py:3239} INFO - Sync 1 DAGs
[2025-04-04T15:20:50.280+0000] {logging_mixin.py:190} INFO - [2025-04-04T15:20:50.280+0000] {dag.py:4180} INFO - Setting next_dagrun for example_dynamic_task_mapping_with_no_taskflow_operators to None, run_after=None
[2025-04-04T15:20:50.303+0000] {processor.py:208} INFO - Processing /home/ubuntu/venv/lib/python3.12/site-packages/airflow/example_dags/example_dynamic_task_mapping_with_no_taskflow_operators.py took 0.064 seconds
[2025-04-04T15:21:45.832+0000] {processor.py:186} INFO - Started process (PID=3533) to work on /home/ubuntu/venv/lib/python3.12/site-packages/airflow/example_dags/example_dynamic_task_mapping_with_no_taskflow_operators.py
[2025-04-04T15:21:45.834+0000] {processor.py:914} INFO - Processing file /home/ubuntu/venv/lib/python3.12/site-packages/airflow/example_dags/example_dynamic_task_mapping_with_no_taskflow_operators.py for tasks to queue
[2025-04-04T15:21:45.835+0000] {logging_mixin.py:190} INFO - [2025-04-04T15:21:45.835+0000] {dagbag.py:588} INFO - Filling up the DagBag from /home/ubuntu/venv/lib/python3.12/site-packages/airflow/example_dags/example_dynamic_task_mapping_with_no_taskflow_operators.py
[2025-04-04T15:21:45.844+0000] {processor.py:925} INFO - DAG(s) 'example_dynamic_task_mapping_with_no_taskflow_operators' retrieved from /home/ubuntu/venv/lib/python3.12/site-packages/airflow/example_dags/example_dynamic_task_mapping_with_no_taskflow_operators.py
[2025-04-04T15:21:45.857+0000] {logging_mixin.py:190} INFO - [2025-04-04T15:21:45.857+0000] {dag.py:3239} INFO - Sync 1 DAGs
[2025-04-04T15:21:45.868+0000] {logging_mixin.py:190} INFO - [2025-04-04T15:21:45.868+0000] {dag.py:4180} INFO - Setting next_dagrun for example_dynamic_task_mapping_with_no_taskflow_operators to None, run_after=None
[2025-04-04T15:21:45.887+0000] {processor.py:208} INFO - Processing /home/ubuntu/venv/lib/python3.12/site-packages/airflow/example_dags/example_dynamic_task_mapping_with_no_taskflow_operators.py took 0.061 seconds
