[2025-04-04T15:18:57.678+0000] {processor.py:186} INFO - Started process (PID=3350) to work on /home/ubuntu/venv/lib/python3.12/site-packages/airflow/example_dags/example_datasets.py
[2025-04-04T15:18:57.679+0000] {processor.py:914} INFO - Processing file /home/ubuntu/venv/lib/python3.12/site-packages/airflow/example_dags/example_datasets.py for tasks to queue
[2025-04-04T15:18:57.681+0000] {logging_mixin.py:190} INFO - [2025-04-04T15:18:57.681+0000] {dagbag.py:588} INFO - Filling up the DagBag from /home/ubuntu/venv/lib/python3.12/site-packages/airflow/example_dags/example_datasets.py
[2025-04-04T15:18:57.696+0000] {processor.py:925} INFO - DAG(s) 'dataset_produces_2', 'dataset_consumes_1', 'dataset_consumes_1_never_scheduled', 'dataset_produces_1', 'consume_1_or_2_with_dataset_expressions', 'conditional_dataset_and_time_based_timetable', 'consume_1_or_both_2_and_3_with_dataset_expressions', 'dataset_consumes_1_and_2', 'consume_1_and_2_with_dataset_expressions', 'dataset_consumes_unknown_never_scheduled' retrieved from /home/ubuntu/venv/lib/python3.12/site-packages/airflow/example_dags/example_datasets.py
[2025-04-04T15:18:57.793+0000] {logging_mixin.py:190} INFO - [2025-04-04T15:18:57.792+0000] {override.py:1930} INFO - Created Permission View: can edit on DAG:dataset_produces_2
[2025-04-04T15:18:57.805+0000] {logging_mixin.py:190} INFO - [2025-04-04T15:18:57.805+0000] {override.py:1930} INFO - Created Permission View: can read on DAG:dataset_produces_2
[2025-04-04T15:18:57.816+0000] {logging_mixin.py:190} INFO - [2025-04-04T15:18:57.816+0000] {override.py:1930} INFO - Created Permission View: can delete on DAG:dataset_produces_2
[2025-04-04T15:18:57.833+0000] {logging_mixin.py:190} INFO - [2025-04-04T15:18:57.833+0000] {override.py:1930} INFO - Created Permission View: can create on DAG Run:dataset_produces_2
[2025-04-04T15:18:57.844+0000] {logging_mixin.py:190} INFO - [2025-04-04T15:18:57.844+0000] {override.py:1930} INFO - Created Permission View: can read on DAG Run:dataset_produces_2
[2025-04-04T15:18:57.855+0000] {logging_mixin.py:190} INFO - [2025-04-04T15:18:57.855+0000] {override.py:1930} INFO - Created Permission View: can delete on DAG Run:dataset_produces_2
[2025-04-04T15:18:57.866+0000] {logging_mixin.py:190} INFO - [2025-04-04T15:18:57.866+0000] {override.py:1930} INFO - Created Permission View: menu access on DAG Run:dataset_produces_2
[2025-04-04T15:18:57.889+0000] {logging_mixin.py:190} INFO - [2025-04-04T15:18:57.888+0000] {override.py:1930} INFO - Created Permission View: can edit on DAG:dataset_consumes_1
[2025-04-04T15:18:57.900+0000] {logging_mixin.py:190} INFO - [2025-04-04T15:18:57.900+0000] {override.py:1930} INFO - Created Permission View: can read on DAG:dataset_consumes_1
[2025-04-04T15:18:57.911+0000] {logging_mixin.py:190} INFO - [2025-04-04T15:18:57.910+0000] {override.py:1930} INFO - Created Permission View: can delete on DAG:dataset_consumes_1
[2025-04-04T15:18:57.928+0000] {logging_mixin.py:190} INFO - [2025-04-04T15:18:57.928+0000] {override.py:1930} INFO - Created Permission View: can create on DAG Run:dataset_consumes_1
[2025-04-04T15:18:57.939+0000] {logging_mixin.py:190} INFO - [2025-04-04T15:18:57.939+0000] {override.py:1930} INFO - Created Permission View: can read on DAG Run:dataset_consumes_1
[2025-04-04T15:18:57.949+0000] {logging_mixin.py:190} INFO - [2025-04-04T15:18:57.948+0000] {override.py:1930} INFO - Created Permission View: can delete on DAG Run:dataset_consumes_1
[2025-04-04T15:18:57.960+0000] {logging_mixin.py:190} INFO - [2025-04-04T15:18:57.960+0000] {override.py:1930} INFO - Created Permission View: menu access on DAG Run:dataset_consumes_1
[2025-04-04T15:18:57.987+0000] {logging_mixin.py:190} INFO - [2025-04-04T15:18:57.986+0000] {override.py:1930} INFO - Created Permission View: can edit on DAG:dataset_consumes_1_never_scheduled
[2025-04-04T15:18:57.997+0000] {logging_mixin.py:190} INFO - [2025-04-04T15:18:57.997+0000] {override.py:1930} INFO - Created Permission View: can read on DAG:dataset_consumes_1_never_scheduled
[2025-04-04T15:18:58.009+0000] {logging_mixin.py:190} INFO - [2025-04-04T15:18:58.008+0000] {override.py:1930} INFO - Created Permission View: can delete on DAG:dataset_consumes_1_never_scheduled
[2025-04-04T15:18:58.026+0000] {logging_mixin.py:190} INFO - [2025-04-04T15:18:58.025+0000] {override.py:1930} INFO - Created Permission View: can create on DAG Run:dataset_consumes_1_never_scheduled
[2025-04-04T15:18:58.037+0000] {logging_mixin.py:190} INFO - [2025-04-04T15:18:58.036+0000] {override.py:1930} INFO - Created Permission View: can read on DAG Run:dataset_consumes_1_never_scheduled
[2025-04-04T15:18:58.048+0000] {logging_mixin.py:190} INFO - [2025-04-04T15:18:58.047+0000] {override.py:1930} INFO - Created Permission View: can delete on DAG Run:dataset_consumes_1_never_scheduled
[2025-04-04T15:18:58.058+0000] {logging_mixin.py:190} INFO - [2025-04-04T15:18:58.057+0000] {override.py:1930} INFO - Created Permission View: menu access on DAG Run:dataset_consumes_1_never_scheduled
[2025-04-04T15:18:58.080+0000] {logging_mixin.py:190} INFO - [2025-04-04T15:18:58.080+0000] {override.py:1930} INFO - Created Permission View: can edit on DAG:dataset_produces_1
[2025-04-04T15:18:58.092+0000] {logging_mixin.py:190} INFO - [2025-04-04T15:18:58.091+0000] {override.py:1930} INFO - Created Permission View: can read on DAG:dataset_produces_1
[2025-04-04T15:18:58.102+0000] {logging_mixin.py:190} INFO - [2025-04-04T15:18:58.102+0000] {override.py:1930} INFO - Created Permission View: can delete on DAG:dataset_produces_1
[2025-04-04T15:18:58.120+0000] {logging_mixin.py:190} INFO - [2025-04-04T15:18:58.120+0000] {override.py:1930} INFO - Created Permission View: can create on DAG Run:dataset_produces_1
[2025-04-04T15:18:58.129+0000] {logging_mixin.py:190} INFO - [2025-04-04T15:18:58.129+0000] {override.py:1930} INFO - Created Permission View: can read on DAG Run:dataset_produces_1
[2025-04-04T15:18:58.140+0000] {logging_mixin.py:190} INFO - [2025-04-04T15:18:58.140+0000] {override.py:1930} INFO - Created Permission View: can delete on DAG Run:dataset_produces_1
[2025-04-04T15:18:58.151+0000] {logging_mixin.py:190} INFO - [2025-04-04T15:18:58.151+0000] {override.py:1930} INFO - Created Permission View: menu access on DAG Run:dataset_produces_1
[2025-04-04T15:18:58.177+0000] {logging_mixin.py:190} INFO - [2025-04-04T15:18:58.177+0000] {override.py:1930} INFO - Created Permission View: can edit on DAG:consume_1_or_2_with_dataset_expressions
[2025-04-04T15:18:58.187+0000] {logging_mixin.py:190} INFO - [2025-04-04T15:18:58.187+0000] {override.py:1930} INFO - Created Permission View: can read on DAG:consume_1_or_2_with_dataset_expressions
[2025-04-04T15:18:58.198+0000] {logging_mixin.py:190} INFO - [2025-04-04T15:18:58.198+0000] {override.py:1930} INFO - Created Permission View: can delete on DAG:consume_1_or_2_with_dataset_expressions
[2025-04-04T15:18:58.218+0000] {logging_mixin.py:190} INFO - [2025-04-04T15:18:58.218+0000] {override.py:1930} INFO - Created Permission View: can create on DAG Run:consume_1_or_2_with_dataset_expressions
[2025-04-04T15:18:58.230+0000] {logging_mixin.py:190} INFO - [2025-04-04T15:18:58.229+0000] {override.py:1930} INFO - Created Permission View: can read on DAG Run:consume_1_or_2_with_dataset_expressions
[2025-04-04T15:18:58.241+0000] {logging_mixin.py:190} INFO - [2025-04-04T15:18:58.241+0000] {override.py:1930} INFO - Created Permission View: can delete on DAG Run:consume_1_or_2_with_dataset_expressions
[2025-04-04T15:18:58.252+0000] {logging_mixin.py:190} INFO - [2025-04-04T15:18:58.251+0000] {override.py:1930} INFO - Created Permission View: menu access on DAG Run:consume_1_or_2_with_dataset_expressions
[2025-04-04T15:18:58.283+0000] {logging_mixin.py:190} INFO - [2025-04-04T15:18:58.283+0000] {override.py:1930} INFO - Created Permission View: can edit on DAG:conditional_dataset_and_time_based_timetable
[2025-04-04T15:18:58.294+0000] {logging_mixin.py:190} INFO - [2025-04-04T15:18:58.293+0000] {override.py:1930} INFO - Created Permission View: can read on DAG:conditional_dataset_and_time_based_timetable
[2025-04-04T15:18:58.305+0000] {logging_mixin.py:190} INFO - [2025-04-04T15:18:58.305+0000] {override.py:1930} INFO - Created Permission View: can delete on DAG:conditional_dataset_and_time_based_timetable
[2025-04-04T15:18:58.324+0000] {logging_mixin.py:190} INFO - [2025-04-04T15:18:58.323+0000] {override.py:1930} INFO - Created Permission View: can create on DAG Run:conditional_dataset_and_time_based_timetable
[2025-04-04T15:18:58.333+0000] {logging_mixin.py:190} INFO - [2025-04-04T15:18:58.333+0000] {override.py:1930} INFO - Created Permission View: can read on DAG Run:conditional_dataset_and_time_based_timetable
[2025-04-04T15:18:58.343+0000] {logging_mixin.py:190} INFO - [2025-04-04T15:18:58.343+0000] {override.py:1930} INFO - Created Permission View: can delete on DAG Run:conditional_dataset_and_time_based_timetable
[2025-04-04T15:18:58.353+0000] {logging_mixin.py:190} INFO - [2025-04-04T15:18:58.353+0000] {override.py:1930} INFO - Created Permission View: menu access on DAG Run:conditional_dataset_and_time_based_timetable
[2025-04-04T15:18:58.375+0000] {logging_mixin.py:190} INFO - [2025-04-04T15:18:58.375+0000] {override.py:1930} INFO - Created Permission View: can edit on DAG:consume_1_or_both_2_and_3_with_dataset_expressions
[2025-04-04T15:18:58.387+0000] {logging_mixin.py:190} INFO - [2025-04-04T15:18:58.387+0000] {override.py:1930} INFO - Created Permission View: can read on DAG:consume_1_or_both_2_and_3_with_dataset_expressions
[2025-04-04T15:18:58.396+0000] {logging_mixin.py:190} INFO - [2025-04-04T15:18:58.396+0000] {override.py:1930} INFO - Created Permission View: can delete on DAG:consume_1_or_both_2_and_3_with_dataset_expressions
[2025-04-04T15:18:58.412+0000] {logging_mixin.py:190} INFO - [2025-04-04T15:18:58.412+0000] {override.py:1930} INFO - Created Permission View: can create on DAG Run:consume_1_or_both_2_and_3_with_dataset_expressions
[2025-04-04T15:18:58.425+0000] {logging_mixin.py:190} INFO - [2025-04-04T15:18:58.424+0000] {override.py:1930} INFO - Created Permission View: can read on DAG Run:consume_1_or_both_2_and_3_with_dataset_expressions
[2025-04-04T15:18:58.433+0000] {logging_mixin.py:190} INFO - [2025-04-04T15:18:58.433+0000] {override.py:1930} INFO - Created Permission View: can delete on DAG Run:consume_1_or_both_2_and_3_with_dataset_expressions
[2025-04-04T15:18:58.443+0000] {logging_mixin.py:190} INFO - [2025-04-04T15:18:58.443+0000] {override.py:1930} INFO - Created Permission View: menu access on DAG Run:consume_1_or_both_2_and_3_with_dataset_expressions
[2025-04-04T15:18:58.464+0000] {logging_mixin.py:190} INFO - [2025-04-04T15:18:58.464+0000] {override.py:1930} INFO - Created Permission View: can edit on DAG:dataset_consumes_1_and_2
[2025-04-04T15:18:58.476+0000] {logging_mixin.py:190} INFO - [2025-04-04T15:18:58.476+0000] {override.py:1930} INFO - Created Permission View: can read on DAG:dataset_consumes_1_and_2
[2025-04-04T15:18:58.484+0000] {logging_mixin.py:190} INFO - [2025-04-04T15:18:58.484+0000] {override.py:1930} INFO - Created Permission View: can delete on DAG:dataset_consumes_1_and_2
[2025-04-04T15:18:58.502+0000] {logging_mixin.py:190} INFO - [2025-04-04T15:18:58.501+0000] {override.py:1930} INFO - Created Permission View: can create on DAG Run:dataset_consumes_1_and_2
[2025-04-04T15:18:58.512+0000] {logging_mixin.py:190} INFO - [2025-04-04T15:18:58.512+0000] {override.py:1930} INFO - Created Permission View: can read on DAG Run:dataset_consumes_1_and_2
[2025-04-04T15:18:58.521+0000] {logging_mixin.py:190} INFO - [2025-04-04T15:18:58.521+0000] {override.py:1930} INFO - Created Permission View: can delete on DAG Run:dataset_consumes_1_and_2
[2025-04-04T15:18:58.532+0000] {logging_mixin.py:190} INFO - [2025-04-04T15:18:58.532+0000] {override.py:1930} INFO - Created Permission View: menu access on DAG Run:dataset_consumes_1_and_2
[2025-04-04T15:18:58.557+0000] {logging_mixin.py:190} INFO - [2025-04-04T15:18:58.556+0000] {override.py:1930} INFO - Created Permission View: can edit on DAG:consume_1_and_2_with_dataset_expressions
[2025-04-04T15:18:58.566+0000] {logging_mixin.py:190} INFO - [2025-04-04T15:18:58.566+0000] {override.py:1930} INFO - Created Permission View: can read on DAG:consume_1_and_2_with_dataset_expressions
[2025-04-04T15:18:58.577+0000] {logging_mixin.py:190} INFO - [2025-04-04T15:18:58.576+0000] {override.py:1930} INFO - Created Permission View: can delete on DAG:consume_1_and_2_with_dataset_expressions
[2025-04-04T15:18:58.596+0000] {logging_mixin.py:190} INFO - [2025-04-04T15:18:58.595+0000] {override.py:1930} INFO - Created Permission View: can create on DAG Run:consume_1_and_2_with_dataset_expressions
[2025-04-04T15:18:58.606+0000] {logging_mixin.py:190} INFO - [2025-04-04T15:18:58.606+0000] {override.py:1930} INFO - Created Permission View: can read on DAG Run:consume_1_and_2_with_dataset_expressions
[2025-04-04T15:18:58.616+0000] {logging_mixin.py:190} INFO - [2025-04-04T15:18:58.616+0000] {override.py:1930} INFO - Created Permission View: can delete on DAG Run:consume_1_and_2_with_dataset_expressions
[2025-04-04T15:18:58.626+0000] {logging_mixin.py:190} INFO - [2025-04-04T15:18:58.626+0000] {override.py:1930} INFO - Created Permission View: menu access on DAG Run:consume_1_and_2_with_dataset_expressions
[2025-04-04T15:18:58.650+0000] {logging_mixin.py:190} INFO - [2025-04-04T15:18:58.650+0000] {override.py:1930} INFO - Created Permission View: can edit on DAG:dataset_consumes_unknown_never_scheduled
[2025-04-04T15:18:58.660+0000] {logging_mixin.py:190} INFO - [2025-04-04T15:18:58.659+0000] {override.py:1930} INFO - Created Permission View: can read on DAG:dataset_consumes_unknown_never_scheduled
[2025-04-04T15:18:58.672+0000] {logging_mixin.py:190} INFO - [2025-04-04T15:18:58.672+0000] {override.py:1930} INFO - Created Permission View: can delete on DAG:dataset_consumes_unknown_never_scheduled
[2025-04-04T15:18:58.689+0000] {logging_mixin.py:190} INFO - [2025-04-04T15:18:58.689+0000] {override.py:1930} INFO - Created Permission View: can create on DAG Run:dataset_consumes_unknown_never_scheduled
[2025-04-04T15:18:58.701+0000] {logging_mixin.py:190} INFO - [2025-04-04T15:18:58.701+0000] {override.py:1930} INFO - Created Permission View: can read on DAG Run:dataset_consumes_unknown_never_scheduled
[2025-04-04T15:18:58.710+0000] {logging_mixin.py:190} INFO - [2025-04-04T15:18:58.709+0000] {override.py:1930} INFO - Created Permission View: can delete on DAG Run:dataset_consumes_unknown_never_scheduled
[2025-04-04T15:18:58.719+0000] {logging_mixin.py:190} INFO - [2025-04-04T15:18:58.719+0000] {override.py:1930} INFO - Created Permission View: menu access on DAG Run:dataset_consumes_unknown_never_scheduled
[2025-04-04T15:18:58.719+0000] {logging_mixin.py:190} INFO - [2025-04-04T15:18:58.719+0000] {dag.py:3239} INFO - Sync 10 DAGs
[2025-04-04T15:18:58.729+0000] {logging_mixin.py:190} INFO - [2025-04-04T15:18:58.728+0000] {dag.py:3262} INFO - Creating ORM DAG for dataset_consumes_1_and_2
[2025-04-04T15:18:58.729+0000] {logging_mixin.py:190} INFO - [2025-04-04T15:18:58.729+0000] {dag.py:3262} INFO - Creating ORM DAG for consume_1_or_both_2_and_3_with_dataset_expressions
[2025-04-04T15:18:58.729+0000] {logging_mixin.py:190} INFO - [2025-04-04T15:18:58.729+0000] {dag.py:3262} INFO - Creating ORM DAG for conditional_dataset_and_time_based_timetable
[2025-04-04T15:18:58.730+0000] {logging_mixin.py:190} INFO - [2025-04-04T15:18:58.730+0000] {dag.py:3262} INFO - Creating ORM DAG for dataset_consumes_unknown_never_scheduled
[2025-04-04T15:18:58.730+0000] {logging_mixin.py:190} INFO - [2025-04-04T15:18:58.730+0000] {dag.py:3262} INFO - Creating ORM DAG for dataset_produces_2
[2025-04-04T15:18:58.730+0000] {logging_mixin.py:190} INFO - [2025-04-04T15:18:58.730+0000] {dag.py:3262} INFO - Creating ORM DAG for consume_1_and_2_with_dataset_expressions
[2025-04-04T15:18:58.730+0000] {logging_mixin.py:190} INFO - [2025-04-04T15:18:58.730+0000] {dag.py:3262} INFO - Creating ORM DAG for dataset_consumes_1_never_scheduled
[2025-04-04T15:18:58.731+0000] {logging_mixin.py:190} INFO - [2025-04-04T15:18:58.731+0000] {dag.py:3262} INFO - Creating ORM DAG for consume_1_or_2_with_dataset_expressions
[2025-04-04T15:18:58.731+0000] {logging_mixin.py:190} INFO - [2025-04-04T15:18:58.731+0000] {dag.py:3262} INFO - Creating ORM DAG for dataset_consumes_1
[2025-04-04T15:18:58.732+0000] {logging_mixin.py:190} INFO - [2025-04-04T15:18:58.732+0000] {dag.py:3262} INFO - Creating ORM DAG for dataset_produces_1
[2025-04-04T15:18:58.740+0000] {logging_mixin.py:190} INFO - [2025-04-04T15:18:58.740+0000] {dag.py:4180} INFO - Setting next_dagrun for conditional_dataset_and_time_based_timetable to 2025-04-02 01:00:00+00:00, run_after=2025-04-02 01:00:00+00:00
[2025-04-04T15:18:58.740+0000] {logging_mixin.py:190} INFO - [2025-04-04T15:18:58.740+0000] {dag.py:4180} INFO - Setting next_dagrun for consume_1_and_2_with_dataset_expressions to None, run_after=None
[2025-04-04T15:18:58.740+0000] {logging_mixin.py:190} INFO - [2025-04-04T15:18:58.740+0000] {dag.py:4180} INFO - Setting next_dagrun for consume_1_or_2_with_dataset_expressions to None, run_after=None
[2025-04-04T15:18:58.741+0000] {logging_mixin.py:190} INFO - [2025-04-04T15:18:58.741+0000] {dag.py:4180} INFO - Setting next_dagrun for consume_1_or_both_2_and_3_with_dataset_expressions to None, run_after=None
[2025-04-04T15:18:58.741+0000] {logging_mixin.py:190} INFO - [2025-04-04T15:18:58.741+0000] {dag.py:4180} INFO - Setting next_dagrun for dataset_consumes_1 to None, run_after=None
[2025-04-04T15:18:58.741+0000] {logging_mixin.py:190} INFO - [2025-04-04T15:18:58.741+0000] {dag.py:4180} INFO - Setting next_dagrun for dataset_consumes_1_and_2 to None, run_after=None
[2025-04-04T15:18:58.741+0000] {logging_mixin.py:190} INFO - [2025-04-04T15:18:58.741+0000] {dag.py:4180} INFO - Setting next_dagrun for dataset_consumes_1_never_scheduled to None, run_after=None
[2025-04-04T15:18:58.743+0000] {logging_mixin.py:190} INFO - [2025-04-04T15:18:58.742+0000] {dag.py:4180} INFO - Setting next_dagrun for dataset_consumes_unknown_never_scheduled to None, run_after=None
[2025-04-04T15:18:58.744+0000] {logging_mixin.py:190} INFO - [2025-04-04T15:18:58.744+0000] {dag.py:4180} INFO - Setting next_dagrun for dataset_produces_1 to 2025-04-03 00:00:00+00:00, run_after=2025-04-04 00:00:00+00:00
[2025-04-04T15:18:58.744+0000] {logging_mixin.py:190} INFO - [2025-04-04T15:18:58.744+0000] {dag.py:4180} INFO - Setting next_dagrun for dataset_produces_2 to None, run_after=None
[2025-04-04T15:18:58.776+0000] {processor.py:208} INFO - Processing /home/ubuntu/venv/lib/python3.12/site-packages/airflow/example_dags/example_datasets.py took 1.103 seconds
[2025-04-04T15:19:55.633+0000] {processor.py:186} INFO - Started process (PID=3409) to work on /home/ubuntu/venv/lib/python3.12/site-packages/airflow/example_dags/example_datasets.py
[2025-04-04T15:19:55.635+0000] {processor.py:914} INFO - Processing file /home/ubuntu/venv/lib/python3.12/site-packages/airflow/example_dags/example_datasets.py for tasks to queue
[2025-04-04T15:19:55.637+0000] {logging_mixin.py:190} INFO - [2025-04-04T15:19:55.637+0000] {dagbag.py:588} INFO - Filling up the DagBag from /home/ubuntu/venv/lib/python3.12/site-packages/airflow/example_dags/example_datasets.py
[2025-04-04T15:19:55.651+0000] {processor.py:925} INFO - DAG(s) 'dataset_consumes_1_and_2', 'dataset_consumes_1_never_scheduled', 'dataset_consumes_1', 'consume_1_and_2_with_dataset_expressions', 'dataset_produces_1', 'consume_1_or_both_2_and_3_with_dataset_expressions', 'dataset_consumes_unknown_never_scheduled', 'dataset_produces_2', 'consume_1_or_2_with_dataset_expressions', 'conditional_dataset_and_time_based_timetable' retrieved from /home/ubuntu/venv/lib/python3.12/site-packages/airflow/example_dags/example_datasets.py
[2025-04-04T15:19:55.682+0000] {logging_mixin.py:190} INFO - [2025-04-04T15:19:55.682+0000] {dag.py:3239} INFO - Sync 10 DAGs
[2025-04-04T15:19:55.702+0000] {logging_mixin.py:190} INFO - [2025-04-04T15:19:55.702+0000] {dag.py:4180} INFO - Setting next_dagrun for conditional_dataset_and_time_based_timetable to 2025-04-02 01:00:00+00:00, run_after=2025-04-02 01:00:00+00:00
[2025-04-04T15:19:55.706+0000] {logging_mixin.py:190} INFO - [2025-04-04T15:19:55.706+0000] {dag.py:4180} INFO - Setting next_dagrun for consume_1_and_2_with_dataset_expressions to None, run_after=None
[2025-04-04T15:19:55.707+0000] {logging_mixin.py:190} INFO - [2025-04-04T15:19:55.707+0000] {dag.py:4180} INFO - Setting next_dagrun for consume_1_or_2_with_dataset_expressions to None, run_after=None
[2025-04-04T15:19:55.707+0000] {logging_mixin.py:190} INFO - [2025-04-04T15:19:55.707+0000] {dag.py:4180} INFO - Setting next_dagrun for consume_1_or_both_2_and_3_with_dataset_expressions to None, run_after=None
[2025-04-04T15:19:55.708+0000] {logging_mixin.py:190} INFO - [2025-04-04T15:19:55.708+0000] {dag.py:4180} INFO - Setting next_dagrun for dataset_consumes_1 to None, run_after=None
[2025-04-04T15:19:55.708+0000] {logging_mixin.py:190} INFO - [2025-04-04T15:19:55.708+0000] {dag.py:4180} INFO - Setting next_dagrun for dataset_consumes_1_and_2 to None, run_after=None
[2025-04-04T15:19:55.710+0000] {logging_mixin.py:190} INFO - [2025-04-04T15:19:55.710+0000] {dag.py:4180} INFO - Setting next_dagrun for dataset_consumes_1_never_scheduled to None, run_after=None
[2025-04-04T15:19:55.710+0000] {logging_mixin.py:190} INFO - [2025-04-04T15:19:55.710+0000] {dag.py:4180} INFO - Setting next_dagrun for dataset_consumes_unknown_never_scheduled to None, run_after=None
[2025-04-04T15:19:55.712+0000] {logging_mixin.py:190} INFO - [2025-04-04T15:19:55.712+0000] {dag.py:4180} INFO - Setting next_dagrun for dataset_produces_1 to 2025-04-03 00:00:00+00:00, run_after=2025-04-04 00:00:00+00:00
[2025-04-04T15:19:55.713+0000] {logging_mixin.py:190} INFO - [2025-04-04T15:19:55.713+0000] {dag.py:4180} INFO - Setting next_dagrun for dataset_produces_2 to None, run_after=None
[2025-04-04T15:19:55.742+0000] {processor.py:208} INFO - Processing /home/ubuntu/venv/lib/python3.12/site-packages/airflow/example_dags/example_datasets.py took 0.114 seconds
[2025-04-04T15:20:51.379+0000] {processor.py:186} INFO - Started process (PID=3473) to work on /home/ubuntu/venv/lib/python3.12/site-packages/airflow/example_dags/example_datasets.py
[2025-04-04T15:20:51.381+0000] {processor.py:914} INFO - Processing file /home/ubuntu/venv/lib/python3.12/site-packages/airflow/example_dags/example_datasets.py for tasks to queue
[2025-04-04T15:20:51.382+0000] {logging_mixin.py:190} INFO - [2025-04-04T15:20:51.382+0000] {dagbag.py:588} INFO - Filling up the DagBag from /home/ubuntu/venv/lib/python3.12/site-packages/airflow/example_dags/example_datasets.py
[2025-04-04T15:20:51.397+0000] {processor.py:925} INFO - DAG(s) 'dataset_consumes_1_never_scheduled', 'conditional_dataset_and_time_based_timetable', 'consume_1_or_2_with_dataset_expressions', 'dataset_consumes_1', 'dataset_produces_1', 'consume_1_or_both_2_and_3_with_dataset_expressions', 'consume_1_and_2_with_dataset_expressions', 'dataset_consumes_unknown_never_scheduled', 'dataset_consumes_1_and_2', 'dataset_produces_2' retrieved from /home/ubuntu/venv/lib/python3.12/site-packages/airflow/example_dags/example_datasets.py
[2025-04-04T15:20:51.428+0000] {logging_mixin.py:190} INFO - [2025-04-04T15:20:51.428+0000] {dag.py:3239} INFO - Sync 10 DAGs
[2025-04-04T15:20:51.448+0000] {logging_mixin.py:190} INFO - [2025-04-04T15:20:51.448+0000] {dag.py:4180} INFO - Setting next_dagrun for conditional_dataset_and_time_based_timetable to 2025-04-02 01:00:00+00:00, run_after=2025-04-02 01:00:00+00:00
[2025-04-04T15:20:51.451+0000] {logging_mixin.py:190} INFO - [2025-04-04T15:20:51.451+0000] {dag.py:4180} INFO - Setting next_dagrun for consume_1_and_2_with_dataset_expressions to None, run_after=None
[2025-04-04T15:20:51.452+0000] {logging_mixin.py:190} INFO - [2025-04-04T15:20:51.452+0000] {dag.py:4180} INFO - Setting next_dagrun for consume_1_or_2_with_dataset_expressions to None, run_after=None
[2025-04-04T15:20:51.453+0000] {logging_mixin.py:190} INFO - [2025-04-04T15:20:51.453+0000] {dag.py:4180} INFO - Setting next_dagrun for consume_1_or_both_2_and_3_with_dataset_expressions to None, run_after=None
[2025-04-04T15:20:51.454+0000] {logging_mixin.py:190} INFO - [2025-04-04T15:20:51.453+0000] {dag.py:4180} INFO - Setting next_dagrun for dataset_consumes_1 to None, run_after=None
[2025-04-04T15:20:51.454+0000] {logging_mixin.py:190} INFO - [2025-04-04T15:20:51.454+0000] {dag.py:4180} INFO - Setting next_dagrun for dataset_consumes_1_and_2 to None, run_after=None
[2025-04-04T15:20:51.455+0000] {logging_mixin.py:190} INFO - [2025-04-04T15:20:51.455+0000] {dag.py:4180} INFO - Setting next_dagrun for dataset_consumes_1_never_scheduled to None, run_after=None
[2025-04-04T15:20:51.455+0000] {logging_mixin.py:190} INFO - [2025-04-04T15:20:51.455+0000] {dag.py:4180} INFO - Setting next_dagrun for dataset_consumes_unknown_never_scheduled to None, run_after=None
[2025-04-04T15:20:51.458+0000] {logging_mixin.py:190} INFO - [2025-04-04T15:20:51.457+0000] {dag.py:4180} INFO - Setting next_dagrun for dataset_produces_1 to 2025-04-03 00:00:00+00:00, run_after=2025-04-04 00:00:00+00:00
[2025-04-04T15:20:51.459+0000] {logging_mixin.py:190} INFO - [2025-04-04T15:20:51.458+0000] {dag.py:4180} INFO - Setting next_dagrun for dataset_produces_2 to None, run_after=None
[2025-04-04T15:20:51.485+0000] {processor.py:208} INFO - Processing /home/ubuntu/venv/lib/python3.12/site-packages/airflow/example_dags/example_datasets.py took 0.111 seconds
[2025-04-04T15:21:46.970+0000] {processor.py:186} INFO - Started process (PID=3536) to work on /home/ubuntu/venv/lib/python3.12/site-packages/airflow/example_dags/example_datasets.py
[2025-04-04T15:21:46.972+0000] {processor.py:914} INFO - Processing file /home/ubuntu/venv/lib/python3.12/site-packages/airflow/example_dags/example_datasets.py for tasks to queue
[2025-04-04T15:21:46.974+0000] {logging_mixin.py:190} INFO - [2025-04-04T15:21:46.974+0000] {dagbag.py:588} INFO - Filling up the DagBag from /home/ubuntu/venv/lib/python3.12/site-packages/airflow/example_dags/example_datasets.py
[2025-04-04T15:21:46.988+0000] {processor.py:925} INFO - DAG(s) 'consume_1_or_both_2_and_3_with_dataset_expressions', 'dataset_consumes_1_and_2', 'dataset_produces_2', 'consume_1_or_2_with_dataset_expressions', 'dataset_produces_1', 'conditional_dataset_and_time_based_timetable', 'dataset_consumes_unknown_never_scheduled', 'dataset_consumes_1_never_scheduled', 'dataset_consumes_1', 'consume_1_and_2_with_dataset_expressions' retrieved from /home/ubuntu/venv/lib/python3.12/site-packages/airflow/example_dags/example_datasets.py
[2025-04-04T15:21:47.021+0000] {logging_mixin.py:190} INFO - [2025-04-04T15:21:47.020+0000] {dag.py:3239} INFO - Sync 10 DAGs
[2025-04-04T15:21:47.041+0000] {logging_mixin.py:190} INFO - [2025-04-04T15:21:47.041+0000] {dag.py:4180} INFO - Setting next_dagrun for conditional_dataset_and_time_based_timetable to 2025-04-02 01:00:00+00:00, run_after=2025-04-02 01:00:00+00:00
[2025-04-04T15:21:47.044+0000] {logging_mixin.py:190} INFO - [2025-04-04T15:21:47.044+0000] {dag.py:4180} INFO - Setting next_dagrun for consume_1_and_2_with_dataset_expressions to None, run_after=None
[2025-04-04T15:21:47.045+0000] {logging_mixin.py:190} INFO - [2025-04-04T15:21:47.045+0000] {dag.py:4180} INFO - Setting next_dagrun for consume_1_or_2_with_dataset_expressions to None, run_after=None
[2025-04-04T15:21:47.046+0000] {logging_mixin.py:190} INFO - [2025-04-04T15:21:47.046+0000] {dag.py:4180} INFO - Setting next_dagrun for consume_1_or_both_2_and_3_with_dataset_expressions to None, run_after=None
[2025-04-04T15:21:47.046+0000] {logging_mixin.py:190} INFO - [2025-04-04T15:21:47.046+0000] {dag.py:4180} INFO - Setting next_dagrun for dataset_consumes_1 to None, run_after=None
[2025-04-04T15:21:47.047+0000] {logging_mixin.py:190} INFO - [2025-04-04T15:21:47.047+0000] {dag.py:4180} INFO - Setting next_dagrun for dataset_consumes_1_and_2 to None, run_after=None
[2025-04-04T15:21:47.048+0000] {logging_mixin.py:190} INFO - [2025-04-04T15:21:47.048+0000] {dag.py:4180} INFO - Setting next_dagrun for dataset_consumes_1_never_scheduled to None, run_after=None
[2025-04-04T15:21:47.048+0000] {logging_mixin.py:190} INFO - [2025-04-04T15:21:47.048+0000] {dag.py:4180} INFO - Setting next_dagrun for dataset_consumes_unknown_never_scheduled to None, run_after=None
[2025-04-04T15:21:47.051+0000] {logging_mixin.py:190} INFO - [2025-04-04T15:21:47.050+0000] {dag.py:4180} INFO - Setting next_dagrun for dataset_produces_1 to 2025-04-03 00:00:00+00:00, run_after=2025-04-04 00:00:00+00:00
[2025-04-04T15:21:47.051+0000] {logging_mixin.py:190} INFO - [2025-04-04T15:21:47.051+0000] {dag.py:4180} INFO - Setting next_dagrun for dataset_produces_2 to None, run_after=None
[2025-04-04T15:21:47.081+0000] {processor.py:208} INFO - Processing /home/ubuntu/venv/lib/python3.12/site-packages/airflow/example_dags/example_datasets.py took 0.116 seconds
