[2025-04-04T15:18:36.485+0000] {processor.py:186} INFO - Started process (PID=3331) to work on /home/ubuntu/venv/lib/python3.12/site-packages/airflow/example_dags/example_outlet_event_extra.py
[2025-04-04T15:18:36.486+0000] {processor.py:914} INFO - Processing file /home/ubuntu/venv/lib/python3.12/site-packages/airflow/example_dags/example_outlet_event_extra.py for tasks to queue
[2025-04-04T15:18:36.488+0000] {logging_mixin.py:190} INFO - [2025-04-04T15:18:36.488+0000] {dagbag.py:588} INFO - Filling up the DagBag from /home/ubuntu/venv/lib/python3.12/site-packages/airflow/example_dags/example_outlet_event_extra.py
[2025-04-04T15:18:36.502+0000] {processor.py:925} INFO - DAG(s) 'dataset_with_extra_by_context', 'dataset_with_extra_from_classic_operator', 'dataset_with_extra_by_yield' retrieved from /home/ubuntu/venv/lib/python3.12/site-packages/airflow/example_dags/example_outlet_event_extra.py
[2025-04-04T15:18:36.601+0000] {logging_mixin.py:190} INFO - [2025-04-04T15:18:36.600+0000] {override.py:1930} INFO - Created Permission View: can edit on DAG:dataset_with_extra_by_context
[2025-04-04T15:18:36.614+0000] {logging_mixin.py:190} INFO - [2025-04-04T15:18:36.614+0000] {override.py:1930} INFO - Created Permission View: can read on DAG:dataset_with_extra_by_context
[2025-04-04T15:18:36.625+0000] {logging_mixin.py:190} INFO - [2025-04-04T15:18:36.625+0000] {override.py:1930} INFO - Created Permission View: can delete on DAG:dataset_with_extra_by_context
[2025-04-04T15:18:36.643+0000] {logging_mixin.py:190} INFO - [2025-04-04T15:18:36.643+0000] {override.py:1930} INFO - Created Permission View: can create on DAG Run:dataset_with_extra_by_context
[2025-04-04T15:18:36.654+0000] {logging_mixin.py:190} INFO - [2025-04-04T15:18:36.654+0000] {override.py:1930} INFO - Created Permission View: can read on DAG Run:dataset_with_extra_by_context
[2025-04-04T15:18:36.665+0000] {logging_mixin.py:190} INFO - [2025-04-04T15:18:36.665+0000] {override.py:1930} INFO - Created Permission View: can delete on DAG Run:dataset_with_extra_by_context
[2025-04-04T15:18:36.675+0000] {logging_mixin.py:190} INFO - [2025-04-04T15:18:36.675+0000] {override.py:1930} INFO - Created Permission View: menu access on DAG Run:dataset_with_extra_by_context
[2025-04-04T15:18:36.702+0000] {logging_mixin.py:190} INFO - [2025-04-04T15:18:36.702+0000] {override.py:1930} INFO - Created Permission View: can edit on DAG:dataset_with_extra_from_classic_operator
[2025-04-04T15:18:36.713+0000] {logging_mixin.py:190} INFO - [2025-04-04T15:18:36.712+0000] {override.py:1930} INFO - Created Permission View: can read on DAG:dataset_with_extra_from_classic_operator
[2025-04-04T15:18:36.722+0000] {logging_mixin.py:190} INFO - [2025-04-04T15:18:36.721+0000] {override.py:1930} INFO - Created Permission View: can delete on DAG:dataset_with_extra_from_classic_operator
[2025-04-04T15:18:36.739+0000] {logging_mixin.py:190} INFO - [2025-04-04T15:18:36.739+0000] {override.py:1930} INFO - Created Permission View: can create on DAG Run:dataset_with_extra_from_classic_operator
[2025-04-04T15:18:36.749+0000] {logging_mixin.py:190} INFO - [2025-04-04T15:18:36.749+0000] {override.py:1930} INFO - Created Permission View: can read on DAG Run:dataset_with_extra_from_classic_operator
[2025-04-04T15:18:36.760+0000] {logging_mixin.py:190} INFO - [2025-04-04T15:18:36.759+0000] {override.py:1930} INFO - Created Permission View: can delete on DAG Run:dataset_with_extra_from_classic_operator
[2025-04-04T15:18:36.769+0000] {logging_mixin.py:190} INFO - [2025-04-04T15:18:36.769+0000] {override.py:1930} INFO - Created Permission View: menu access on DAG Run:dataset_with_extra_from_classic_operator
[2025-04-04T15:18:36.789+0000] {logging_mixin.py:190} INFO - [2025-04-04T15:18:36.789+0000] {override.py:1930} INFO - Created Permission View: can edit on DAG:dataset_with_extra_by_yield
[2025-04-04T15:18:36.801+0000] {logging_mixin.py:190} INFO - [2025-04-04T15:18:36.801+0000] {override.py:1930} INFO - Created Permission View: can read on DAG:dataset_with_extra_by_yield
[2025-04-04T15:18:36.811+0000] {logging_mixin.py:190} INFO - [2025-04-04T15:18:36.811+0000] {override.py:1930} INFO - Created Permission View: can delete on DAG:dataset_with_extra_by_yield
[2025-04-04T15:18:36.831+0000] {logging_mixin.py:190} INFO - [2025-04-04T15:18:36.831+0000] {override.py:1930} INFO - Created Permission View: can create on DAG Run:dataset_with_extra_by_yield
[2025-04-04T15:18:36.841+0000] {logging_mixin.py:190} INFO - [2025-04-04T15:18:36.841+0000] {override.py:1930} INFO - Created Permission View: can read on DAG Run:dataset_with_extra_by_yield
[2025-04-04T15:18:36.850+0000] {logging_mixin.py:190} INFO - [2025-04-04T15:18:36.850+0000] {override.py:1930} INFO - Created Permission View: can delete on DAG Run:dataset_with_extra_by_yield
[2025-04-04T15:18:36.861+0000] {logging_mixin.py:190} INFO - [2025-04-04T15:18:36.861+0000] {override.py:1930} INFO - Created Permission View: menu access on DAG Run:dataset_with_extra_by_yield
[2025-04-04T15:18:36.861+0000] {logging_mixin.py:190} INFO - [2025-04-04T15:18:36.861+0000] {dag.py:3239} INFO - Sync 3 DAGs
[2025-04-04T15:18:36.872+0000] {logging_mixin.py:190} INFO - [2025-04-04T15:18:36.872+0000] {dag.py:3262} INFO - Creating ORM DAG for dataset_with_extra_from_classic_operator
[2025-04-04T15:18:36.873+0000] {logging_mixin.py:190} INFO - [2025-04-04T15:18:36.873+0000] {dag.py:3262} INFO - Creating ORM DAG for dataset_with_extra_by_context
[2025-04-04T15:18:36.873+0000] {logging_mixin.py:190} INFO - [2025-04-04T15:18:36.873+0000] {dag.py:3262} INFO - Creating ORM DAG for dataset_with_extra_by_yield
[2025-04-04T15:18:36.882+0000] {logging_mixin.py:190} INFO - [2025-04-04T15:18:36.882+0000] {dag.py:4180} INFO - Setting next_dagrun for dataset_with_extra_by_context to 2025-04-03 00:00:00+00:00, run_after=2025-04-04 00:00:00+00:00
[2025-04-04T15:18:36.883+0000] {logging_mixin.py:190} INFO - [2025-04-04T15:18:36.883+0000] {dag.py:4180} INFO - Setting next_dagrun for dataset_with_extra_by_yield to 2025-04-03 00:00:00+00:00, run_after=2025-04-04 00:00:00+00:00
[2025-04-04T15:18:36.885+0000] {logging_mixin.py:190} INFO - [2025-04-04T15:18:36.885+0000] {dag.py:4180} INFO - Setting next_dagrun for dataset_with_extra_from_classic_operator to 2025-04-03 00:00:00+00:00, run_after=2025-04-04 00:00:00+00:00
[2025-04-04T15:18:36.911+0000] {processor.py:208} INFO - Processing /home/ubuntu/venv/lib/python3.12/site-packages/airflow/example_dags/example_outlet_event_extra.py took 0.430 seconds
[2025-04-04T15:19:37.640+0000] {processor.py:186} INFO - Started process (PID=3390) to work on /home/ubuntu/venv/lib/python3.12/site-packages/airflow/example_dags/example_outlet_event_extra.py
[2025-04-04T15:19:37.642+0000] {processor.py:914} INFO - Processing file /home/ubuntu/venv/lib/python3.12/site-packages/airflow/example_dags/example_outlet_event_extra.py for tasks to queue
[2025-04-04T15:19:37.643+0000] {logging_mixin.py:190} INFO - [2025-04-04T15:19:37.643+0000] {dagbag.py:588} INFO - Filling up the DagBag from /home/ubuntu/venv/lib/python3.12/site-packages/airflow/example_dags/example_outlet_event_extra.py
[2025-04-04T15:19:37.656+0000] {processor.py:925} INFO - DAG(s) 'dataset_with_extra_from_classic_operator', 'dataset_with_extra_by_yield', 'dataset_with_extra_by_context' retrieved from /home/ubuntu/venv/lib/python3.12/site-packages/airflow/example_dags/example_outlet_event_extra.py
[2025-04-04T15:19:37.675+0000] {logging_mixin.py:190} INFO - [2025-04-04T15:19:37.675+0000] {dag.py:3239} INFO - Sync 3 DAGs
[2025-04-04T15:19:37.694+0000] {logging_mixin.py:190} INFO - [2025-04-04T15:19:37.694+0000] {dag.py:4180} INFO - Setting next_dagrun for dataset_with_extra_by_context to 2025-04-03 00:00:00+00:00, run_after=2025-04-04 00:00:00+00:00
[2025-04-04T15:19:37.697+0000] {logging_mixin.py:190} INFO - [2025-04-04T15:19:37.697+0000] {dag.py:4180} INFO - Setting next_dagrun for dataset_with_extra_by_yield to 2025-04-03 00:00:00+00:00, run_after=2025-04-04 00:00:00+00:00
[2025-04-04T15:19:37.700+0000] {logging_mixin.py:190} INFO - [2025-04-04T15:19:37.699+0000] {dag.py:4180} INFO - Setting next_dagrun for dataset_with_extra_from_classic_operator to 2025-04-03 00:00:00+00:00, run_after=2025-04-04 00:00:00+00:00
[2025-04-04T15:19:37.723+0000] {processor.py:208} INFO - Processing /home/ubuntu/venv/lib/python3.12/site-packages/airflow/example_dags/example_outlet_event_extra.py took 0.088 seconds
[2025-04-04T15:20:33.121+0000] {processor.py:186} INFO - Started process (PID=3455) to work on /home/ubuntu/venv/lib/python3.12/site-packages/airflow/example_dags/example_outlet_event_extra.py
[2025-04-04T15:20:33.123+0000] {processor.py:914} INFO - Processing file /home/ubuntu/venv/lib/python3.12/site-packages/airflow/example_dags/example_outlet_event_extra.py for tasks to queue
[2025-04-04T15:20:33.124+0000] {logging_mixin.py:190} INFO - [2025-04-04T15:20:33.124+0000] {dagbag.py:588} INFO - Filling up the DagBag from /home/ubuntu/venv/lib/python3.12/site-packages/airflow/example_dags/example_outlet_event_extra.py
[2025-04-04T15:20:33.138+0000] {processor.py:925} INFO - DAG(s) 'dataset_with_extra_by_context', 'dataset_with_extra_from_classic_operator', 'dataset_with_extra_by_yield' retrieved from /home/ubuntu/venv/lib/python3.12/site-packages/airflow/example_dags/example_outlet_event_extra.py
[2025-04-04T15:20:33.156+0000] {logging_mixin.py:190} INFO - [2025-04-04T15:20:33.156+0000] {dag.py:3239} INFO - Sync 3 DAGs
[2025-04-04T15:20:33.175+0000] {logging_mixin.py:190} INFO - [2025-04-04T15:20:33.175+0000] {dag.py:4180} INFO - Setting next_dagrun for dataset_with_extra_by_context to 2025-04-03 00:00:00+00:00, run_after=2025-04-04 00:00:00+00:00
[2025-04-04T15:20:33.179+0000] {logging_mixin.py:190} INFO - [2025-04-04T15:20:33.179+0000] {dag.py:4180} INFO - Setting next_dagrun for dataset_with_extra_by_yield to 2025-04-03 00:00:00+00:00, run_after=2025-04-04 00:00:00+00:00
[2025-04-04T15:20:33.181+0000] {logging_mixin.py:190} INFO - [2025-04-04T15:20:33.181+0000] {dag.py:4180} INFO - Setting next_dagrun for dataset_with_extra_from_classic_operator to 2025-04-03 00:00:00+00:00, run_after=2025-04-04 00:00:00+00:00
[2025-04-04T15:20:33.204+0000] {processor.py:208} INFO - Processing /home/ubuntu/venv/lib/python3.12/site-packages/airflow/example_dags/example_outlet_event_extra.py took 0.089 seconds
[2025-04-04T15:21:29.615+0000] {processor.py:186} INFO - Started process (PID=3516) to work on /home/ubuntu/venv/lib/python3.12/site-packages/airflow/example_dags/example_outlet_event_extra.py
[2025-04-04T15:21:29.617+0000] {processor.py:914} INFO - Processing file /home/ubuntu/venv/lib/python3.12/site-packages/airflow/example_dags/example_outlet_event_extra.py for tasks to queue
[2025-04-04T15:21:29.618+0000] {logging_mixin.py:190} INFO - [2025-04-04T15:21:29.618+0000] {dagbag.py:588} INFO - Filling up the DagBag from /home/ubuntu/venv/lib/python3.12/site-packages/airflow/example_dags/example_outlet_event_extra.py
[2025-04-04T15:21:29.631+0000] {processor.py:925} INFO - DAG(s) 'dataset_with_extra_by_yield', 'dataset_with_extra_from_classic_operator', 'dataset_with_extra_by_context' retrieved from /home/ubuntu/venv/lib/python3.12/site-packages/airflow/example_dags/example_outlet_event_extra.py
[2025-04-04T15:21:29.649+0000] {logging_mixin.py:190} INFO - [2025-04-04T15:21:29.649+0000] {dag.py:3239} INFO - Sync 3 DAGs
[2025-04-04T15:21:29.668+0000] {logging_mixin.py:190} INFO - [2025-04-04T15:21:29.668+0000] {dag.py:4180} INFO - Setting next_dagrun for dataset_with_extra_by_context to 2025-04-03 00:00:00+00:00, run_after=2025-04-04 00:00:00+00:00
[2025-04-04T15:21:29.672+0000] {logging_mixin.py:190} INFO - [2025-04-04T15:21:29.672+0000] {dag.py:4180} INFO - Setting next_dagrun for dataset_with_extra_by_yield to 2025-04-03 00:00:00+00:00, run_after=2025-04-04 00:00:00+00:00
[2025-04-04T15:21:29.674+0000] {logging_mixin.py:190} INFO - [2025-04-04T15:21:29.674+0000] {dag.py:4180} INFO - Setting next_dagrun for dataset_with_extra_from_classic_operator to 2025-04-03 00:00:00+00:00, run_after=2025-04-04 00:00:00+00:00
[2025-04-04T15:21:29.695+0000] {processor.py:208} INFO - Processing /home/ubuntu/venv/lib/python3.12/site-packages/airflow/example_dags/example_outlet_event_extra.py took 0.086 seconds
[2025-04-04T15:22:20.994+0000] {processor.py:186} INFO - Started process (PID=3904) to work on /home/ubuntu/venv/lib/python3.12/site-packages/airflow/example_dags/example_outlet_event_extra.py
[2025-04-04T15:22:20.996+0000] {processor.py:914} INFO - Processing file /home/ubuntu/venv/lib/python3.12/site-packages/airflow/example_dags/example_outlet_event_extra.py for tasks to queue
[2025-04-04T15:22:20.998+0000] {logging_mixin.py:190} INFO - [2025-04-04T15:22:20.997+0000] {dagbag.py:588} INFO - Filling up the DagBag from /home/ubuntu/venv/lib/python3.12/site-packages/airflow/example_dags/example_outlet_event_extra.py
[2025-04-04T15:22:21.011+0000] {processor.py:925} INFO - DAG(s) 'dataset_with_extra_from_classic_operator', 'dataset_with_extra_by_yield', 'dataset_with_extra_by_context' retrieved from /home/ubuntu/venv/lib/python3.12/site-packages/airflow/example_dags/example_outlet_event_extra.py
[2025-04-04T15:22:21.030+0000] {logging_mixin.py:190} INFO - [2025-04-04T15:22:21.030+0000] {dag.py:3239} INFO - Sync 3 DAGs
[2025-04-04T15:22:21.050+0000] {logging_mixin.py:190} INFO - [2025-04-04T15:22:21.050+0000] {dag.py:4180} INFO - Setting next_dagrun for dataset_with_extra_by_context to 2025-04-03 00:00:00+00:00, run_after=2025-04-04 00:00:00+00:00
[2025-04-04T15:22:21.054+0000] {logging_mixin.py:190} INFO - [2025-04-04T15:22:21.053+0000] {dag.py:4180} INFO - Setting next_dagrun for dataset_with_extra_by_yield to 2025-04-03 00:00:00+00:00, run_after=2025-04-04 00:00:00+00:00
[2025-04-04T15:22:21.055+0000] {logging_mixin.py:190} INFO - [2025-04-04T15:22:21.055+0000] {dag.py:4180} INFO - Setting next_dagrun for dataset_with_extra_from_classic_operator to 2025-04-03 00:00:00+00:00, run_after=2025-04-04 00:00:00+00:00
[2025-04-04T15:22:21.076+0000] {processor.py:208} INFO - Processing /home/ubuntu/venv/lib/python3.12/site-packages/airflow/example_dags/example_outlet_event_extra.py took 0.087 seconds
