[2025-04-04T15:18:55.196+0000] {processor.py:186} INFO - Started process (PID=3348) to work on /home/ubuntu/venv/lib/python3.12/site-packages/airflow/example_dags/example_kubernetes_executor.py
[2025-04-04T15:18:55.197+0000] {processor.py:914} INFO - Processing file /home/ubuntu/venv/lib/python3.12/site-packages/airflow/example_dags/example_kubernetes_executor.py for tasks to queue
[2025-04-04T15:18:55.198+0000] {logging_mixin.py:190} INFO - [2025-04-04T15:18:55.198+0000] {dagbag.py:588} INFO - Filling up the DagBag from /home/ubuntu/venv/lib/python3.12/site-packages/airflow/example_dags/example_kubernetes_executor.py
[2025-04-04T15:18:55.201+0000] {logging_mixin.py:190} INFO - [2025-04-04T15:18:55.201+0000] {example_kubernetes_executor.py:39} WARNING - The example_kubernetes_executor example DAG requires the kubernetes provider. Please install it with: pip install apache-airflow[cncf.kubernetes]
[2025-04-04T15:18:55.201+0000] {processor.py:927} WARNING - No viable dags retrieved from /home/ubuntu/venv/lib/python3.12/site-packages/airflow/example_dags/example_kubernetes_executor.py
[2025-04-04T15:18:55.211+0000] {processor.py:208} INFO - Processing /home/ubuntu/venv/lib/python3.12/site-packages/airflow/example_dags/example_kubernetes_executor.py took 0.021 seconds
[2025-04-04T15:19:54.225+0000] {processor.py:186} INFO - Started process (PID=3407) to work on /home/ubuntu/venv/lib/python3.12/site-packages/airflow/example_dags/example_kubernetes_executor.py
[2025-04-04T15:19:54.227+0000] {processor.py:914} INFO - Processing file /home/ubuntu/venv/lib/python3.12/site-packages/airflow/example_dags/example_kubernetes_executor.py for tasks to queue
[2025-04-04T15:19:54.228+0000] {logging_mixin.py:190} INFO - [2025-04-04T15:19:54.228+0000] {dagbag.py:588} INFO - Filling up the DagBag from /home/ubuntu/venv/lib/python3.12/site-packages/airflow/example_dags/example_kubernetes_executor.py
[2025-04-04T15:19:54.231+0000] {logging_mixin.py:190} INFO - [2025-04-04T15:19:54.231+0000] {example_kubernetes_executor.py:39} WARNING - The example_kubernetes_executor example DAG requires the kubernetes provider. Please install it with: pip install apache-airflow[cncf.kubernetes]
[2025-04-04T15:19:54.231+0000] {processor.py:927} WARNING - No viable dags retrieved from /home/ubuntu/venv/lib/python3.12/site-packages/airflow/example_dags/example_kubernetes_executor.py
[2025-04-04T15:19:54.240+0000] {processor.py:208} INFO - Processing /home/ubuntu/venv/lib/python3.12/site-packages/airflow/example_dags/example_kubernetes_executor.py took 0.020 seconds
[2025-04-04T15:20:49.105+0000] {processor.py:186} INFO - Started process (PID=3471) to work on /home/ubuntu/venv/lib/python3.12/site-packages/airflow/example_dags/example_kubernetes_executor.py
[2025-04-04T15:20:49.107+0000] {processor.py:914} INFO - Processing file /home/ubuntu/venv/lib/python3.12/site-packages/airflow/example_dags/example_kubernetes_executor.py for tasks to queue
[2025-04-04T15:20:49.109+0000] {logging_mixin.py:190} INFO - [2025-04-04T15:20:49.109+0000] {dagbag.py:588} INFO - Filling up the DagBag from /home/ubuntu/venv/lib/python3.12/site-packages/airflow/example_dags/example_kubernetes_executor.py
[2025-04-04T15:20:49.111+0000] {logging_mixin.py:190} INFO - [2025-04-04T15:20:49.111+0000] {example_kubernetes_executor.py:39} WARNING - The example_kubernetes_executor example DAG requires the kubernetes provider. Please install it with: pip install apache-airflow[cncf.kubernetes]
[2025-04-04T15:20:49.112+0000] {processor.py:927} WARNING - No viable dags retrieved from /home/ubuntu/venv/lib/python3.12/site-packages/airflow/example_dags/example_kubernetes_executor.py
[2025-04-04T15:20:49.122+0000] {processor.py:208} INFO - Processing /home/ubuntu/venv/lib/python3.12/site-packages/airflow/example_dags/example_kubernetes_executor.py took 0.021 seconds
[2025-04-04T15:21:45.061+0000] {processor.py:186} INFO - Started process (PID=3532) to work on /home/ubuntu/venv/lib/python3.12/site-packages/airflow/example_dags/example_kubernetes_executor.py
[2025-04-04T15:21:45.063+0000] {processor.py:914} INFO - Processing file /home/ubuntu/venv/lib/python3.12/site-packages/airflow/example_dags/example_kubernetes_executor.py for tasks to queue
[2025-04-04T15:21:45.065+0000] {logging_mixin.py:190} INFO - [2025-04-04T15:21:45.064+0000] {dagbag.py:588} INFO - Filling up the DagBag from /home/ubuntu/venv/lib/python3.12/site-packages/airflow/example_dags/example_kubernetes_executor.py
[2025-04-04T15:21:45.067+0000] {logging_mixin.py:190} INFO - [2025-04-04T15:21:45.067+0000] {example_kubernetes_executor.py:39} WARNING - The example_kubernetes_executor example DAG requires the kubernetes provider. Please install it with: pip install apache-airflow[cncf.kubernetes]
[2025-04-04T15:21:45.067+0000] {processor.py:927} WARNING - No viable dags retrieved from /home/ubuntu/venv/lib/python3.12/site-packages/airflow/example_dags/example_kubernetes_executor.py
[2025-04-04T15:21:45.077+0000] {processor.py:208} INFO - Processing /home/ubuntu/venv/lib/python3.12/site-packages/airflow/example_dags/example_kubernetes_executor.py took 0.021 seconds
[2025-04-04T15:22:36.536+0000] {processor.py:186} INFO - Started process (PID=3943) to work on /home/ubuntu/venv/lib/python3.12/site-packages/airflow/example_dags/example_kubernetes_executor.py
[2025-04-04T15:22:36.538+0000] {processor.py:914} INFO - Processing file /home/ubuntu/venv/lib/python3.12/site-packages/airflow/example_dags/example_kubernetes_executor.py for tasks to queue
[2025-04-04T15:22:36.540+0000] {logging_mixin.py:190} INFO - [2025-04-04T15:22:36.540+0000] {dagbag.py:588} INFO - Filling up the DagBag from /home/ubuntu/venv/lib/python3.12/site-packages/airflow/example_dags/example_kubernetes_executor.py
[2025-04-04T15:22:36.543+0000] {logging_mixin.py:190} INFO - [2025-04-04T15:22:36.542+0000] {example_kubernetes_executor.py:39} WARNING - The example_kubernetes_executor example DAG requires the kubernetes provider. Please install it with: pip install apache-airflow[cncf.kubernetes]
[2025-04-04T15:22:36.543+0000] {processor.py:927} WARNING - No viable dags retrieved from /home/ubuntu/venv/lib/python3.12/site-packages/airflow/example_dags/example_kubernetes_executor.py
[2025-04-04T15:22:36.554+0000] {processor.py:208} INFO - Processing /home/ubuntu/venv/lib/python3.12/site-packages/airflow/example_dags/example_kubernetes_executor.py took 0.024 seconds
