[2025-04-04T15:18:35.147+0000] {processor.py:186} INFO - Started process (PID=3330) to work on /home/ubuntu/venv/lib/python3.12/site-packages/airflow/example_dags/example_latest_only.py
[2025-04-04T15:18:35.148+0000] {processor.py:914} INFO - Processing file /home/ubuntu/venv/lib/python3.12/site-packages/airflow/example_dags/example_latest_only.py for tasks to queue
[2025-04-04T15:18:35.149+0000] {logging_mixin.py:190} INFO - [2025-04-04T15:18:35.149+0000] {dagbag.py:588} INFO - Filling up the DagBag from /home/ubuntu/venv/lib/python3.12/site-packages/airflow/example_dags/example_latest_only.py
[2025-04-04T15:18:35.156+0000] {processor.py:925} INFO - DAG(s) 'latest_only' retrieved from /home/ubuntu/venv/lib/python3.12/site-packages/airflow/example_dags/example_latest_only.py
[2025-04-04T15:18:35.257+0000] {logging_mixin.py:190} INFO - [2025-04-04T15:18:35.256+0000] {override.py:1930} INFO - Created Permission View: can edit on DAG:latest_only
[2025-04-04T15:18:35.270+0000] {logging_mixin.py:190} INFO - [2025-04-04T15:18:35.270+0000] {override.py:1930} INFO - Created Permission View: can read on DAG:latest_only
[2025-04-04T15:18:35.281+0000] {logging_mixin.py:190} INFO - [2025-04-04T15:18:35.281+0000] {override.py:1930} INFO - Created Permission View: can delete on DAG:latest_only
[2025-04-04T15:18:35.299+0000] {logging_mixin.py:190} INFO - [2025-04-04T15:18:35.298+0000] {override.py:1930} INFO - Created Permission View: can create on DAG Run:latest_only
[2025-04-04T15:18:35.310+0000] {logging_mixin.py:190} INFO - [2025-04-04T15:18:35.310+0000] {override.py:1930} INFO - Created Permission View: can read on DAG Run:latest_only
[2025-04-04T15:18:35.321+0000] {logging_mixin.py:190} INFO - [2025-04-04T15:18:35.321+0000] {override.py:1930} INFO - Created Permission View: can delete on DAG Run:latest_only
[2025-04-04T15:18:35.333+0000] {logging_mixin.py:190} INFO - [2025-04-04T15:18:35.333+0000] {override.py:1930} INFO - Created Permission View: menu access on DAG Run:latest_only
[2025-04-04T15:18:35.333+0000] {logging_mixin.py:190} INFO - [2025-04-04T15:18:35.333+0000] {dag.py:3239} INFO - Sync 1 DAGs
[2025-04-04T15:18:35.345+0000] {logging_mixin.py:190} INFO - [2025-04-04T15:18:35.345+0000] {dag.py:3262} INFO - Creating ORM DAG for latest_only
[2025-04-04T15:18:35.352+0000] {logging_mixin.py:190} INFO - [2025-04-04T15:18:35.352+0000] {dag.py:4180} INFO - Setting next_dagrun for latest_only to 2025-04-04 08:00:00+00:00, run_after=2025-04-04 12:00:00+00:00
[2025-04-04T15:18:35.376+0000] {processor.py:208} INFO - Processing /home/ubuntu/venv/lib/python3.12/site-packages/airflow/example_dags/example_latest_only.py took 0.235 seconds
[2025-04-04T15:19:36.493+0000] {processor.py:186} INFO - Started process (PID=3388) to work on /home/ubuntu/venv/lib/python3.12/site-packages/airflow/example_dags/example_latest_only.py
[2025-04-04T15:19:36.495+0000] {processor.py:914} INFO - Processing file /home/ubuntu/venv/lib/python3.12/site-packages/airflow/example_dags/example_latest_only.py for tasks to queue
[2025-04-04T15:19:36.497+0000] {logging_mixin.py:190} INFO - [2025-04-04T15:19:36.497+0000] {dagbag.py:588} INFO - Filling up the DagBag from /home/ubuntu/venv/lib/python3.12/site-packages/airflow/example_dags/example_latest_only.py
[2025-04-04T15:19:36.503+0000] {processor.py:925} INFO - DAG(s) 'latest_only' retrieved from /home/ubuntu/venv/lib/python3.12/site-packages/airflow/example_dags/example_latest_only.py
[2025-04-04T15:19:36.518+0000] {logging_mixin.py:190} INFO - [2025-04-04T15:19:36.518+0000] {dag.py:3239} INFO - Sync 1 DAGs
[2025-04-04T15:19:36.536+0000] {logging_mixin.py:190} INFO - [2025-04-04T15:19:36.535+0000] {dag.py:4180} INFO - Setting next_dagrun for latest_only to 2025-04-04 08:00:00+00:00, run_after=2025-04-04 12:00:00+00:00
[2025-04-04T15:19:36.559+0000] {processor.py:208} INFO - Processing /home/ubuntu/venv/lib/python3.12/site-packages/airflow/example_dags/example_latest_only.py took 0.071 seconds
[2025-04-04T15:20:32.529+0000] {processor.py:186} INFO - Started process (PID=3454) to work on /home/ubuntu/venv/lib/python3.12/site-packages/airflow/example_dags/example_latest_only.py
[2025-04-04T15:20:32.531+0000] {processor.py:914} INFO - Processing file /home/ubuntu/venv/lib/python3.12/site-packages/airflow/example_dags/example_latest_only.py for tasks to queue
[2025-04-04T15:20:32.533+0000] {logging_mixin.py:190} INFO - [2025-04-04T15:20:32.533+0000] {dagbag.py:588} INFO - Filling up the DagBag from /home/ubuntu/venv/lib/python3.12/site-packages/airflow/example_dags/example_latest_only.py
[2025-04-04T15:20:32.540+0000] {processor.py:925} INFO - DAG(s) 'latest_only' retrieved from /home/ubuntu/venv/lib/python3.12/site-packages/airflow/example_dags/example_latest_only.py
[2025-04-04T15:20:32.554+0000] {logging_mixin.py:190} INFO - [2025-04-04T15:20:32.554+0000] {dag.py:3239} INFO - Sync 1 DAGs
[2025-04-04T15:20:32.571+0000] {logging_mixin.py:190} INFO - [2025-04-04T15:20:32.571+0000] {dag.py:4180} INFO - Setting next_dagrun for latest_only to 2025-04-04 08:00:00+00:00, run_after=2025-04-04 12:00:00+00:00
[2025-04-04T15:20:32.593+0000] {processor.py:208} INFO - Processing /home/ubuntu/venv/lib/python3.12/site-packages/airflow/example_dags/example_latest_only.py took 0.069 seconds
[2025-04-04T15:21:28.967+0000] {processor.py:186} INFO - Started process (PID=3515) to work on /home/ubuntu/venv/lib/python3.12/site-packages/airflow/example_dags/example_latest_only.py
[2025-04-04T15:21:28.969+0000] {processor.py:914} INFO - Processing file /home/ubuntu/venv/lib/python3.12/site-packages/airflow/example_dags/example_latest_only.py for tasks to queue
[2025-04-04T15:21:28.970+0000] {logging_mixin.py:190} INFO - [2025-04-04T15:21:28.970+0000] {dagbag.py:588} INFO - Filling up the DagBag from /home/ubuntu/venv/lib/python3.12/site-packages/airflow/example_dags/example_latest_only.py
[2025-04-04T15:21:28.977+0000] {processor.py:925} INFO - DAG(s) 'latest_only' retrieved from /home/ubuntu/venv/lib/python3.12/site-packages/airflow/example_dags/example_latest_only.py
[2025-04-04T15:21:28.992+0000] {logging_mixin.py:190} INFO - [2025-04-04T15:21:28.992+0000] {dag.py:3239} INFO - Sync 1 DAGs
[2025-04-04T15:21:29.010+0000] {logging_mixin.py:190} INFO - [2025-04-04T15:21:29.010+0000] {dag.py:4180} INFO - Setting next_dagrun for latest_only to 2025-04-04 08:00:00+00:00, run_after=2025-04-04 12:00:00+00:00
[2025-04-04T15:21:29.031+0000] {processor.py:208} INFO - Processing /home/ubuntu/venv/lib/python3.12/site-packages/airflow/example_dags/example_latest_only.py took 0.069 seconds
[2025-04-04T15:22:19.895+0000] {processor.py:186} INFO - Started process (PID=3903) to work on /home/ubuntu/venv/lib/python3.12/site-packages/airflow/example_dags/example_latest_only.py
[2025-04-04T15:22:19.898+0000] {processor.py:914} INFO - Processing file /home/ubuntu/venv/lib/python3.12/site-packages/airflow/example_dags/example_latest_only.py for tasks to queue
[2025-04-04T15:22:19.900+0000] {logging_mixin.py:190} INFO - [2025-04-04T15:22:19.899+0000] {dagbag.py:588} INFO - Filling up the DagBag from /home/ubuntu/venv/lib/python3.12/site-packages/airflow/example_dags/example_latest_only.py
[2025-04-04T15:22:19.906+0000] {processor.py:925} INFO - DAG(s) 'latest_only' retrieved from /home/ubuntu/venv/lib/python3.12/site-packages/airflow/example_dags/example_latest_only.py
[2025-04-04T15:22:19.921+0000] {logging_mixin.py:190} INFO - [2025-04-04T15:22:19.921+0000] {dag.py:3239} INFO - Sync 1 DAGs
[2025-04-04T15:22:19.938+0000] {logging_mixin.py:190} INFO - [2025-04-04T15:22:19.938+0000] {dag.py:4180} INFO - Setting next_dagrun for latest_only to 2025-04-04 08:00:00+00:00, run_after=2025-04-04 12:00:00+00:00
[2025-04-04T15:22:19.960+0000] {processor.py:208} INFO - Processing /home/ubuntu/venv/lib/python3.12/site-packages/airflow/example_dags/example_latest_only.py took 0.071 seconds
