[2025-04-04T15:19:02.016+0000] {processor.py:186} INFO - Started process (PID=3354) to work on /home/ubuntu/venv/lib/python3.12/site-packages/airflow/example_dags/example_bash_decorator.py
[2025-04-04T15:19:02.017+0000] {processor.py:914} INFO - Processing file /home/ubuntu/venv/lib/python3.12/site-packages/airflow/example_dags/example_bash_decorator.py for tasks to queue
[2025-04-04T15:19:02.019+0000] {logging_mixin.py:190} INFO - [2025-04-04T15:19:02.019+0000] {dagbag.py:588} INFO - Filling up the DagBag from /home/ubuntu/venv/lib/python3.12/site-packages/airflow/example_dags/example_bash_decorator.py
[2025-04-04T15:19:02.033+0000] {processor.py:925} INFO - DAG(s) 'example_bash_decorator' retrieved from /home/ubuntu/venv/lib/python3.12/site-packages/airflow/example_dags/example_bash_decorator.py
[2025-04-04T15:19:02.137+0000] {logging_mixin.py:190} INFO - [2025-04-04T15:19:02.136+0000] {override.py:1930} INFO - Created Permission View: can edit on DAG:example_bash_decorator
[2025-04-04T15:19:02.151+0000] {logging_mixin.py:190} INFO - [2025-04-04T15:19:02.151+0000] {override.py:1930} INFO - Created Permission View: can read on DAG:example_bash_decorator
[2025-04-04T15:19:02.163+0000] {logging_mixin.py:190} INFO - [2025-04-04T15:19:02.163+0000] {override.py:1930} INFO - Created Permission View: can delete on DAG:example_bash_decorator
[2025-04-04T15:19:02.184+0000] {logging_mixin.py:190} INFO - [2025-04-04T15:19:02.184+0000] {override.py:1930} INFO - Created Permission View: can create on DAG Run:example_bash_decorator
[2025-04-04T15:19:02.196+0000] {logging_mixin.py:190} INFO - [2025-04-04T15:19:02.196+0000] {override.py:1930} INFO - Created Permission View: can read on DAG Run:example_bash_decorator
[2025-04-04T15:19:02.206+0000] {logging_mixin.py:190} INFO - [2025-04-04T15:19:02.206+0000] {override.py:1930} INFO - Created Permission View: can delete on DAG Run:example_bash_decorator
[2025-04-04T15:19:02.218+0000] {logging_mixin.py:190} INFO - [2025-04-04T15:19:02.218+0000] {override.py:1930} INFO - Created Permission View: menu access on DAG Run:example_bash_decorator
[2025-04-04T15:19:02.218+0000] {logging_mixin.py:190} INFO - [2025-04-04T15:19:02.218+0000] {dag.py:3239} INFO - Sync 1 DAGs
[2025-04-04T15:19:02.228+0000] {logging_mixin.py:190} INFO - [2025-04-04T15:19:02.228+0000] {dag.py:3262} INFO - Creating ORM DAG for example_bash_decorator
[2025-04-04T15:19:02.228+0000] {logging_mixin.py:190} INFO - [2025-04-04T15:19:02.228+0000] {dag.py:4180} INFO - Setting next_dagrun for example_bash_decorator to None, run_after=None
[2025-04-04T15:19:02.250+0000] {processor.py:208} INFO - Processing /home/ubuntu/venv/lib/python3.12/site-packages/airflow/example_dags/example_bash_decorator.py took 0.239 seconds
[2025-04-04T15:19:59.372+0000] {processor.py:186} INFO - Started process (PID=3414) to work on /home/ubuntu/venv/lib/python3.12/site-packages/airflow/example_dags/example_bash_decorator.py
[2025-04-04T15:19:59.374+0000] {processor.py:914} INFO - Processing file /home/ubuntu/venv/lib/python3.12/site-packages/airflow/example_dags/example_bash_decorator.py for tasks to queue
[2025-04-04T15:19:59.375+0000] {logging_mixin.py:190} INFO - [2025-04-04T15:19:59.375+0000] {dagbag.py:588} INFO - Filling up the DagBag from /home/ubuntu/venv/lib/python3.12/site-packages/airflow/example_dags/example_bash_decorator.py
[2025-04-04T15:19:59.390+0000] {processor.py:925} INFO - DAG(s) 'example_bash_decorator' retrieved from /home/ubuntu/venv/lib/python3.12/site-packages/airflow/example_dags/example_bash_decorator.py
[2025-04-04T15:19:59.407+0000] {logging_mixin.py:190} INFO - [2025-04-04T15:19:59.406+0000] {dag.py:3239} INFO - Sync 1 DAGs
[2025-04-04T15:19:59.418+0000] {logging_mixin.py:190} INFO - [2025-04-04T15:19:59.418+0000] {dag.py:4180} INFO - Setting next_dagrun for example_bash_decorator to None, run_after=None
[2025-04-04T15:19:59.439+0000] {processor.py:208} INFO - Processing /home/ubuntu/venv/lib/python3.12/site-packages/airflow/example_dags/example_bash_decorator.py took 0.073 seconds
[2025-04-04T15:21:16.557+0000] {processor.py:186} INFO - Started process (PID=3503) to work on /home/ubuntu/venv/lib/python3.12/site-packages/airflow/example_dags/example_bash_decorator.py
[2025-04-04T15:21:16.559+0000] {processor.py:914} INFO - Processing file /home/ubuntu/venv/lib/python3.12/site-packages/airflow/example_dags/example_bash_decorator.py for tasks to queue
[2025-04-04T15:21:16.560+0000] {logging_mixin.py:190} INFO - [2025-04-04T15:21:16.560+0000] {dagbag.py:588} INFO - Filling up the DagBag from /home/ubuntu/venv/lib/python3.12/site-packages/airflow/example_dags/example_bash_decorator.py
[2025-04-04T15:21:16.574+0000] {processor.py:925} INFO - DAG(s) 'example_bash_decorator' retrieved from /home/ubuntu/venv/lib/python3.12/site-packages/airflow/example_dags/example_bash_decorator.py
[2025-04-04T15:21:16.591+0000] {logging_mixin.py:190} INFO - [2025-04-04T15:21:16.591+0000] {dag.py:3239} INFO - Sync 1 DAGs
[2025-04-04T15:21:16.602+0000] {logging_mixin.py:190} INFO - [2025-04-04T15:21:16.602+0000] {dag.py:4180} INFO - Setting next_dagrun for example_bash_decorator to None, run_after=None
[2025-04-04T15:21:16.624+0000] {processor.py:208} INFO - Processing /home/ubuntu/venv/lib/python3.12/site-packages/airflow/example_dags/example_bash_decorator.py took 0.072 seconds
[2025-04-04T15:22:11.847+0000] {processor.py:186} INFO - Started process (PID=3892) to work on /home/ubuntu/venv/lib/python3.12/site-packages/airflow/example_dags/example_bash_decorator.py
[2025-04-04T15:22:11.849+0000] {processor.py:914} INFO - Processing file /home/ubuntu/venv/lib/python3.12/site-packages/airflow/example_dags/example_bash_decorator.py for tasks to queue
[2025-04-04T15:22:11.851+0000] {logging_mixin.py:190} INFO - [2025-04-04T15:22:11.851+0000] {dagbag.py:588} INFO - Filling up the DagBag from /home/ubuntu/venv/lib/python3.12/site-packages/airflow/example_dags/example_bash_decorator.py
[2025-04-04T15:22:11.865+0000] {processor.py:925} INFO - DAG(s) 'example_bash_decorator' retrieved from /home/ubuntu/venv/lib/python3.12/site-packages/airflow/example_dags/example_bash_decorator.py
[2025-04-04T15:22:11.882+0000] {logging_mixin.py:190} INFO - [2025-04-04T15:22:11.882+0000] {dag.py:3239} INFO - Sync 1 DAGs
[2025-04-04T15:22:11.893+0000] {logging_mixin.py:190} INFO - [2025-04-04T15:22:11.892+0000] {dag.py:4180} INFO - Setting next_dagrun for example_bash_decorator to None, run_after=None
[2025-04-04T15:22:11.915+0000] {processor.py:208} INFO - Processing /home/ubuntu/venv/lib/python3.12/site-packages/airflow/example_dags/example_bash_decorator.py took 0.073 seconds
