[2025-04-04T15:19:03.774+0000] {processor.py:186} INFO - Started process (PID=3356) to work on /home/ubuntu/venv/lib/python3.12/site-packages/airflow/example_dags/example_branch_operator.py
[2025-04-04T15:19:03.775+0000] {processor.py:914} INFO - Processing file /home/ubuntu/venv/lib/python3.12/site-packages/airflow/example_dags/example_branch_operator.py for tasks to queue
[2025-04-04T15:19:03.777+0000] {logging_mixin.py:190} INFO - [2025-04-04T15:19:03.777+0000] {dagbag.py:588} INFO - Filling up the DagBag from /home/ubuntu/venv/lib/python3.12/site-packages/airflow/example_dags/example_branch_operator.py
[2025-04-04T15:19:03.780+0000] {processor.py:927} WARNING - No viable dags retrieved from /home/ubuntu/venv/lib/python3.12/site-packages/airflow/example_dags/example_branch_operator.py
[2025-04-04T15:19:03.790+0000] {processor.py:208} INFO - Processing /home/ubuntu/venv/lib/python3.12/site-packages/airflow/example_dags/example_branch_operator.py took 0.020 seconds
[2025-04-04T15:20:01.644+0000] {processor.py:186} INFO - Started process (PID=3418) to work on /home/ubuntu/venv/lib/python3.12/site-packages/airflow/example_dags/example_branch_operator.py
[2025-04-04T15:20:01.646+0000] {processor.py:914} INFO - Processing file /home/ubuntu/venv/lib/python3.12/site-packages/airflow/example_dags/example_branch_operator.py for tasks to queue
[2025-04-04T15:20:01.647+0000] {logging_mixin.py:190} INFO - [2025-04-04T15:20:01.647+0000] {dagbag.py:588} INFO - Filling up the DagBag from /home/ubuntu/venv/lib/python3.12/site-packages/airflow/example_dags/example_branch_operator.py
[2025-04-04T15:20:01.650+0000] {processor.py:927} WARNING - No viable dags retrieved from /home/ubuntu/venv/lib/python3.12/site-packages/airflow/example_dags/example_branch_operator.py
[2025-04-04T15:20:01.661+0000] {processor.py:208} INFO - Processing /home/ubuntu/venv/lib/python3.12/site-packages/airflow/example_dags/example_branch_operator.py took 0.022 seconds
[2025-04-04T15:21:18.828+0000] {processor.py:186} INFO - Started process (PID=3505) to work on /home/ubuntu/venv/lib/python3.12/site-packages/airflow/example_dags/example_branch_operator.py
[2025-04-04T15:21:18.829+0000] {processor.py:914} INFO - Processing file /home/ubuntu/venv/lib/python3.12/site-packages/airflow/example_dags/example_branch_operator.py for tasks to queue
[2025-04-04T15:21:18.831+0000] {logging_mixin.py:190} INFO - [2025-04-04T15:21:18.830+0000] {dagbag.py:588} INFO - Filling up the DagBag from /home/ubuntu/venv/lib/python3.12/site-packages/airflow/example_dags/example_branch_operator.py
[2025-04-04T15:21:18.834+0000] {processor.py:927} WARNING - No viable dags retrieved from /home/ubuntu/venv/lib/python3.12/site-packages/airflow/example_dags/example_branch_operator.py
[2025-04-04T15:21:18.844+0000] {processor.py:208} INFO - Processing /home/ubuntu/venv/lib/python3.12/site-packages/airflow/example_dags/example_branch_operator.py took 0.022 seconds
[2025-04-04T15:22:14.120+0000] {processor.py:186} INFO - Started process (PID=3896) to work on /home/ubuntu/venv/lib/python3.12/site-packages/airflow/example_dags/example_branch_operator.py
[2025-04-04T15:22:14.121+0000] {processor.py:914} INFO - Processing file /home/ubuntu/venv/lib/python3.12/site-packages/airflow/example_dags/example_branch_operator.py for tasks to queue
[2025-04-04T15:22:14.123+0000] {logging_mixin.py:190} INFO - [2025-04-04T15:22:14.123+0000] {dagbag.py:588} INFO - Filling up the DagBag from /home/ubuntu/venv/lib/python3.12/site-packages/airflow/example_dags/example_branch_operator.py
[2025-04-04T15:22:14.125+0000] {processor.py:927} WARNING - No viable dags retrieved from /home/ubuntu/venv/lib/python3.12/site-packages/airflow/example_dags/example_branch_operator.py
[2025-04-04T15:22:14.135+0000] {processor.py:208} INFO - Processing /home/ubuntu/venv/lib/python3.12/site-packages/airflow/example_dags/example_branch_operator.py took 0.021 seconds
