[2025-04-04T15:18:39.146+0000] {processor.py:186} INFO - Started process (PID=3334) to work on /home/ubuntu/venv/lib/python3.12/site-packages/airflow/example_dags/example_latest_only_with_trigger.py
[2025-04-04T15:18:39.147+0000] {processor.py:914} INFO - Processing file /home/ubuntu/venv/lib/python3.12/site-packages/airflow/example_dags/example_latest_only_with_trigger.py for tasks to queue
[2025-04-04T15:18:39.148+0000] {logging_mixin.py:190} INFO - [2025-04-04T15:18:39.148+0000] {dagbag.py:588} INFO - Filling up the DagBag from /home/ubuntu/venv/lib/python3.12/site-packages/airflow/example_dags/example_latest_only_with_trigger.py
[2025-04-04T15:18:39.157+0000] {processor.py:925} INFO - DAG(s) 'latest_only_with_trigger' retrieved from /home/ubuntu/venv/lib/python3.12/site-packages/airflow/example_dags/example_latest_only_with_trigger.py
[2025-04-04T15:18:39.258+0000] {logging_mixin.py:190} INFO - [2025-04-04T15:18:39.258+0000] {override.py:1930} INFO - Created Permission View: can edit on DAG:latest_only_with_trigger
[2025-04-04T15:18:39.272+0000] {logging_mixin.py:190} INFO - [2025-04-04T15:18:39.272+0000] {override.py:1930} INFO - Created Permission View: can read on DAG:latest_only_with_trigger
[2025-04-04T15:18:39.283+0000] {logging_mixin.py:190} INFO - [2025-04-04T15:18:39.283+0000] {override.py:1930} INFO - Created Permission View: can delete on DAG:latest_only_with_trigger
[2025-04-04T15:18:39.303+0000] {logging_mixin.py:190} INFO - [2025-04-04T15:18:39.302+0000] {override.py:1930} INFO - Created Permission View: can create on DAG Run:latest_only_with_trigger
[2025-04-04T15:18:39.313+0000] {logging_mixin.py:190} INFO - [2025-04-04T15:18:39.313+0000] {override.py:1930} INFO - Created Permission View: can read on DAG Run:latest_only_with_trigger
[2025-04-04T15:18:39.326+0000] {logging_mixin.py:190} INFO - [2025-04-04T15:18:39.325+0000] {override.py:1930} INFO - Created Permission View: can delete on DAG Run:latest_only_with_trigger
[2025-04-04T15:18:39.336+0000] {logging_mixin.py:190} INFO - [2025-04-04T15:18:39.336+0000] {override.py:1930} INFO - Created Permission View: menu access on DAG Run:latest_only_with_trigger
[2025-04-04T15:18:39.337+0000] {logging_mixin.py:190} INFO - [2025-04-04T15:18:39.337+0000] {dag.py:3239} INFO - Sync 1 DAGs
[2025-04-04T15:18:39.348+0000] {logging_mixin.py:190} INFO - [2025-04-04T15:18:39.348+0000] {dag.py:3262} INFO - Creating ORM DAG for latest_only_with_trigger
[2025-04-04T15:18:39.355+0000] {logging_mixin.py:190} INFO - [2025-04-04T15:18:39.355+0000] {dag.py:4180} INFO - Setting next_dagrun for latest_only_with_trigger to 2025-04-04 08:00:00+00:00, run_after=2025-04-04 12:00:00+00:00
[2025-04-04T15:18:39.374+0000] {processor.py:208} INFO - Processing /home/ubuntu/venv/lib/python3.12/site-packages/airflow/example_dags/example_latest_only_with_trigger.py took 0.234 seconds
[2025-04-04T15:19:41.053+0000] {processor.py:186} INFO - Started process (PID=3393) to work on /home/ubuntu/venv/lib/python3.12/site-packages/airflow/example_dags/example_latest_only_with_trigger.py
[2025-04-04T15:19:41.055+0000] {processor.py:914} INFO - Processing file /home/ubuntu/venv/lib/python3.12/site-packages/airflow/example_dags/example_latest_only_with_trigger.py for tasks to queue
[2025-04-04T15:19:41.056+0000] {logging_mixin.py:190} INFO - [2025-04-04T15:19:41.056+0000] {dagbag.py:588} INFO - Filling up the DagBag from /home/ubuntu/venv/lib/python3.12/site-packages/airflow/example_dags/example_latest_only_with_trigger.py
[2025-04-04T15:19:41.063+0000] {processor.py:925} INFO - DAG(s) 'latest_only_with_trigger' retrieved from /home/ubuntu/venv/lib/python3.12/site-packages/airflow/example_dags/example_latest_only_with_trigger.py
[2025-04-04T15:19:41.079+0000] {logging_mixin.py:190} INFO - [2025-04-04T15:19:41.079+0000] {dag.py:3239} INFO - Sync 1 DAGs
[2025-04-04T15:19:41.096+0000] {logging_mixin.py:190} INFO - [2025-04-04T15:19:41.096+0000] {dag.py:4180} INFO - Setting next_dagrun for latest_only_with_trigger to 2025-04-04 08:00:00+00:00, run_after=2025-04-04 12:00:00+00:00
[2025-04-04T15:19:41.118+0000] {processor.py:208} INFO - Processing /home/ubuntu/venv/lib/python3.12/site-packages/airflow/example_dags/example_latest_only_with_trigger.py took 0.070 seconds
[2025-04-04T15:20:35.045+0000] {processor.py:186} INFO - Started process (PID=3457) to work on /home/ubuntu/venv/lib/python3.12/site-packages/airflow/example_dags/example_latest_only_with_trigger.py
[2025-04-04T15:20:35.046+0000] {processor.py:914} INFO - Processing file /home/ubuntu/venv/lib/python3.12/site-packages/airflow/example_dags/example_latest_only_with_trigger.py for tasks to queue
[2025-04-04T15:20:35.048+0000] {logging_mixin.py:190} INFO - [2025-04-04T15:20:35.048+0000] {dagbag.py:588} INFO - Filling up the DagBag from /home/ubuntu/venv/lib/python3.12/site-packages/airflow/example_dags/example_latest_only_with_trigger.py
[2025-04-04T15:20:35.055+0000] {processor.py:925} INFO - DAG(s) 'latest_only_with_trigger' retrieved from /home/ubuntu/venv/lib/python3.12/site-packages/airflow/example_dags/example_latest_only_with_trigger.py
[2025-04-04T15:20:35.071+0000] {logging_mixin.py:190} INFO - [2025-04-04T15:20:35.070+0000] {dag.py:3239} INFO - Sync 1 DAGs
[2025-04-04T15:20:35.088+0000] {logging_mixin.py:190} INFO - [2025-04-04T15:20:35.088+0000] {dag.py:4180} INFO - Setting next_dagrun for latest_only_with_trigger to 2025-04-04 08:00:00+00:00, run_after=2025-04-04 12:00:00+00:00
[2025-04-04T15:20:35.109+0000] {processor.py:208} INFO - Processing /home/ubuntu/venv/lib/python3.12/site-packages/airflow/example_dags/example_latest_only_with_trigger.py took 0.069 seconds
[2025-04-04T15:21:31.897+0000] {processor.py:186} INFO - Started process (PID=3518) to work on /home/ubuntu/venv/lib/python3.12/site-packages/airflow/example_dags/example_latest_only_with_trigger.py
[2025-04-04T15:21:31.899+0000] {processor.py:914} INFO - Processing file /home/ubuntu/venv/lib/python3.12/site-packages/airflow/example_dags/example_latest_only_with_trigger.py for tasks to queue
[2025-04-04T15:21:31.901+0000] {logging_mixin.py:190} INFO - [2025-04-04T15:21:31.901+0000] {dagbag.py:588} INFO - Filling up the DagBag from /home/ubuntu/venv/lib/python3.12/site-packages/airflow/example_dags/example_latest_only_with_trigger.py
[2025-04-04T15:21:31.909+0000] {processor.py:925} INFO - DAG(s) 'latest_only_with_trigger' retrieved from /home/ubuntu/venv/lib/python3.12/site-packages/airflow/example_dags/example_latest_only_with_trigger.py
[2025-04-04T15:21:31.924+0000] {logging_mixin.py:190} INFO - [2025-04-04T15:21:31.924+0000] {dag.py:3239} INFO - Sync 1 DAGs
[2025-04-04T15:21:31.941+0000] {logging_mixin.py:190} INFO - [2025-04-04T15:21:31.940+0000] {dag.py:4180} INFO - Setting next_dagrun for latest_only_with_trigger to 2025-04-04 08:00:00+00:00, run_after=2025-04-04 12:00:00+00:00
[2025-04-04T15:21:31.962+0000] {processor.py:208} INFO - Processing /home/ubuntu/venv/lib/python3.12/site-packages/airflow/example_dags/example_latest_only_with_trigger.py took 0.070 seconds
[2025-04-04T15:22:23.281+0000] {processor.py:186} INFO - Started process (PID=3906) to work on /home/ubuntu/venv/lib/python3.12/site-packages/airflow/example_dags/example_latest_only_with_trigger.py
[2025-04-04T15:22:23.283+0000] {processor.py:914} INFO - Processing file /home/ubuntu/venv/lib/python3.12/site-packages/airflow/example_dags/example_latest_only_with_trigger.py for tasks to queue
[2025-04-04T15:22:23.285+0000] {logging_mixin.py:190} INFO - [2025-04-04T15:22:23.285+0000] {dagbag.py:588} INFO - Filling up the DagBag from /home/ubuntu/venv/lib/python3.12/site-packages/airflow/example_dags/example_latest_only_with_trigger.py
[2025-04-04T15:22:23.293+0000] {processor.py:925} INFO - DAG(s) 'latest_only_with_trigger' retrieved from /home/ubuntu/venv/lib/python3.12/site-packages/airflow/example_dags/example_latest_only_with_trigger.py
[2025-04-04T15:22:23.308+0000] {logging_mixin.py:190} INFO - [2025-04-04T15:22:23.308+0000] {dag.py:3239} INFO - Sync 1 DAGs
[2025-04-04T15:22:23.325+0000] {logging_mixin.py:190} INFO - [2025-04-04T15:22:23.325+0000] {dag.py:4180} INFO - Setting next_dagrun for latest_only_with_trigger to 2025-04-04 08:00:00+00:00, run_after=2025-04-04 12:00:00+00:00
[2025-04-04T15:22:23.346+0000] {processor.py:208} INFO - Processing /home/ubuntu/venv/lib/python3.12/site-packages/airflow/example_dags/example_latest_only_with_trigger.py took 0.070 seconds
