[2025-04-04T15:19:02.819+0000] {processor.py:186} INFO - Started process (PID=3355) to work on /home/ubuntu/venv/lib/python3.12/site-packages/airflow/example_dags/example_branch_datetime_operator.py
[2025-04-04T15:19:02.820+0000] {processor.py:914} INFO - Processing file /home/ubuntu/venv/lib/python3.12/site-packages/airflow/example_dags/example_branch_datetime_operator.py for tasks to queue
[2025-04-04T15:19:02.822+0000] {logging_mixin.py:190} INFO - [2025-04-04T15:19:02.822+0000] {dagbag.py:588} INFO - Filling up the DagBag from /home/ubuntu/venv/lib/python3.12/site-packages/airflow/example_dags/example_branch_datetime_operator.py
[2025-04-04T15:19:02.834+0000] {processor.py:925} INFO - DAG(s) 'example_branch_datetime_operator_2', 'example_branch_datetime_operator_3', 'example_branch_datetime_operator' retrieved from /home/ubuntu/venv/lib/python3.12/site-packages/airflow/example_dags/example_branch_datetime_operator.py
[2025-04-04T15:19:02.935+0000] {logging_mixin.py:190} INFO - [2025-04-04T15:19:02.935+0000] {override.py:1930} INFO - Created Permission View: can edit on DAG:example_branch_datetime_operator_2
[2025-04-04T15:19:02.949+0000] {logging_mixin.py:190} INFO - [2025-04-04T15:19:02.949+0000] {override.py:1930} INFO - Created Permission View: can read on DAG:example_branch_datetime_operator_2
[2025-04-04T15:19:02.960+0000] {logging_mixin.py:190} INFO - [2025-04-04T15:19:02.960+0000] {override.py:1930} INFO - Created Permission View: can delete on DAG:example_branch_datetime_operator_2
[2025-04-04T15:19:02.979+0000] {logging_mixin.py:190} INFO - [2025-04-04T15:19:02.978+0000] {override.py:1930} INFO - Created Permission View: can create on DAG Run:example_branch_datetime_operator_2
[2025-04-04T15:19:02.989+0000] {logging_mixin.py:190} INFO - [2025-04-04T15:19:02.988+0000] {override.py:1930} INFO - Created Permission View: can read on DAG Run:example_branch_datetime_operator_2
[2025-04-04T15:19:03.001+0000] {logging_mixin.py:190} INFO - [2025-04-04T15:19:03.001+0000] {override.py:1930} INFO - Created Permission View: can delete on DAG Run:example_branch_datetime_operator_2
[2025-04-04T15:19:03.012+0000] {logging_mixin.py:190} INFO - [2025-04-04T15:19:03.012+0000] {override.py:1930} INFO - Created Permission View: menu access on DAG Run:example_branch_datetime_operator_2
[2025-04-04T15:19:03.036+0000] {logging_mixin.py:190} INFO - [2025-04-04T15:19:03.035+0000] {override.py:1930} INFO - Created Permission View: can edit on DAG:example_branch_datetime_operator_3
[2025-04-04T15:19:03.046+0000] {logging_mixin.py:190} INFO - [2025-04-04T15:19:03.046+0000] {override.py:1930} INFO - Created Permission View: can read on DAG:example_branch_datetime_operator_3
[2025-04-04T15:19:03.056+0000] {logging_mixin.py:190} INFO - [2025-04-04T15:19:03.056+0000] {override.py:1930} INFO - Created Permission View: can delete on DAG:example_branch_datetime_operator_3
[2025-04-04T15:19:03.076+0000] {logging_mixin.py:190} INFO - [2025-04-04T15:19:03.076+0000] {override.py:1930} INFO - Created Permission View: can create on DAG Run:example_branch_datetime_operator_3
[2025-04-04T15:19:03.088+0000] {logging_mixin.py:190} INFO - [2025-04-04T15:19:03.088+0000] {override.py:1930} INFO - Created Permission View: can read on DAG Run:example_branch_datetime_operator_3
[2025-04-04T15:19:03.099+0000] {logging_mixin.py:190} INFO - [2025-04-04T15:19:03.099+0000] {override.py:1930} INFO - Created Permission View: can delete on DAG Run:example_branch_datetime_operator_3
[2025-04-04T15:19:03.110+0000] {logging_mixin.py:190} INFO - [2025-04-04T15:19:03.110+0000] {override.py:1930} INFO - Created Permission View: menu access on DAG Run:example_branch_datetime_operator_3
[2025-04-04T15:19:03.137+0000] {logging_mixin.py:190} INFO - [2025-04-04T15:19:03.137+0000] {override.py:1930} INFO - Created Permission View: can edit on DAG:example_branch_datetime_operator
[2025-04-04T15:19:03.149+0000] {logging_mixin.py:190} INFO - [2025-04-04T15:19:03.149+0000] {override.py:1930} INFO - Created Permission View: can read on DAG:example_branch_datetime_operator
[2025-04-04T15:19:03.162+0000] {logging_mixin.py:190} INFO - [2025-04-04T15:19:03.161+0000] {override.py:1930} INFO - Created Permission View: can delete on DAG:example_branch_datetime_operator
[2025-04-04T15:19:03.181+0000] {logging_mixin.py:190} INFO - [2025-04-04T15:19:03.180+0000] {override.py:1930} INFO - Created Permission View: can create on DAG Run:example_branch_datetime_operator
[2025-04-04T15:19:03.192+0000] {logging_mixin.py:190} INFO - [2025-04-04T15:19:03.192+0000] {override.py:1930} INFO - Created Permission View: can read on DAG Run:example_branch_datetime_operator
[2025-04-04T15:19:03.202+0000] {logging_mixin.py:190} INFO - [2025-04-04T15:19:03.201+0000] {override.py:1930} INFO - Created Permission View: can delete on DAG Run:example_branch_datetime_operator
[2025-04-04T15:19:03.212+0000] {logging_mixin.py:190} INFO - [2025-04-04T15:19:03.212+0000] {override.py:1930} INFO - Created Permission View: menu access on DAG Run:example_branch_datetime_operator
[2025-04-04T15:19:03.213+0000] {logging_mixin.py:190} INFO - [2025-04-04T15:19:03.213+0000] {dag.py:3239} INFO - Sync 3 DAGs
[2025-04-04T15:19:03.222+0000] {logging_mixin.py:190} INFO - [2025-04-04T15:19:03.222+0000] {dag.py:3262} INFO - Creating ORM DAG for example_branch_datetime_operator_3
[2025-04-04T15:19:03.223+0000] {logging_mixin.py:190} INFO - [2025-04-04T15:19:03.223+0000] {dag.py:3262} INFO - Creating ORM DAG for example_branch_datetime_operator
[2025-04-04T15:19:03.223+0000] {logging_mixin.py:190} INFO - [2025-04-04T15:19:03.223+0000] {dag.py:3262} INFO - Creating ORM DAG for example_branch_datetime_operator_2
[2025-04-04T15:19:03.232+0000] {logging_mixin.py:190} INFO - [2025-04-04T15:19:03.232+0000] {dag.py:4180} INFO - Setting next_dagrun for example_branch_datetime_operator to 2025-04-03 00:00:00+00:00, run_after=2025-04-04 00:00:00+00:00
[2025-04-04T15:19:03.233+0000] {logging_mixin.py:190} INFO - [2025-04-04T15:19:03.233+0000] {dag.py:4180} INFO - Setting next_dagrun for example_branch_datetime_operator_2 to 2025-04-03 00:00:00+00:00, run_after=2025-04-04 00:00:00+00:00
[2025-04-04T15:19:03.234+0000] {logging_mixin.py:190} INFO - [2025-04-04T15:19:03.234+0000] {dag.py:4180} INFO - Setting next_dagrun for example_branch_datetime_operator_3 to 2025-04-03 00:00:00+00:00, run_after=2025-04-04 00:00:00+00:00
[2025-04-04T15:19:03.254+0000] {processor.py:208} INFO - Processing /home/ubuntu/venv/lib/python3.12/site-packages/airflow/example_dags/example_branch_datetime_operator.py took 0.440 seconds
[2025-04-04T15:20:00.508+0000] {processor.py:186} INFO - Started process (PID=3417) to work on /home/ubuntu/venv/lib/python3.12/site-packages/airflow/example_dags/example_branch_datetime_operator.py
[2025-04-04T15:20:00.510+0000] {processor.py:914} INFO - Processing file /home/ubuntu/venv/lib/python3.12/site-packages/airflow/example_dags/example_branch_datetime_operator.py for tasks to queue
[2025-04-04T15:20:00.511+0000] {logging_mixin.py:190} INFO - [2025-04-04T15:20:00.511+0000] {dagbag.py:588} INFO - Filling up the DagBag from /home/ubuntu/venv/lib/python3.12/site-packages/airflow/example_dags/example_branch_datetime_operator.py
[2025-04-04T15:20:00.523+0000] {processor.py:925} INFO - DAG(s) 'example_branch_datetime_operator_3', 'example_branch_datetime_operator_2', 'example_branch_datetime_operator' retrieved from /home/ubuntu/venv/lib/python3.12/site-packages/airflow/example_dags/example_branch_datetime_operator.py
[2025-04-04T15:20:00.544+0000] {logging_mixin.py:190} INFO - [2025-04-04T15:20:00.544+0000] {dag.py:3239} INFO - Sync 3 DAGs
[2025-04-04T15:20:00.563+0000] {logging_mixin.py:190} INFO - [2025-04-04T15:20:00.563+0000] {dag.py:4180} INFO - Setting next_dagrun for example_branch_datetime_operator to 2025-04-03 00:00:00+00:00, run_after=2025-04-04 00:00:00+00:00
[2025-04-04T15:20:00.567+0000] {logging_mixin.py:190} INFO - [2025-04-04T15:20:00.567+0000] {dag.py:4180} INFO - Setting next_dagrun for example_branch_datetime_operator_2 to 2025-04-03 00:00:00+00:00, run_after=2025-04-04 00:00:00+00:00
[2025-04-04T15:20:00.569+0000] {logging_mixin.py:190} INFO - [2025-04-04T15:20:00.569+0000] {dag.py:4180} INFO - Setting next_dagrun for example_branch_datetime_operator_3 to 2025-04-03 00:00:00+00:00, run_after=2025-04-04 00:00:00+00:00
[2025-04-04T15:20:00.588+0000] {processor.py:208} INFO - Processing /home/ubuntu/venv/lib/python3.12/site-packages/airflow/example_dags/example_branch_datetime_operator.py took 0.085 seconds
[2025-04-04T15:21:17.692+0000] {processor.py:186} INFO - Started process (PID=3504) to work on /home/ubuntu/venv/lib/python3.12/site-packages/airflow/example_dags/example_branch_datetime_operator.py
[2025-04-04T15:21:17.693+0000] {processor.py:914} INFO - Processing file /home/ubuntu/venv/lib/python3.12/site-packages/airflow/example_dags/example_branch_datetime_operator.py for tasks to queue
[2025-04-04T15:21:17.695+0000] {logging_mixin.py:190} INFO - [2025-04-04T15:21:17.695+0000] {dagbag.py:588} INFO - Filling up the DagBag from /home/ubuntu/venv/lib/python3.12/site-packages/airflow/example_dags/example_branch_datetime_operator.py
[2025-04-04T15:21:17.707+0000] {processor.py:925} INFO - DAG(s) 'example_branch_datetime_operator', 'example_branch_datetime_operator_3', 'example_branch_datetime_operator_2' retrieved from /home/ubuntu/venv/lib/python3.12/site-packages/airflow/example_dags/example_branch_datetime_operator.py
[2025-04-04T15:21:17.726+0000] {logging_mixin.py:190} INFO - [2025-04-04T15:21:17.726+0000] {dag.py:3239} INFO - Sync 3 DAGs
[2025-04-04T15:21:17.748+0000] {logging_mixin.py:190} INFO - [2025-04-04T15:21:17.748+0000] {dag.py:4180} INFO - Setting next_dagrun for example_branch_datetime_operator to 2025-04-03 00:00:00+00:00, run_after=2025-04-04 00:00:00+00:00
[2025-04-04T15:21:17.752+0000] {logging_mixin.py:190} INFO - [2025-04-04T15:21:17.752+0000] {dag.py:4180} INFO - Setting next_dagrun for example_branch_datetime_operator_2 to 2025-04-03 00:00:00+00:00, run_after=2025-04-04 00:00:00+00:00
[2025-04-04T15:21:17.754+0000] {logging_mixin.py:190} INFO - [2025-04-04T15:21:17.754+0000] {dag.py:4180} INFO - Setting next_dagrun for example_branch_datetime_operator_3 to 2025-04-03 00:00:00+00:00, run_after=2025-04-04 00:00:00+00:00
[2025-04-04T15:21:17.773+0000] {processor.py:208} INFO - Processing /home/ubuntu/venv/lib/python3.12/site-packages/airflow/example_dags/example_branch_datetime_operator.py took 0.086 seconds
[2025-04-04T15:22:12.983+0000] {processor.py:186} INFO - Started process (PID=3895) to work on /home/ubuntu/venv/lib/python3.12/site-packages/airflow/example_dags/example_branch_datetime_operator.py
[2025-04-04T15:22:12.985+0000] {processor.py:914} INFO - Processing file /home/ubuntu/venv/lib/python3.12/site-packages/airflow/example_dags/example_branch_datetime_operator.py for tasks to queue
[2025-04-04T15:22:12.986+0000] {logging_mixin.py:190} INFO - [2025-04-04T15:22:12.986+0000] {dagbag.py:588} INFO - Filling up the DagBag from /home/ubuntu/venv/lib/python3.12/site-packages/airflow/example_dags/example_branch_datetime_operator.py
[2025-04-04T15:22:12.998+0000] {processor.py:925} INFO - DAG(s) 'example_branch_datetime_operator_3', 'example_branch_datetime_operator_2', 'example_branch_datetime_operator' retrieved from /home/ubuntu/venv/lib/python3.12/site-packages/airflow/example_dags/example_branch_datetime_operator.py
[2025-04-04T15:22:13.020+0000] {logging_mixin.py:190} INFO - [2025-04-04T15:22:13.019+0000] {dag.py:3239} INFO - Sync 3 DAGs
[2025-04-04T15:22:13.040+0000] {logging_mixin.py:190} INFO - [2025-04-04T15:22:13.039+0000] {dag.py:4180} INFO - Setting next_dagrun for example_branch_datetime_operator to 2025-04-03 00:00:00+00:00, run_after=2025-04-04 00:00:00+00:00
[2025-04-04T15:22:13.044+0000] {logging_mixin.py:190} INFO - [2025-04-04T15:22:13.043+0000] {dag.py:4180} INFO - Setting next_dagrun for example_branch_datetime_operator_2 to 2025-04-03 00:00:00+00:00, run_after=2025-04-04 00:00:00+00:00
[2025-04-04T15:22:13.045+0000] {logging_mixin.py:190} INFO - [2025-04-04T15:22:13.045+0000] {dag.py:4180} INFO - Setting next_dagrun for example_branch_datetime_operator_3 to 2025-04-03 00:00:00+00:00, run_after=2025-04-04 00:00:00+00:00
[2025-04-04T15:22:13.066+0000] {processor.py:208} INFO - Processing /home/ubuntu/venv/lib/python3.12/site-packages/airflow/example_dags/example_branch_datetime_operator.py took 0.088 seconds
