[2025-04-04T15:18:28.486+0000] {processor.py:186} INFO - Started process (PID=3325) to work on /home/ubuntu/venv/lib/python3.12/site-packages/airflow/example_dags/example_short_circuit_operator.py
[2025-04-04T15:18:28.487+0000] {processor.py:914} INFO - Processing file /home/ubuntu/venv/lib/python3.12/site-packages/airflow/example_dags/example_short_circuit_operator.py for tasks to queue
[2025-04-04T15:18:28.488+0000] {logging_mixin.py:190} INFO - [2025-04-04T15:18:28.488+0000] {dagbag.py:588} INFO - Filling up the DagBag from /home/ubuntu/venv/lib/python3.12/site-packages/airflow/example_dags/example_short_circuit_operator.py
[2025-04-04T15:18:28.496+0000] {processor.py:925} INFO - DAG(s) 'example_short_circuit_operator' retrieved from /home/ubuntu/venv/lib/python3.12/site-packages/airflow/example_dags/example_short_circuit_operator.py
[2025-04-04T15:18:28.601+0000] {logging_mixin.py:190} INFO - [2025-04-04T15:18:28.600+0000] {override.py:1930} INFO - Created Permission View: can edit on DAG:example_short_circuit_operator
[2025-04-04T15:18:28.612+0000] {logging_mixin.py:190} INFO - [2025-04-04T15:18:28.612+0000] {override.py:1930} INFO - Created Permission View: can read on DAG:example_short_circuit_operator
[2025-04-04T15:18:28.622+0000] {logging_mixin.py:190} INFO - [2025-04-04T15:18:28.622+0000] {override.py:1930} INFO - Created Permission View: can delete on DAG:example_short_circuit_operator
[2025-04-04T15:18:28.640+0000] {logging_mixin.py:190} INFO - [2025-04-04T15:18:28.639+0000] {override.py:1930} INFO - Created Permission View: can create on DAG Run:example_short_circuit_operator
[2025-04-04T15:18:28.650+0000] {logging_mixin.py:190} INFO - [2025-04-04T15:18:28.650+0000] {override.py:1930} INFO - Created Permission View: can read on DAG Run:example_short_circuit_operator
[2025-04-04T15:18:28.660+0000] {logging_mixin.py:190} INFO - [2025-04-04T15:18:28.659+0000] {override.py:1930} INFO - Created Permission View: can delete on DAG Run:example_short_circuit_operator
[2025-04-04T15:18:28.670+0000] {logging_mixin.py:190} INFO - [2025-04-04T15:18:28.670+0000] {override.py:1930} INFO - Created Permission View: menu access on DAG Run:example_short_circuit_operator
[2025-04-04T15:18:28.670+0000] {logging_mixin.py:190} INFO - [2025-04-04T15:18:28.670+0000] {dag.py:3239} INFO - Sync 1 DAGs
[2025-04-04T15:18:28.681+0000] {logging_mixin.py:190} INFO - [2025-04-04T15:18:28.681+0000] {dag.py:3262} INFO - Creating ORM DAG for example_short_circuit_operator
[2025-04-04T15:18:28.681+0000] {logging_mixin.py:190} INFO - [2025-04-04T15:18:28.681+0000] {dag.py:4180} INFO - Setting next_dagrun for example_short_circuit_operator to None, run_after=None
[2025-04-04T15:18:28.703+0000] {processor.py:208} INFO - Processing /home/ubuntu/venv/lib/python3.12/site-packages/airflow/example_dags/example_short_circuit_operator.py took 0.222 seconds
[2025-04-04T15:19:31.438+0000] {processor.py:186} INFO - Started process (PID=3383) to work on /home/ubuntu/venv/lib/python3.12/site-packages/airflow/example_dags/example_short_circuit_operator.py
[2025-04-04T15:19:31.440+0000] {processor.py:914} INFO - Processing file /home/ubuntu/venv/lib/python3.12/site-packages/airflow/example_dags/example_short_circuit_operator.py for tasks to queue
[2025-04-04T15:19:31.442+0000] {logging_mixin.py:190} INFO - [2025-04-04T15:19:31.441+0000] {dagbag.py:588} INFO - Filling up the DagBag from /home/ubuntu/venv/lib/python3.12/site-packages/airflow/example_dags/example_short_circuit_operator.py
[2025-04-04T15:19:31.451+0000] {processor.py:925} INFO - DAG(s) 'example_short_circuit_operator' retrieved from /home/ubuntu/venv/lib/python3.12/site-packages/airflow/example_dags/example_short_circuit_operator.py
[2025-04-04T15:19:31.468+0000] {logging_mixin.py:190} INFO - [2025-04-04T15:19:31.468+0000] {dag.py:3239} INFO - Sync 1 DAGs
[2025-04-04T15:19:31.479+0000] {logging_mixin.py:190} INFO - [2025-04-04T15:19:31.478+0000] {dag.py:4180} INFO - Setting next_dagrun for example_short_circuit_operator to None, run_after=None
[2025-04-04T15:19:31.500+0000] {processor.py:208} INFO - Processing /home/ubuntu/venv/lib/python3.12/site-packages/airflow/example_dags/example_short_circuit_operator.py took 0.066 seconds
[2025-04-04T15:20:26.044+0000] {processor.py:186} INFO - Started process (PID=3448) to work on /home/ubuntu/venv/lib/python3.12/site-packages/airflow/example_dags/example_short_circuit_operator.py
[2025-04-04T15:20:26.046+0000] {processor.py:914} INFO - Processing file /home/ubuntu/venv/lib/python3.12/site-packages/airflow/example_dags/example_short_circuit_operator.py for tasks to queue
[2025-04-04T15:20:26.047+0000] {logging_mixin.py:190} INFO - [2025-04-04T15:20:26.047+0000] {dagbag.py:588} INFO - Filling up the DagBag from /home/ubuntu/venv/lib/python3.12/site-packages/airflow/example_dags/example_short_circuit_operator.py
[2025-04-04T15:20:26.055+0000] {processor.py:925} INFO - DAG(s) 'example_short_circuit_operator' retrieved from /home/ubuntu/venv/lib/python3.12/site-packages/airflow/example_dags/example_short_circuit_operator.py
[2025-04-04T15:20:26.074+0000] {logging_mixin.py:190} INFO - [2025-04-04T15:20:26.073+0000] {dag.py:3239} INFO - Sync 1 DAGs
[2025-04-04T15:20:26.084+0000] {logging_mixin.py:190} INFO - [2025-04-04T15:20:26.084+0000] {dag.py:4180} INFO - Setting next_dagrun for example_short_circuit_operator to None, run_after=None
[2025-04-04T15:20:26.105+0000] {processor.py:208} INFO - Processing /home/ubuntu/venv/lib/python3.12/site-packages/airflow/example_dags/example_short_circuit_operator.py took 0.066 seconds
[2025-04-04T15:21:23.879+0000] {processor.py:186} INFO - Started process (PID=3510) to work on /home/ubuntu/venv/lib/python3.12/site-packages/airflow/example_dags/example_short_circuit_operator.py
[2025-04-04T15:21:23.880+0000] {processor.py:914} INFO - Processing file /home/ubuntu/venv/lib/python3.12/site-packages/airflow/example_dags/example_short_circuit_operator.py for tasks to queue
[2025-04-04T15:21:23.882+0000] {logging_mixin.py:190} INFO - [2025-04-04T15:21:23.882+0000] {dagbag.py:588} INFO - Filling up the DagBag from /home/ubuntu/venv/lib/python3.12/site-packages/airflow/example_dags/example_short_circuit_operator.py
[2025-04-04T15:21:23.890+0000] {processor.py:925} INFO - DAG(s) 'example_short_circuit_operator' retrieved from /home/ubuntu/venv/lib/python3.12/site-packages/airflow/example_dags/example_short_circuit_operator.py
[2025-04-04T15:21:23.907+0000] {logging_mixin.py:190} INFO - [2025-04-04T15:21:23.907+0000] {dag.py:3239} INFO - Sync 1 DAGs
[2025-04-04T15:21:23.919+0000] {logging_mixin.py:190} INFO - [2025-04-04T15:21:23.919+0000] {dag.py:4180} INFO - Setting next_dagrun for example_short_circuit_operator to None, run_after=None
[2025-04-04T15:21:23.940+0000] {processor.py:208} INFO - Processing /home/ubuntu/venv/lib/python3.12/site-packages/airflow/example_dags/example_short_circuit_operator.py took 0.067 seconds
[2025-04-04T15:22:15.847+0000] {processor.py:186} INFO - Started process (PID=3898) to work on /home/ubuntu/venv/lib/python3.12/site-packages/airflow/example_dags/example_short_circuit_operator.py
[2025-04-04T15:22:15.848+0000] {processor.py:914} INFO - Processing file /home/ubuntu/venv/lib/python3.12/site-packages/airflow/example_dags/example_short_circuit_operator.py for tasks to queue
[2025-04-04T15:22:15.850+0000] {logging_mixin.py:190} INFO - [2025-04-04T15:22:15.850+0000] {dagbag.py:588} INFO - Filling up the DagBag from /home/ubuntu/venv/lib/python3.12/site-packages/airflow/example_dags/example_short_circuit_operator.py
[2025-04-04T15:22:15.858+0000] {processor.py:925} INFO - DAG(s) 'example_short_circuit_operator' retrieved from /home/ubuntu/venv/lib/python3.12/site-packages/airflow/example_dags/example_short_circuit_operator.py
[2025-04-04T15:22:15.876+0000] {logging_mixin.py:190} INFO - [2025-04-04T15:22:15.876+0000] {dag.py:3239} INFO - Sync 1 DAGs
[2025-04-04T15:22:15.887+0000] {logging_mixin.py:190} INFO - [2025-04-04T15:22:15.887+0000] {dag.py:4180} INFO - Setting next_dagrun for example_short_circuit_operator to None, run_after=None
[2025-04-04T15:22:15.909+0000] {processor.py:208} INFO - Processing /home/ubuntu/venv/lib/python3.12/site-packages/airflow/example_dags/example_short_circuit_operator.py took 0.068 seconds
