[2025-04-04T15:18:25.822+0000] {processor.py:186} INFO - Started process (PID=3321) to work on /home/ubuntu/venv/lib/python3.12/site-packages/airflow/example_dags/example_sla_dag.py
[2025-04-04T15:18:25.823+0000] {processor.py:914} INFO - Processing file /home/ubuntu/venv/lib/python3.12/site-packages/airflow/example_dags/example_sla_dag.py for tasks to queue
[2025-04-04T15:18:25.825+0000] {logging_mixin.py:190} INFO - [2025-04-04T15:18:25.824+0000] {dagbag.py:588} INFO - Filling up the DagBag from /home/ubuntu/venv/lib/python3.12/site-packages/airflow/example_dags/example_sla_dag.py
[2025-04-04T15:18:25.836+0000] {processor.py:925} INFO - DAG(s) 'example_sla_dag' retrieved from /home/ubuntu/venv/lib/python3.12/site-packages/airflow/example_dags/example_sla_dag.py
[2025-04-04T15:18:25.933+0000] {logging_mixin.py:190} INFO - [2025-04-04T15:18:25.932+0000] {override.py:1930} INFO - Created Permission View: can edit on DAG:example_sla_dag
[2025-04-04T15:18:25.946+0000] {logging_mixin.py:190} INFO - [2025-04-04T15:18:25.946+0000] {override.py:1930} INFO - Created Permission View: can read on DAG:example_sla_dag
[2025-04-04T15:18:25.957+0000] {logging_mixin.py:190} INFO - [2025-04-04T15:18:25.957+0000] {override.py:1930} INFO - Created Permission View: can delete on DAG:example_sla_dag
[2025-04-04T15:18:25.975+0000] {logging_mixin.py:190} INFO - [2025-04-04T15:18:25.975+0000] {override.py:1930} INFO - Created Permission View: can create on DAG Run:example_sla_dag
[2025-04-04T15:18:25.988+0000] {logging_mixin.py:190} INFO - [2025-04-04T15:18:25.988+0000] {override.py:1930} INFO - Created Permission View: can read on DAG Run:example_sla_dag
[2025-04-04T15:18:25.998+0000] {logging_mixin.py:190} INFO - [2025-04-04T15:18:25.998+0000] {override.py:1930} INFO - Created Permission View: can delete on DAG Run:example_sla_dag
[2025-04-04T15:18:26.009+0000] {logging_mixin.py:190} INFO - [2025-04-04T15:18:26.009+0000] {override.py:1930} INFO - Created Permission View: menu access on DAG Run:example_sla_dag
[2025-04-04T15:18:26.009+0000] {logging_mixin.py:190} INFO - [2025-04-04T15:18:26.009+0000] {dag.py:3239} INFO - Sync 1 DAGs
[2025-04-04T15:18:26.020+0000] {logging_mixin.py:190} INFO - [2025-04-04T15:18:26.020+0000] {dag.py:3262} INFO - Creating ORM DAG for example_sla_dag
[2025-04-04T15:18:26.029+0000] {logging_mixin.py:190} INFO - [2025-04-04T15:18:26.029+0000] {dag.py:4180} INFO - Setting next_dagrun for example_sla_dag to 2025-04-04 15:16:00+00:00, run_after=2025-04-04 15:18:00+00:00
[2025-04-04T15:18:26.049+0000] {processor.py:208} INFO - Processing /home/ubuntu/venv/lib/python3.12/site-packages/airflow/example_dags/example_sla_dag.py took 0.232 seconds
[2025-04-04T15:19:29.710+0000] {processor.py:186} INFO - Started process (PID=3381) to work on /home/ubuntu/venv/lib/python3.12/site-packages/airflow/example_dags/example_sla_dag.py
[2025-04-04T15:19:29.712+0000] {processor.py:914} INFO - Processing file /home/ubuntu/venv/lib/python3.12/site-packages/airflow/example_dags/example_sla_dag.py for tasks to queue
[2025-04-04T15:19:29.713+0000] {logging_mixin.py:190} INFO - [2025-04-04T15:19:29.713+0000] {dagbag.py:588} INFO - Filling up the DagBag from /home/ubuntu/venv/lib/python3.12/site-packages/airflow/example_dags/example_sla_dag.py
[2025-04-04T15:19:29.723+0000] {processor.py:925} INFO - DAG(s) 'example_sla_dag' retrieved from /home/ubuntu/venv/lib/python3.12/site-packages/airflow/example_dags/example_sla_dag.py
[2025-04-04T15:19:29.736+0000] {logging_mixin.py:190} INFO - [2025-04-04T15:19:29.736+0000] {dag.py:3239} INFO - Sync 1 DAGs
[2025-04-04T15:19:29.757+0000] {logging_mixin.py:190} INFO - [2025-04-04T15:19:29.756+0000] {dag.py:4180} INFO - Setting next_dagrun for example_sla_dag to 2025-04-04 15:16:00+00:00, run_after=2025-04-04 15:18:00+00:00
[2025-04-04T15:19:29.778+0000] {processor.py:208} INFO - Processing /home/ubuntu/venv/lib/python3.12/site-packages/airflow/example_dags/example_sla_dag.py took 0.073 seconds
[2025-04-04T15:20:23.974+0000] {processor.py:186} INFO - Started process (PID=3446) to work on /home/ubuntu/venv/lib/python3.12/site-packages/airflow/example_dags/example_sla_dag.py
[2025-04-04T15:20:23.975+0000] {processor.py:914} INFO - Processing file /home/ubuntu/venv/lib/python3.12/site-packages/airflow/example_dags/example_sla_dag.py for tasks to queue
[2025-04-04T15:20:23.978+0000] {logging_mixin.py:190} INFO - [2025-04-04T15:20:23.978+0000] {dagbag.py:588} INFO - Filling up the DagBag from /home/ubuntu/venv/lib/python3.12/site-packages/airflow/example_dags/example_sla_dag.py
[2025-04-04T15:20:23.987+0000] {processor.py:925} INFO - DAG(s) 'example_sla_dag' retrieved from /home/ubuntu/venv/lib/python3.12/site-packages/airflow/example_dags/example_sla_dag.py
[2025-04-04T15:20:24.001+0000] {logging_mixin.py:190} INFO - [2025-04-04T15:20:24.001+0000] {dag.py:3239} INFO - Sync 1 DAGs
[2025-04-04T15:20:24.021+0000] {logging_mixin.py:190} INFO - [2025-04-04T15:20:24.020+0000] {dag.py:4180} INFO - Setting next_dagrun for example_sla_dag to 2025-04-04 15:18:00+00:00, run_after=2025-04-04 15:20:00+00:00
[2025-04-04T15:20:24.041+0000] {processor.py:208} INFO - Processing /home/ubuntu/venv/lib/python3.12/site-packages/airflow/example_dags/example_sla_dag.py took 0.073 seconds
[2025-04-04T15:21:14.170+0000] {processor.py:186} INFO - Started process (PID=3501) to work on /home/ubuntu/venv/lib/python3.12/site-packages/airflow/example_dags/example_sla_dag.py
[2025-04-04T15:21:14.172+0000] {processor.py:914} INFO - Processing file /home/ubuntu/venv/lib/python3.12/site-packages/airflow/example_dags/example_sla_dag.py for tasks to queue
[2025-04-04T15:21:14.174+0000] {logging_mixin.py:190} INFO - [2025-04-04T15:21:14.174+0000] {dagbag.py:588} INFO - Filling up the DagBag from /home/ubuntu/venv/lib/python3.12/site-packages/airflow/example_dags/example_sla_dag.py
[2025-04-04T15:21:14.183+0000] {processor.py:925} INFO - DAG(s) 'example_sla_dag' retrieved from /home/ubuntu/venv/lib/python3.12/site-packages/airflow/example_dags/example_sla_dag.py
[2025-04-04T15:21:14.198+0000] {logging_mixin.py:190} INFO - [2025-04-04T15:21:14.197+0000] {dag.py:3239} INFO - Sync 1 DAGs
[2025-04-04T15:21:14.218+0000] {logging_mixin.py:190} INFO - [2025-04-04T15:21:14.218+0000] {dag.py:4180} INFO - Setting next_dagrun for example_sla_dag to 2025-04-04 15:18:00+00:00, run_after=2025-04-04 15:20:00+00:00
[2025-04-04T15:21:14.238+0000] {processor.py:208} INFO - Processing /home/ubuntu/venv/lib/python3.12/site-packages/airflow/example_dags/example_sla_dag.py took 0.074 seconds
[2025-04-04T15:22:07.261+0000] {processor.py:186} INFO - Started process (PID=3821) to work on /home/ubuntu/venv/lib/python3.12/site-packages/airflow/example_dags/example_sla_dag.py
[2025-04-04T15:22:07.263+0000] {processor.py:914} INFO - Processing file /home/ubuntu/venv/lib/python3.12/site-packages/airflow/example_dags/example_sla_dag.py for tasks to queue
[2025-04-04T15:22:07.265+0000] {logging_mixin.py:190} INFO - [2025-04-04T15:22:07.265+0000] {dagbag.py:588} INFO - Filling up the DagBag from /home/ubuntu/venv/lib/python3.12/site-packages/airflow/example_dags/example_sla_dag.py
[2025-04-04T15:22:07.275+0000] {processor.py:925} INFO - DAG(s) 'example_sla_dag' retrieved from /home/ubuntu/venv/lib/python3.12/site-packages/airflow/example_dags/example_sla_dag.py
[2025-04-04T15:22:07.289+0000] {logging_mixin.py:190} INFO - [2025-04-04T15:22:07.289+0000] {dag.py:3239} INFO - Sync 1 DAGs
[2025-04-04T15:22:07.308+0000] {logging_mixin.py:190} INFO - [2025-04-04T15:22:07.307+0000] {dag.py:4180} INFO - Setting next_dagrun for example_sla_dag to 2025-04-04 15:20:00+00:00, run_after=2025-04-04 15:22:00+00:00
[2025-04-04T15:22:07.327+0000] {processor.py:208} INFO - Processing /home/ubuntu/venv/lib/python3.12/site-packages/airflow/example_dags/example_sla_dag.py took 0.072 seconds
