[2025-04-04T15:18:41.832+0000] {processor.py:186} INFO - Started process (PID=3336) to work on /home/ubuntu/venv/lib/python3.12/site-packages/airflow/example_dags/example_nested_branch_dag.py
[2025-04-04T15:18:41.833+0000] {processor.py:914} INFO - Processing file /home/ubuntu/venv/lib/python3.12/site-packages/airflow/example_dags/example_nested_branch_dag.py for tasks to queue
[2025-04-04T15:18:41.834+0000] {logging_mixin.py:190} INFO - [2025-04-04T15:18:41.834+0000] {dagbag.py:588} INFO - Filling up the DagBag from /home/ubuntu/venv/lib/python3.12/site-packages/airflow/example_dags/example_nested_branch_dag.py
[2025-04-04T15:18:41.846+0000] {processor.py:925} INFO - DAG(s) 'example_nested_branch_dag' retrieved from /home/ubuntu/venv/lib/python3.12/site-packages/airflow/example_dags/example_nested_branch_dag.py
[2025-04-04T15:18:41.949+0000] {logging_mixin.py:190} INFO - [2025-04-04T15:18:41.949+0000] {override.py:1930} INFO - Created Permission View: can edit on DAG:example_nested_branch_dag
[2025-04-04T15:18:41.962+0000] {logging_mixin.py:190} INFO - [2025-04-04T15:18:41.962+0000] {override.py:1930} INFO - Created Permission View: can read on DAG:example_nested_branch_dag
[2025-04-04T15:18:41.973+0000] {logging_mixin.py:190} INFO - [2025-04-04T15:18:41.973+0000] {override.py:1930} INFO - Created Permission View: can delete on DAG:example_nested_branch_dag
[2025-04-04T15:18:41.992+0000] {logging_mixin.py:190} INFO - [2025-04-04T15:18:41.991+0000] {override.py:1930} INFO - Created Permission View: can create on DAG Run:example_nested_branch_dag
[2025-04-04T15:18:42.002+0000] {logging_mixin.py:190} INFO - [2025-04-04T15:18:42.002+0000] {override.py:1930} INFO - Created Permission View: can read on DAG Run:example_nested_branch_dag
[2025-04-04T15:18:42.014+0000] {logging_mixin.py:190} INFO - [2025-04-04T15:18:42.014+0000] {override.py:1930} INFO - Created Permission View: can delete on DAG Run:example_nested_branch_dag
[2025-04-04T15:18:42.025+0000] {logging_mixin.py:190} INFO - [2025-04-04T15:18:42.024+0000] {override.py:1930} INFO - Created Permission View: menu access on DAG Run:example_nested_branch_dag
[2025-04-04T15:18:42.025+0000] {logging_mixin.py:190} INFO - [2025-04-04T15:18:42.025+0000] {dag.py:3239} INFO - Sync 1 DAGs
[2025-04-04T15:18:42.036+0000] {logging_mixin.py:190} INFO - [2025-04-04T15:18:42.035+0000] {dag.py:3262} INFO - Creating ORM DAG for example_nested_branch_dag
[2025-04-04T15:18:42.044+0000] {logging_mixin.py:190} INFO - [2025-04-04T15:18:42.043+0000] {dag.py:4180} INFO - Setting next_dagrun for example_nested_branch_dag to 2025-04-03 00:00:00+00:00, run_after=2025-04-04 00:00:00+00:00
[2025-04-04T15:18:42.064+0000] {processor.py:208} INFO - Processing /home/ubuntu/venv/lib/python3.12/site-packages/airflow/example_dags/example_nested_branch_dag.py took 0.237 seconds
[2025-04-04T15:19:42.789+0000] {processor.py:186} INFO - Started process (PID=3395) to work on /home/ubuntu/venv/lib/python3.12/site-packages/airflow/example_dags/example_nested_branch_dag.py
[2025-04-04T15:19:42.790+0000] {processor.py:914} INFO - Processing file /home/ubuntu/venv/lib/python3.12/site-packages/airflow/example_dags/example_nested_branch_dag.py for tasks to queue
[2025-04-04T15:19:42.792+0000] {logging_mixin.py:190} INFO - [2025-04-04T15:19:42.792+0000] {dagbag.py:588} INFO - Filling up the DagBag from /home/ubuntu/venv/lib/python3.12/site-packages/airflow/example_dags/example_nested_branch_dag.py
[2025-04-04T15:19:42.803+0000] {processor.py:925} INFO - DAG(s) 'example_nested_branch_dag' retrieved from /home/ubuntu/venv/lib/python3.12/site-packages/airflow/example_dags/example_nested_branch_dag.py
[2025-04-04T15:19:42.818+0000] {logging_mixin.py:190} INFO - [2025-04-04T15:19:42.818+0000] {dag.py:3239} INFO - Sync 1 DAGs
[2025-04-04T15:19:42.837+0000] {logging_mixin.py:190} INFO - [2025-04-04T15:19:42.837+0000] {dag.py:4180} INFO - Setting next_dagrun for example_nested_branch_dag to 2025-04-03 00:00:00+00:00, run_after=2025-04-04 00:00:00+00:00
[2025-04-04T15:19:42.859+0000] {processor.py:208} INFO - Processing /home/ubuntu/venv/lib/python3.12/site-packages/airflow/example_dags/example_nested_branch_dag.py took 0.074 seconds
[2025-04-04T15:20:37.319+0000] {processor.py:186} INFO - Started process (PID=3459) to work on /home/ubuntu/venv/lib/python3.12/site-packages/airflow/example_dags/example_nested_branch_dag.py
[2025-04-04T15:20:37.321+0000] {processor.py:914} INFO - Processing file /home/ubuntu/venv/lib/python3.12/site-packages/airflow/example_dags/example_nested_branch_dag.py for tasks to queue
[2025-04-04T15:20:37.322+0000] {logging_mixin.py:190} INFO - [2025-04-04T15:20:37.322+0000] {dagbag.py:588} INFO - Filling up the DagBag from /home/ubuntu/venv/lib/python3.12/site-packages/airflow/example_dags/example_nested_branch_dag.py
[2025-04-04T15:20:37.334+0000] {processor.py:925} INFO - DAG(s) 'example_nested_branch_dag' retrieved from /home/ubuntu/venv/lib/python3.12/site-packages/airflow/example_dags/example_nested_branch_dag.py
[2025-04-04T15:20:37.351+0000] {logging_mixin.py:190} INFO - [2025-04-04T15:20:37.351+0000] {dag.py:3239} INFO - Sync 1 DAGs
[2025-04-04T15:20:37.369+0000] {logging_mixin.py:190} INFO - [2025-04-04T15:20:37.369+0000] {dag.py:4180} INFO - Setting next_dagrun for example_nested_branch_dag to 2025-04-03 00:00:00+00:00, run_after=2025-04-04 00:00:00+00:00
[2025-04-04T15:20:37.391+0000] {processor.py:208} INFO - Processing /home/ubuntu/venv/lib/python3.12/site-packages/airflow/example_dags/example_nested_branch_dag.py took 0.077 seconds
[2025-04-04T15:21:34.166+0000] {processor.py:186} INFO - Started process (PID=3520) to work on /home/ubuntu/venv/lib/python3.12/site-packages/airflow/example_dags/example_nested_branch_dag.py
[2025-04-04T15:21:34.168+0000] {processor.py:914} INFO - Processing file /home/ubuntu/venv/lib/python3.12/site-packages/airflow/example_dags/example_nested_branch_dag.py for tasks to queue
[2025-04-04T15:21:34.170+0000] {logging_mixin.py:190} INFO - [2025-04-04T15:21:34.169+0000] {dagbag.py:588} INFO - Filling up the DagBag from /home/ubuntu/venv/lib/python3.12/site-packages/airflow/example_dags/example_nested_branch_dag.py
[2025-04-04T15:21:34.181+0000] {processor.py:925} INFO - DAG(s) 'example_nested_branch_dag' retrieved from /home/ubuntu/venv/lib/python3.12/site-packages/airflow/example_dags/example_nested_branch_dag.py
[2025-04-04T15:21:34.195+0000] {logging_mixin.py:190} INFO - [2025-04-04T15:21:34.195+0000] {dag.py:3239} INFO - Sync 1 DAGs
[2025-04-04T15:21:34.213+0000] {logging_mixin.py:190} INFO - [2025-04-04T15:21:34.213+0000] {dag.py:4180} INFO - Setting next_dagrun for example_nested_branch_dag to 2025-04-03 00:00:00+00:00, run_after=2025-04-04 00:00:00+00:00
[2025-04-04T15:21:34.235+0000] {processor.py:208} INFO - Processing /home/ubuntu/venv/lib/python3.12/site-packages/airflow/example_dags/example_nested_branch_dag.py took 0.074 seconds
[2025-04-04T15:22:25.552+0000] {processor.py:186} INFO - Started process (PID=3908) to work on /home/ubuntu/venv/lib/python3.12/site-packages/airflow/example_dags/example_nested_branch_dag.py
[2025-04-04T15:22:25.553+0000] {processor.py:914} INFO - Processing file /home/ubuntu/venv/lib/python3.12/site-packages/airflow/example_dags/example_nested_branch_dag.py for tasks to queue
[2025-04-04T15:22:25.555+0000] {logging_mixin.py:190} INFO - [2025-04-04T15:22:25.554+0000] {dagbag.py:588} INFO - Filling up the DagBag from /home/ubuntu/venv/lib/python3.12/site-packages/airflow/example_dags/example_nested_branch_dag.py
[2025-04-04T15:22:25.566+0000] {processor.py:925} INFO - DAG(s) 'example_nested_branch_dag' retrieved from /home/ubuntu/venv/lib/python3.12/site-packages/airflow/example_dags/example_nested_branch_dag.py
[2025-04-04T15:22:25.582+0000] {logging_mixin.py:190} INFO - [2025-04-04T15:22:25.582+0000] {dag.py:3239} INFO - Sync 1 DAGs
[2025-04-04T15:22:25.601+0000] {logging_mixin.py:190} INFO - [2025-04-04T15:22:25.601+0000] {dag.py:4180} INFO - Setting next_dagrun for example_nested_branch_dag to 2025-04-03 00:00:00+00:00, run_after=2025-04-04 00:00:00+00:00
[2025-04-04T15:22:25.623+0000] {processor.py:208} INFO - Processing /home/ubuntu/venv/lib/python3.12/site-packages/airflow/example_dags/example_nested_branch_dag.py took 0.077 seconds
