[2025-04-04T15:18:47.180+0000] {processor.py:186} INFO - Started process (PID=3341) to work on /home/ubuntu/venv/lib/python3.12/site-packages/airflow/example_dags/example_dataset_alias_with_no_taskflow.py
[2025-04-04T15:18:47.180+0000] {processor.py:914} INFO - Processing file /home/ubuntu/venv/lib/python3.12/site-packages/airflow/example_dags/example_dataset_alias_with_no_taskflow.py for tasks to queue
[2025-04-04T15:18:47.182+0000] {logging_mixin.py:190} INFO - [2025-04-04T15:18:47.182+0000] {dagbag.py:588} INFO - Filling up the DagBag from /home/ubuntu/venv/lib/python3.12/site-packages/airflow/example_dags/example_dataset_alias_with_no_taskflow.py
[2025-04-04T15:18:47.199+0000] {processor.py:925} INFO - DAG(s) 'dataset_alias_example_alias_producer_with_no_taskflow', 'dataset_s3_bucket_consumer_with_no_taskflow', 'dataset_s3_bucket_producer_with_no_taskflow', 'dataset_alias_example_alias_consumer_with_no_taskflow' retrieved from /home/ubuntu/venv/lib/python3.12/site-packages/airflow/example_dags/example_dataset_alias_with_no_taskflow.py
[2025-04-04T15:18:47.295+0000] {logging_mixin.py:190} INFO - [2025-04-04T15:18:47.294+0000] {override.py:1930} INFO - Created Permission View: can edit on DAG:dataset_alias_example_alias_producer_with_no_taskflow
[2025-04-04T15:18:47.311+0000] {logging_mixin.py:190} INFO - [2025-04-04T15:18:47.310+0000] {override.py:1930} INFO - Created Permission View: can read on DAG:dataset_alias_example_alias_producer_with_no_taskflow
[2025-04-04T15:18:47.323+0000] {logging_mixin.py:190} INFO - [2025-04-04T15:18:47.322+0000] {override.py:1930} INFO - Created Permission View: can delete on DAG:dataset_alias_example_alias_producer_with_no_taskflow
[2025-04-04T15:18:47.341+0000] {logging_mixin.py:190} INFO - [2025-04-04T15:18:47.341+0000] {override.py:1930} INFO - Created Permission View: can create on DAG Run:dataset_alias_example_alias_producer_with_no_taskflow
[2025-04-04T15:18:47.352+0000] {logging_mixin.py:190} INFO - [2025-04-04T15:18:47.351+0000] {override.py:1930} INFO - Created Permission View: can read on DAG Run:dataset_alias_example_alias_producer_with_no_taskflow
[2025-04-04T15:18:47.361+0000] {logging_mixin.py:190} INFO - [2025-04-04T15:18:47.361+0000] {override.py:1930} INFO - Created Permission View: can delete on DAG Run:dataset_alias_example_alias_producer_with_no_taskflow
[2025-04-04T15:18:47.372+0000] {logging_mixin.py:190} INFO - [2025-04-04T15:18:47.372+0000] {override.py:1930} INFO - Created Permission View: menu access on DAG Run:dataset_alias_example_alias_producer_with_no_taskflow
[2025-04-04T15:18:47.394+0000] {logging_mixin.py:190} INFO - [2025-04-04T15:18:47.394+0000] {override.py:1930} INFO - Created Permission View: can edit on DAG:dataset_s3_bucket_consumer_with_no_taskflow
[2025-04-04T15:18:47.406+0000] {logging_mixin.py:190} INFO - [2025-04-04T15:18:47.405+0000] {override.py:1930} INFO - Created Permission View: can read on DAG:dataset_s3_bucket_consumer_with_no_taskflow
[2025-04-04T15:18:47.416+0000] {logging_mixin.py:190} INFO - [2025-04-04T15:18:47.415+0000] {override.py:1930} INFO - Created Permission View: can delete on DAG:dataset_s3_bucket_consumer_with_no_taskflow
[2025-04-04T15:18:47.432+0000] {logging_mixin.py:190} INFO - [2025-04-04T15:18:47.432+0000] {override.py:1930} INFO - Created Permission View: can create on DAG Run:dataset_s3_bucket_consumer_with_no_taskflow
[2025-04-04T15:18:47.442+0000] {logging_mixin.py:190} INFO - [2025-04-04T15:18:47.442+0000] {override.py:1930} INFO - Created Permission View: can read on DAG Run:dataset_s3_bucket_consumer_with_no_taskflow
[2025-04-04T15:18:47.452+0000] {logging_mixin.py:190} INFO - [2025-04-04T15:18:47.452+0000] {override.py:1930} INFO - Created Permission View: can delete on DAG Run:dataset_s3_bucket_consumer_with_no_taskflow
[2025-04-04T15:18:47.462+0000] {logging_mixin.py:190} INFO - [2025-04-04T15:18:47.462+0000] {override.py:1930} INFO - Created Permission View: menu access on DAG Run:dataset_s3_bucket_consumer_with_no_taskflow
[2025-04-04T15:18:47.493+0000] {logging_mixin.py:190} INFO - [2025-04-04T15:18:47.493+0000] {override.py:1930} INFO - Created Permission View: can edit on DAG:dataset_s3_bucket_producer_with_no_taskflow
[2025-04-04T15:18:47.503+0000] {logging_mixin.py:190} INFO - [2025-04-04T15:18:47.502+0000] {override.py:1930} INFO - Created Permission View: can read on DAG:dataset_s3_bucket_producer_with_no_taskflow
[2025-04-04T15:18:47.512+0000] {logging_mixin.py:190} INFO - [2025-04-04T15:18:47.512+0000] {override.py:1930} INFO - Created Permission View: can delete on DAG:dataset_s3_bucket_producer_with_no_taskflow
[2025-04-04T15:18:47.529+0000] {logging_mixin.py:190} INFO - [2025-04-04T15:18:47.529+0000] {override.py:1930} INFO - Created Permission View: can create on DAG Run:dataset_s3_bucket_producer_with_no_taskflow
[2025-04-04T15:18:47.541+0000] {logging_mixin.py:190} INFO - [2025-04-04T15:18:47.541+0000] {override.py:1930} INFO - Created Permission View: can read on DAG Run:dataset_s3_bucket_producer_with_no_taskflow
[2025-04-04T15:18:47.551+0000] {logging_mixin.py:190} INFO - [2025-04-04T15:18:47.551+0000] {override.py:1930} INFO - Created Permission View: can delete on DAG Run:dataset_s3_bucket_producer_with_no_taskflow
[2025-04-04T15:18:47.563+0000] {logging_mixin.py:190} INFO - [2025-04-04T15:18:47.562+0000] {override.py:1930} INFO - Created Permission View: menu access on DAG Run:dataset_s3_bucket_producer_with_no_taskflow
[2025-04-04T15:18:47.589+0000] {logging_mixin.py:190} INFO - [2025-04-04T15:18:47.589+0000] {override.py:1930} INFO - Created Permission View: can edit on DAG:dataset_alias_example_alias_consumer_with_no_taskflow
[2025-04-04T15:18:47.601+0000] {logging_mixin.py:190} INFO - [2025-04-04T15:18:47.601+0000] {override.py:1930} INFO - Created Permission View: can read on DAG:dataset_alias_example_alias_consumer_with_no_taskflow
[2025-04-04T15:18:47.611+0000] {logging_mixin.py:190} INFO - [2025-04-04T15:18:47.611+0000] {override.py:1930} INFO - Created Permission View: can delete on DAG:dataset_alias_example_alias_consumer_with_no_taskflow
[2025-04-04T15:18:47.629+0000] {logging_mixin.py:190} INFO - [2025-04-04T15:18:47.628+0000] {override.py:1930} INFO - Created Permission View: can create on DAG Run:dataset_alias_example_alias_consumer_with_no_taskflow
[2025-04-04T15:18:47.638+0000] {logging_mixin.py:190} INFO - [2025-04-04T15:18:47.638+0000] {override.py:1930} INFO - Created Permission View: can read on DAG Run:dataset_alias_example_alias_consumer_with_no_taskflow
[2025-04-04T15:18:47.648+0000] {logging_mixin.py:190} INFO - [2025-04-04T15:18:47.648+0000] {override.py:1930} INFO - Created Permission View: can delete on DAG Run:dataset_alias_example_alias_consumer_with_no_taskflow
[2025-04-04T15:18:47.659+0000] {logging_mixin.py:190} INFO - [2025-04-04T15:18:47.659+0000] {override.py:1930} INFO - Created Permission View: menu access on DAG Run:dataset_alias_example_alias_consumer_with_no_taskflow
[2025-04-04T15:18:47.659+0000] {logging_mixin.py:190} INFO - [2025-04-04T15:18:47.659+0000] {dag.py:3239} INFO - Sync 4 DAGs
[2025-04-04T15:18:47.668+0000] {logging_mixin.py:190} INFO - [2025-04-04T15:18:47.668+0000] {dag.py:3262} INFO - Creating ORM DAG for dataset_s3_bucket_producer_with_no_taskflow
[2025-04-04T15:18:47.669+0000] {logging_mixin.py:190} INFO - [2025-04-04T15:18:47.669+0000] {dag.py:3262} INFO - Creating ORM DAG for dataset_alias_example_alias_producer_with_no_taskflow
[2025-04-04T15:18:47.670+0000] {logging_mixin.py:190} INFO - [2025-04-04T15:18:47.670+0000] {dag.py:3262} INFO - Creating ORM DAG for dataset_s3_bucket_consumer_with_no_taskflow
[2025-04-04T15:18:47.670+0000] {logging_mixin.py:190} INFO - [2025-04-04T15:18:47.670+0000] {dag.py:3262} INFO - Creating ORM DAG for dataset_alias_example_alias_consumer_with_no_taskflow
[2025-04-04T15:18:47.677+0000] {logging_mixin.py:190} INFO - [2025-04-04T15:18:47.677+0000] {dag.py:4180} INFO - Setting next_dagrun for dataset_alias_example_alias_consumer_with_no_taskflow to None, run_after=None
[2025-04-04T15:18:47.678+0000] {logging_mixin.py:190} INFO - [2025-04-04T15:18:47.677+0000] {dag.py:4180} INFO - Setting next_dagrun for dataset_alias_example_alias_producer_with_no_taskflow to None, run_after=None
[2025-04-04T15:18:47.678+0000] {logging_mixin.py:190} INFO - [2025-04-04T15:18:47.678+0000] {dag.py:4180} INFO - Setting next_dagrun for dataset_s3_bucket_consumer_with_no_taskflow to None, run_after=None
[2025-04-04T15:18:47.679+0000] {logging_mixin.py:190} INFO - [2025-04-04T15:18:47.679+0000] {dag.py:4180} INFO - Setting next_dagrun for dataset_s3_bucket_producer_with_no_taskflow to None, run_after=None
[2025-04-04T15:18:47.707+0000] {processor.py:208} INFO - Processing /home/ubuntu/venv/lib/python3.12/site-packages/airflow/example_dags/example_dataset_alias_with_no_taskflow.py took 0.533 seconds
[2025-04-04T15:19:46.790+0000] {processor.py:186} INFO - Started process (PID=3400) to work on /home/ubuntu/venv/lib/python3.12/site-packages/airflow/example_dags/example_dataset_alias_with_no_taskflow.py
[2025-04-04T15:19:46.791+0000] {processor.py:914} INFO - Processing file /home/ubuntu/venv/lib/python3.12/site-packages/airflow/example_dags/example_dataset_alias_with_no_taskflow.py for tasks to queue
[2025-04-04T15:19:46.793+0000] {logging_mixin.py:190} INFO - [2025-04-04T15:19:46.793+0000] {dagbag.py:588} INFO - Filling up the DagBag from /home/ubuntu/venv/lib/python3.12/site-packages/airflow/example_dags/example_dataset_alias_with_no_taskflow.py
[2025-04-04T15:19:46.816+0000] {processor.py:925} INFO - DAG(s) 'dataset_s3_bucket_consumer_with_no_taskflow', 'dataset_s3_bucket_producer_with_no_taskflow', 'dataset_alias_example_alias_producer_with_no_taskflow', 'dataset_alias_example_alias_consumer_with_no_taskflow' retrieved from /home/ubuntu/venv/lib/python3.12/site-packages/airflow/example_dags/example_dataset_alias_with_no_taskflow.py
[2025-04-04T15:19:46.832+0000] {logging_mixin.py:190} INFO - [2025-04-04T15:19:46.832+0000] {dag.py:3239} INFO - Sync 4 DAGs
[2025-04-04T15:19:46.854+0000] {logging_mixin.py:190} INFO - [2025-04-04T15:19:46.854+0000] {dag.py:4180} INFO - Setting next_dagrun for dataset_alias_example_alias_consumer_with_no_taskflow to None, run_after=None
[2025-04-04T15:19:46.856+0000] {logging_mixin.py:190} INFO - [2025-04-04T15:19:46.856+0000] {dag.py:4180} INFO - Setting next_dagrun for dataset_alias_example_alias_producer_with_no_taskflow to None, run_after=None
[2025-04-04T15:19:46.856+0000] {logging_mixin.py:190} INFO - [2025-04-04T15:19:46.856+0000] {dag.py:4180} INFO - Setting next_dagrun for dataset_s3_bucket_consumer_with_no_taskflow to None, run_after=None
[2025-04-04T15:19:46.858+0000] {logging_mixin.py:190} INFO - [2025-04-04T15:19:46.858+0000] {dag.py:4180} INFO - Setting next_dagrun for dataset_s3_bucket_producer_with_no_taskflow to None, run_after=None
[2025-04-04T15:19:46.881+0000] {processor.py:208} INFO - Processing /home/ubuntu/venv/lib/python3.12/site-packages/airflow/example_dags/example_dataset_alias_with_no_taskflow.py took 0.097 seconds
[2025-04-04T15:20:42.822+0000] {processor.py:186} INFO - Started process (PID=3464) to work on /home/ubuntu/venv/lib/python3.12/site-packages/airflow/example_dags/example_dataset_alias_with_no_taskflow.py
[2025-04-04T15:20:42.825+0000] {processor.py:914} INFO - Processing file /home/ubuntu/venv/lib/python3.12/site-packages/airflow/example_dags/example_dataset_alias_with_no_taskflow.py for tasks to queue
[2025-04-04T15:20:42.826+0000] {logging_mixin.py:190} INFO - [2025-04-04T15:20:42.826+0000] {dagbag.py:588} INFO - Filling up the DagBag from /home/ubuntu/venv/lib/python3.12/site-packages/airflow/example_dags/example_dataset_alias_with_no_taskflow.py
[2025-04-04T15:20:42.849+0000] {processor.py:925} INFO - DAG(s) 'dataset_s3_bucket_consumer_with_no_taskflow', 'dataset_alias_example_alias_consumer_with_no_taskflow', 'dataset_s3_bucket_producer_with_no_taskflow', 'dataset_alias_example_alias_producer_with_no_taskflow' retrieved from /home/ubuntu/venv/lib/python3.12/site-packages/airflow/example_dags/example_dataset_alias_with_no_taskflow.py
[2025-04-04T15:20:42.867+0000] {logging_mixin.py:190} INFO - [2025-04-04T15:20:42.867+0000] {dag.py:3239} INFO - Sync 4 DAGs
[2025-04-04T15:20:42.883+0000] {logging_mixin.py:190} INFO - [2025-04-04T15:20:42.883+0000] {dag.py:4180} INFO - Setting next_dagrun for dataset_alias_example_alias_consumer_with_no_taskflow to None, run_after=None
[2025-04-04T15:20:42.885+0000] {logging_mixin.py:190} INFO - [2025-04-04T15:20:42.885+0000] {dag.py:4180} INFO - Setting next_dagrun for dataset_alias_example_alias_producer_with_no_taskflow to None, run_after=None
[2025-04-04T15:20:42.885+0000] {logging_mixin.py:190} INFO - [2025-04-04T15:20:42.885+0000] {dag.py:4180} INFO - Setting next_dagrun for dataset_s3_bucket_consumer_with_no_taskflow to None, run_after=None
[2025-04-04T15:20:42.887+0000] {logging_mixin.py:190} INFO - [2025-04-04T15:20:42.886+0000] {dag.py:4180} INFO - Setting next_dagrun for dataset_s3_bucket_producer_with_no_taskflow to None, run_after=None
[2025-04-04T15:20:42.910+0000] {processor.py:208} INFO - Processing /home/ubuntu/venv/lib/python3.12/site-packages/airflow/example_dags/example_dataset_alias_with_no_taskflow.py took 0.093 seconds
[2025-04-04T15:21:37.969+0000] {processor.py:186} INFO - Started process (PID=3525) to work on /home/ubuntu/venv/lib/python3.12/site-packages/airflow/example_dags/example_dataset_alias_with_no_taskflow.py
[2025-04-04T15:21:37.971+0000] {processor.py:914} INFO - Processing file /home/ubuntu/venv/lib/python3.12/site-packages/airflow/example_dags/example_dataset_alias_with_no_taskflow.py for tasks to queue
[2025-04-04T15:21:37.973+0000] {logging_mixin.py:190} INFO - [2025-04-04T15:21:37.972+0000] {dagbag.py:588} INFO - Filling up the DagBag from /home/ubuntu/venv/lib/python3.12/site-packages/airflow/example_dags/example_dataset_alias_with_no_taskflow.py
[2025-04-04T15:21:37.995+0000] {processor.py:925} INFO - DAG(s) 'dataset_s3_bucket_consumer_with_no_taskflow', 'dataset_alias_example_alias_producer_with_no_taskflow', 'dataset_alias_example_alias_consumer_with_no_taskflow', 'dataset_s3_bucket_producer_with_no_taskflow' retrieved from /home/ubuntu/venv/lib/python3.12/site-packages/airflow/example_dags/example_dataset_alias_with_no_taskflow.py
[2025-04-04T15:21:38.012+0000] {logging_mixin.py:190} INFO - [2025-04-04T15:21:38.012+0000] {dag.py:3239} INFO - Sync 4 DAGs
[2025-04-04T15:21:38.029+0000] {logging_mixin.py:190} INFO - [2025-04-04T15:21:38.029+0000] {dag.py:4180} INFO - Setting next_dagrun for dataset_alias_example_alias_consumer_with_no_taskflow to None, run_after=None
[2025-04-04T15:21:38.031+0000] {logging_mixin.py:190} INFO - [2025-04-04T15:21:38.031+0000] {dag.py:4180} INFO - Setting next_dagrun for dataset_alias_example_alias_producer_with_no_taskflow to None, run_after=None
[2025-04-04T15:21:38.032+0000] {logging_mixin.py:190} INFO - [2025-04-04T15:21:38.031+0000] {dag.py:4180} INFO - Setting next_dagrun for dataset_s3_bucket_consumer_with_no_taskflow to None, run_after=None
[2025-04-04T15:21:38.033+0000] {logging_mixin.py:190} INFO - [2025-04-04T15:21:38.033+0000] {dag.py:4180} INFO - Setting next_dagrun for dataset_s3_bucket_producer_with_no_taskflow to None, run_after=None
[2025-04-04T15:21:38.055+0000] {processor.py:208} INFO - Processing /home/ubuntu/venv/lib/python3.12/site-packages/airflow/example_dags/example_dataset_alias_with_no_taskflow.py took 0.092 seconds
[2025-04-04T15:22:29.803+0000] {processor.py:186} INFO - Started process (PID=3913) to work on /home/ubuntu/venv/lib/python3.12/site-packages/airflow/example_dags/example_dataset_alias_with_no_taskflow.py
[2025-04-04T15:22:29.806+0000] {processor.py:914} INFO - Processing file /home/ubuntu/venv/lib/python3.12/site-packages/airflow/example_dags/example_dataset_alias_with_no_taskflow.py for tasks to queue
[2025-04-04T15:22:29.808+0000] {logging_mixin.py:190} INFO - [2025-04-04T15:22:29.807+0000] {dagbag.py:588} INFO - Filling up the DagBag from /home/ubuntu/venv/lib/python3.12/site-packages/airflow/example_dags/example_dataset_alias_with_no_taskflow.py
[2025-04-04T15:22:29.830+0000] {processor.py:925} INFO - DAG(s) 'dataset_alias_example_alias_producer_with_no_taskflow', 'dataset_alias_example_alias_consumer_with_no_taskflow', 'dataset_s3_bucket_producer_with_no_taskflow', 'dataset_s3_bucket_consumer_with_no_taskflow' retrieved from /home/ubuntu/venv/lib/python3.12/site-packages/airflow/example_dags/example_dataset_alias_with_no_taskflow.py
[2025-04-04T15:22:29.847+0000] {logging_mixin.py:190} INFO - [2025-04-04T15:22:29.847+0000] {dag.py:3239} INFO - Sync 4 DAGs
[2025-04-04T15:22:29.864+0000] {logging_mixin.py:190} INFO - [2025-04-04T15:22:29.864+0000] {dag.py:4180} INFO - Setting next_dagrun for dataset_alias_example_alias_consumer_with_no_taskflow to None, run_after=None
[2025-04-04T15:22:29.866+0000] {logging_mixin.py:190} INFO - [2025-04-04T15:22:29.866+0000] {dag.py:4180} INFO - Setting next_dagrun for dataset_alias_example_alias_producer_with_no_taskflow to None, run_after=None
[2025-04-04T15:22:29.867+0000] {logging_mixin.py:190} INFO - [2025-04-04T15:22:29.867+0000] {dag.py:4180} INFO - Setting next_dagrun for dataset_s3_bucket_consumer_with_no_taskflow to None, run_after=None
[2025-04-04T15:22:29.868+0000] {logging_mixin.py:190} INFO - [2025-04-04T15:22:29.868+0000] {dag.py:4180} INFO - Setting next_dagrun for dataset_s3_bucket_producer_with_no_taskflow to None, run_after=None
[2025-04-04T15:22:29.890+0000] {processor.py:208} INFO - Processing /home/ubuntu/venv/lib/python3.12/site-packages/airflow/example_dags/example_dataset_alias_with_no_taskflow.py took 0.092 seconds
