[2025-04-04T15:18:16.464+0000] {processor.py:186} INFO - Started process (PID=3312) to work on /home/ubuntu/venv/lib/python3.12/site-packages/airflow/example_dags/example_trigger_target_dag.py
[2025-04-04T15:18:16.465+0000] {processor.py:914} INFO - Processing file /home/ubuntu/venv/lib/python3.12/site-packages/airflow/example_dags/example_trigger_target_dag.py for tasks to queue
[2025-04-04T15:18:16.467+0000] {logging_mixin.py:190} INFO - [2025-04-04T15:18:16.467+0000] {dagbag.py:588} INFO - Filling up the DagBag from /home/ubuntu/venv/lib/python3.12/site-packages/airflow/example_dags/example_trigger_target_dag.py
[2025-04-04T15:18:16.474+0000] {processor.py:925} INFO - DAG(s) 'example_trigger_target_dag' retrieved from /home/ubuntu/venv/lib/python3.12/site-packages/airflow/example_dags/example_trigger_target_dag.py
[2025-04-04T15:18:16.573+0000] {logging_mixin.py:190} INFO - [2025-04-04T15:18:16.572+0000] {override.py:1930} INFO - Created Permission View: can edit on DAG:example_trigger_target_dag
[2025-04-04T15:18:16.588+0000] {logging_mixin.py:190} INFO - [2025-04-04T15:18:16.587+0000] {override.py:1930} INFO - Created Permission View: can read on DAG:example_trigger_target_dag
[2025-04-04T15:18:16.598+0000] {logging_mixin.py:190} INFO - [2025-04-04T15:18:16.598+0000] {override.py:1930} INFO - Created Permission View: can delete on DAG:example_trigger_target_dag
[2025-04-04T15:18:16.615+0000] {logging_mixin.py:190} INFO - [2025-04-04T15:18:16.615+0000] {override.py:1930} INFO - Created Permission View: can create on DAG Run:example_trigger_target_dag
[2025-04-04T15:18:16.625+0000] {logging_mixin.py:190} INFO - [2025-04-04T15:18:16.625+0000] {override.py:1930} INFO - Created Permission View: can read on DAG Run:example_trigger_target_dag
[2025-04-04T15:18:16.635+0000] {logging_mixin.py:190} INFO - [2025-04-04T15:18:16.635+0000] {override.py:1930} INFO - Created Permission View: can delete on DAG Run:example_trigger_target_dag
[2025-04-04T15:18:16.645+0000] {logging_mixin.py:190} INFO - [2025-04-04T15:18:16.645+0000] {override.py:1930} INFO - Created Permission View: menu access on DAG Run:example_trigger_target_dag
[2025-04-04T15:18:16.645+0000] {logging_mixin.py:190} INFO - [2025-04-04T15:18:16.645+0000] {dag.py:3239} INFO - Sync 1 DAGs
[2025-04-04T15:18:16.654+0000] {logging_mixin.py:190} INFO - [2025-04-04T15:18:16.654+0000] {dag.py:3262} INFO - Creating ORM DAG for example_trigger_target_dag
[2025-04-04T15:18:16.655+0000] {logging_mixin.py:190} INFO - [2025-04-04T15:18:16.655+0000] {dag.py:4180} INFO - Setting next_dagrun for example_trigger_target_dag to None, run_after=None
[2025-04-04T15:18:16.678+0000] {processor.py:208} INFO - Processing /home/ubuntu/venv/lib/python3.12/site-packages/airflow/example_dags/example_trigger_target_dag.py took 0.219 seconds
[2025-04-04T15:19:20.537+0000] {processor.py:186} INFO - Started process (PID=3372) to work on /home/ubuntu/venv/lib/python3.12/site-packages/airflow/example_dags/example_trigger_target_dag.py
[2025-04-04T15:19:20.539+0000] {processor.py:914} INFO - Processing file /home/ubuntu/venv/lib/python3.12/site-packages/airflow/example_dags/example_trigger_target_dag.py for tasks to queue
[2025-04-04T15:19:20.541+0000] {logging_mixin.py:190} INFO - [2025-04-04T15:19:20.541+0000] {dagbag.py:588} INFO - Filling up the DagBag from /home/ubuntu/venv/lib/python3.12/site-packages/airflow/example_dags/example_trigger_target_dag.py
[2025-04-04T15:19:20.549+0000] {processor.py:925} INFO - DAG(s) 'example_trigger_target_dag' retrieved from /home/ubuntu/venv/lib/python3.12/site-packages/airflow/example_dags/example_trigger_target_dag.py
[2025-04-04T15:19:20.570+0000] {logging_mixin.py:190} INFO - [2025-04-04T15:19:20.570+0000] {dag.py:3239} INFO - Sync 1 DAGs
[2025-04-04T15:19:20.581+0000] {logging_mixin.py:190} INFO - [2025-04-04T15:19:20.581+0000] {dag.py:4180} INFO - Setting next_dagrun for example_trigger_target_dag to None, run_after=None
[2025-04-04T15:19:20.603+0000] {processor.py:208} INFO - Processing /home/ubuntu/venv/lib/python3.12/site-packages/airflow/example_dags/example_trigger_target_dag.py took 0.071 seconds
[2025-04-04T15:20:14.769+0000] {processor.py:186} INFO - Started process (PID=3437) to work on /home/ubuntu/venv/lib/python3.12/site-packages/airflow/example_dags/example_trigger_target_dag.py
[2025-04-04T15:20:14.771+0000] {processor.py:914} INFO - Processing file /home/ubuntu/venv/lib/python3.12/site-packages/airflow/example_dags/example_trigger_target_dag.py for tasks to queue
[2025-04-04T15:20:14.773+0000] {logging_mixin.py:190} INFO - [2025-04-04T15:20:14.772+0000] {dagbag.py:588} INFO - Filling up the DagBag from /home/ubuntu/venv/lib/python3.12/site-packages/airflow/example_dags/example_trigger_target_dag.py
[2025-04-04T15:20:14.782+0000] {processor.py:925} INFO - DAG(s) 'example_trigger_target_dag' retrieved from /home/ubuntu/venv/lib/python3.12/site-packages/airflow/example_dags/example_trigger_target_dag.py
[2025-04-04T15:20:14.796+0000] {logging_mixin.py:190} INFO - [2025-04-04T15:20:14.796+0000] {dag.py:3239} INFO - Sync 1 DAGs
[2025-04-04T15:20:14.806+0000] {logging_mixin.py:190} INFO - [2025-04-04T15:20:14.806+0000] {dag.py:4180} INFO - Setting next_dagrun for example_trigger_target_dag to None, run_after=None
[2025-04-04T15:20:14.827+0000] {processor.py:208} INFO - Processing /home/ubuntu/venv/lib/python3.12/site-packages/airflow/example_dags/example_trigger_target_dag.py took 0.063 seconds
[2025-04-04T15:21:05.383+0000] {processor.py:186} INFO - Started process (PID=3490) to work on /home/ubuntu/venv/lib/python3.12/site-packages/airflow/example_dags/example_trigger_target_dag.py
[2025-04-04T15:21:05.385+0000] {processor.py:914} INFO - Processing file /home/ubuntu/venv/lib/python3.12/site-packages/airflow/example_dags/example_trigger_target_dag.py for tasks to queue
[2025-04-04T15:21:05.387+0000] {logging_mixin.py:190} INFO - [2025-04-04T15:21:05.386+0000] {dagbag.py:588} INFO - Filling up the DagBag from /home/ubuntu/venv/lib/python3.12/site-packages/airflow/example_dags/example_trigger_target_dag.py
[2025-04-04T15:21:05.394+0000] {processor.py:925} INFO - DAG(s) 'example_trigger_target_dag' retrieved from /home/ubuntu/venv/lib/python3.12/site-packages/airflow/example_dags/example_trigger_target_dag.py
[2025-04-04T15:21:05.409+0000] {logging_mixin.py:190} INFO - [2025-04-04T15:21:05.408+0000] {dag.py:3239} INFO - Sync 1 DAGs
[2025-04-04T15:21:05.420+0000] {logging_mixin.py:190} INFO - [2025-04-04T15:21:05.420+0000] {dag.py:4180} INFO - Setting next_dagrun for example_trigger_target_dag to None, run_after=None
[2025-04-04T15:21:05.443+0000] {processor.py:208} INFO - Processing /home/ubuntu/venv/lib/python3.12/site-packages/airflow/example_dags/example_trigger_target_dag.py took 0.066 seconds
[2025-04-04T15:21:59.409+0000] {processor.py:186} INFO - Started process (PID=3803) to work on /home/ubuntu/venv/lib/python3.12/site-packages/airflow/example_dags/example_trigger_target_dag.py
[2025-04-04T15:21:59.410+0000] {processor.py:914} INFO - Processing file /home/ubuntu/venv/lib/python3.12/site-packages/airflow/example_dags/example_trigger_target_dag.py for tasks to queue
[2025-04-04T15:21:59.412+0000] {logging_mixin.py:190} INFO - [2025-04-04T15:21:59.411+0000] {dagbag.py:588} INFO - Filling up the DagBag from /home/ubuntu/venv/lib/python3.12/site-packages/airflow/example_dags/example_trigger_target_dag.py
[2025-04-04T15:21:59.427+0000] {processor.py:925} INFO - DAG(s) 'example_trigger_target_dag' retrieved from /home/ubuntu/venv/lib/python3.12/site-packages/airflow/example_dags/example_trigger_target_dag.py
[2025-04-04T15:21:59.450+0000] {logging_mixin.py:190} INFO - [2025-04-04T15:21:59.450+0000] {dag.py:3239} INFO - Sync 1 DAGs
[2025-04-04T15:21:59.461+0000] {logging_mixin.py:190} INFO - [2025-04-04T15:21:59.461+0000] {dag.py:4180} INFO - Setting next_dagrun for example_trigger_target_dag to None, run_after=None
[2025-04-04T15:21:59.484+0000] {processor.py:208} INFO - Processing /home/ubuntu/venv/lib/python3.12/site-packages/airflow/example_dags/example_trigger_target_dag.py took 0.085 seconds
[2025-04-04T15:22:51.325+0000] {processor.py:186} INFO - Started process (PID=3960) to work on /home/ubuntu/venv/lib/python3.12/site-packages/airflow/example_dags/example_trigger_target_dag.py
[2025-04-04T15:22:51.327+0000] {processor.py:914} INFO - Processing file /home/ubuntu/venv/lib/python3.12/site-packages/airflow/example_dags/example_trigger_target_dag.py for tasks to queue
[2025-04-04T15:22:51.329+0000] {logging_mixin.py:190} INFO - [2025-04-04T15:22:51.328+0000] {dagbag.py:588} INFO - Filling up the DagBag from /home/ubuntu/venv/lib/python3.12/site-packages/airflow/example_dags/example_trigger_target_dag.py
[2025-04-04T15:22:51.336+0000] {processor.py:925} INFO - DAG(s) 'example_trigger_target_dag' retrieved from /home/ubuntu/venv/lib/python3.12/site-packages/airflow/example_dags/example_trigger_target_dag.py
[2025-04-04T15:22:51.351+0000] {logging_mixin.py:190} INFO - [2025-04-04T15:22:51.351+0000] {dag.py:3239} INFO - Sync 1 DAGs
[2025-04-04T15:22:51.362+0000] {logging_mixin.py:190} INFO - [2025-04-04T15:22:51.361+0000] {dag.py:4180} INFO - Setting next_dagrun for example_trigger_target_dag to None, run_after=None
[2025-04-04T15:22:51.382+0000] {processor.py:208} INFO - Processing /home/ubuntu/venv/lib/python3.12/site-packages/airflow/example_dags/example_trigger_target_dag.py took 0.062 seconds
