[2025-04-04T15:19:01.488+0000] {processor.py:186} INFO - Started process (PID=3353) to work on /home/ubuntu/venv/lib/python3.12/site-packages/airflow/example_dags/example_complex.py
[2025-04-04T15:19:01.489+0000] {processor.py:914} INFO - Processing file /home/ubuntu/venv/lib/python3.12/site-packages/airflow/example_dags/example_complex.py for tasks to queue
[2025-04-04T15:19:01.491+0000] {logging_mixin.py:190} INFO - [2025-04-04T15:19:01.490+0000] {dagbag.py:588} INFO - Filling up the DagBag from /home/ubuntu/venv/lib/python3.12/site-packages/airflow/example_dags/example_complex.py
[2025-04-04T15:19:01.502+0000] {processor.py:925} INFO - DAG(s) 'example_complex' retrieved from /home/ubuntu/venv/lib/python3.12/site-packages/airflow/example_dags/example_complex.py
[2025-04-04T15:19:01.614+0000] {logging_mixin.py:190} INFO - [2025-04-04T15:19:01.613+0000] {override.py:1930} INFO - Created Permission View: can edit on DAG:example_complex
[2025-04-04T15:19:01.628+0000] {logging_mixin.py:190} INFO - [2025-04-04T15:19:01.628+0000] {override.py:1930} INFO - Created Permission View: can read on DAG:example_complex
[2025-04-04T15:19:01.639+0000] {logging_mixin.py:190} INFO - [2025-04-04T15:19:01.638+0000] {override.py:1930} INFO - Created Permission View: can delete on DAG:example_complex
[2025-04-04T15:19:01.658+0000] {logging_mixin.py:190} INFO - [2025-04-04T15:19:01.658+0000] {override.py:1930} INFO - Created Permission View: can create on DAG Run:example_complex
[2025-04-04T15:19:01.668+0000] {logging_mixin.py:190} INFO - [2025-04-04T15:19:01.668+0000] {override.py:1930} INFO - Created Permission View: can read on DAG Run:example_complex
[2025-04-04T15:19:01.679+0000] {logging_mixin.py:190} INFO - [2025-04-04T15:19:01.678+0000] {override.py:1930} INFO - Created Permission View: can delete on DAG Run:example_complex
[2025-04-04T15:19:01.690+0000] {logging_mixin.py:190} INFO - [2025-04-04T15:19:01.690+0000] {override.py:1930} INFO - Created Permission View: menu access on DAG Run:example_complex
[2025-04-04T15:19:01.690+0000] {logging_mixin.py:190} INFO - [2025-04-04T15:19:01.690+0000] {dag.py:3239} INFO - Sync 1 DAGs
[2025-04-04T15:19:01.700+0000] {logging_mixin.py:190} INFO - [2025-04-04T15:19:01.700+0000] {dag.py:3262} INFO - Creating ORM DAG for example_complex
[2025-04-04T15:19:01.700+0000] {logging_mixin.py:190} INFO - [2025-04-04T15:19:01.700+0000] {dag.py:4180} INFO - Setting next_dagrun for example_complex to None, run_after=None
[2025-04-04T15:19:01.725+0000] {processor.py:208} INFO - Processing /home/ubuntu/venv/lib/python3.12/site-packages/airflow/example_dags/example_complex.py took 0.242 seconds
[2025-04-04T15:19:58.236+0000] {processor.py:186} INFO - Started process (PID=3413) to work on /home/ubuntu/venv/lib/python3.12/site-packages/airflow/example_dags/example_complex.py
[2025-04-04T15:19:58.238+0000] {processor.py:914} INFO - Processing file /home/ubuntu/venv/lib/python3.12/site-packages/airflow/example_dags/example_complex.py for tasks to queue
[2025-04-04T15:19:58.240+0000] {logging_mixin.py:190} INFO - [2025-04-04T15:19:58.240+0000] {dagbag.py:588} INFO - Filling up the DagBag from /home/ubuntu/venv/lib/python3.12/site-packages/airflow/example_dags/example_complex.py
[2025-04-04T15:19:58.251+0000] {processor.py:925} INFO - DAG(s) 'example_complex' retrieved from /home/ubuntu/venv/lib/python3.12/site-packages/airflow/example_dags/example_complex.py
[2025-04-04T15:19:58.275+0000] {logging_mixin.py:190} INFO - [2025-04-04T15:19:58.275+0000] {dag.py:3239} INFO - Sync 1 DAGs
[2025-04-04T15:19:58.286+0000] {logging_mixin.py:190} INFO - [2025-04-04T15:19:58.286+0000] {dag.py:4180} INFO - Setting next_dagrun for example_complex to None, run_after=None
[2025-04-04T15:19:58.307+0000] {processor.py:208} INFO - Processing /home/ubuntu/venv/lib/python3.12/site-packages/airflow/example_dags/example_complex.py took 0.076 seconds
[2025-04-04T15:20:54.855+0000] {processor.py:186} INFO - Started process (PID=3476) to work on /home/ubuntu/venv/lib/python3.12/site-packages/airflow/example_dags/example_complex.py
[2025-04-04T15:20:54.857+0000] {processor.py:914} INFO - Processing file /home/ubuntu/venv/lib/python3.12/site-packages/airflow/example_dags/example_complex.py for tasks to queue
[2025-04-04T15:20:54.859+0000] {logging_mixin.py:190} INFO - [2025-04-04T15:20:54.859+0000] {dagbag.py:588} INFO - Filling up the DagBag from /home/ubuntu/venv/lib/python3.12/site-packages/airflow/example_dags/example_complex.py
[2025-04-04T15:20:54.870+0000] {processor.py:925} INFO - DAG(s) 'example_complex' retrieved from /home/ubuntu/venv/lib/python3.12/site-packages/airflow/example_dags/example_complex.py
[2025-04-04T15:20:54.893+0000] {logging_mixin.py:190} INFO - [2025-04-04T15:20:54.893+0000] {dag.py:3239} INFO - Sync 1 DAGs
[2025-04-04T15:20:54.905+0000] {logging_mixin.py:190} INFO - [2025-04-04T15:20:54.904+0000] {dag.py:4180} INFO - Setting next_dagrun for example_complex to None, run_after=None
[2025-04-04T15:20:54.927+0000] {processor.py:208} INFO - Processing /home/ubuntu/venv/lib/python3.12/site-packages/airflow/example_dags/example_complex.py took 0.076 seconds
[2025-04-04T15:22:10.679+0000] {processor.py:186} INFO - Started process (PID=3876) to work on /home/ubuntu/venv/lib/python3.12/site-packages/airflow/example_dags/example_complex.py
[2025-04-04T15:22:10.680+0000] {processor.py:914} INFO - Processing file /home/ubuntu/venv/lib/python3.12/site-packages/airflow/example_dags/example_complex.py for tasks to queue
[2025-04-04T15:22:10.682+0000] {logging_mixin.py:190} INFO - [2025-04-04T15:22:10.682+0000] {dagbag.py:588} INFO - Filling up the DagBag from /home/ubuntu/venv/lib/python3.12/site-packages/airflow/example_dags/example_complex.py
[2025-04-04T15:22:10.693+0000] {processor.py:925} INFO - DAG(s) 'example_complex' retrieved from /home/ubuntu/venv/lib/python3.12/site-packages/airflow/example_dags/example_complex.py
[2025-04-04T15:22:10.718+0000] {logging_mixin.py:190} INFO - [2025-04-04T15:22:10.718+0000] {dag.py:3239} INFO - Sync 1 DAGs
[2025-04-04T15:22:10.738+0000] {logging_mixin.py:190} INFO - [2025-04-04T15:22:10.736+0000] {dag.py:4180} INFO - Setting next_dagrun for example_complex to None, run_after=None
[2025-04-04T15:22:10.767+0000] {processor.py:208} INFO - Processing /home/ubuntu/venv/lib/python3.12/site-packages/airflow/example_dags/example_complex.py took 0.093 seconds
