[2025-04-04T15:18:53.137+0000] {processor.py:186} INFO - Started process (PID=3346) to work on /home/ubuntu/venv/lib/python3.12/site-packages/airflow/example_dags/example_dataset_alias.py
[2025-04-04T15:18:53.137+0000] {processor.py:914} INFO - Processing file /home/ubuntu/venv/lib/python3.12/site-packages/airflow/example_dags/example_dataset_alias.py for tasks to queue
[2025-04-04T15:18:53.140+0000] {logging_mixin.py:190} INFO - [2025-04-04T15:18:53.139+0000] {dagbag.py:588} INFO - Filling up the DagBag from /home/ubuntu/venv/lib/python3.12/site-packages/airflow/example_dags/example_dataset_alias.py
[2025-04-04T15:18:53.165+0000] {processor.py:925} INFO - DAG(s) 'dataset_alias_example_alias_producer', 'dataset_s3_bucket_consumer', 'dataset_alias_example_alias_consumer', 'dataset_s3_bucket_producer' retrieved from /home/ubuntu/venv/lib/python3.12/site-packages/airflow/example_dags/example_dataset_alias.py
[2025-04-04T15:18:53.262+0000] {logging_mixin.py:190} INFO - [2025-04-04T15:18:53.262+0000] {override.py:1930} INFO - Created Permission View: can edit on DAG:dataset_alias_example_alias_producer
[2025-04-04T15:18:53.276+0000] {logging_mixin.py:190} INFO - [2025-04-04T15:18:53.275+0000] {override.py:1930} INFO - Created Permission View: can read on DAG:dataset_alias_example_alias_producer
[2025-04-04T15:18:53.286+0000] {logging_mixin.py:190} INFO - [2025-04-04T15:18:53.286+0000] {override.py:1930} INFO - Created Permission View: can delete on DAG:dataset_alias_example_alias_producer
[2025-04-04T15:18:53.305+0000] {logging_mixin.py:190} INFO - [2025-04-04T15:18:53.305+0000] {override.py:1930} INFO - Created Permission View: can create on DAG Run:dataset_alias_example_alias_producer
[2025-04-04T15:18:53.315+0000] {logging_mixin.py:190} INFO - [2025-04-04T15:18:53.315+0000] {override.py:1930} INFO - Created Permission View: can read on DAG Run:dataset_alias_example_alias_producer
[2025-04-04T15:18:53.325+0000] {logging_mixin.py:190} INFO - [2025-04-04T15:18:53.325+0000] {override.py:1930} INFO - Created Permission View: can delete on DAG Run:dataset_alias_example_alias_producer
[2025-04-04T15:18:53.336+0000] {logging_mixin.py:190} INFO - [2025-04-04T15:18:53.336+0000] {override.py:1930} INFO - Created Permission View: menu access on DAG Run:dataset_alias_example_alias_producer
[2025-04-04T15:18:53.362+0000] {logging_mixin.py:190} INFO - [2025-04-04T15:18:53.361+0000] {override.py:1930} INFO - Created Permission View: can edit on DAG:dataset_s3_bucket_consumer
[2025-04-04T15:18:53.372+0000] {logging_mixin.py:190} INFO - [2025-04-04T15:18:53.372+0000] {override.py:1930} INFO - Created Permission View: can read on DAG:dataset_s3_bucket_consumer
[2025-04-04T15:18:53.383+0000] {logging_mixin.py:190} INFO - [2025-04-04T15:18:53.383+0000] {override.py:1930} INFO - Created Permission View: can delete on DAG:dataset_s3_bucket_consumer
[2025-04-04T15:18:53.403+0000] {logging_mixin.py:190} INFO - [2025-04-04T15:18:53.403+0000] {override.py:1930} INFO - Created Permission View: can create on DAG Run:dataset_s3_bucket_consumer
[2025-04-04T15:18:53.414+0000] {logging_mixin.py:190} INFO - [2025-04-04T15:18:53.414+0000] {override.py:1930} INFO - Created Permission View: can read on DAG Run:dataset_s3_bucket_consumer
[2025-04-04T15:18:53.427+0000] {logging_mixin.py:190} INFO - [2025-04-04T15:18:53.427+0000] {override.py:1930} INFO - Created Permission View: can delete on DAG Run:dataset_s3_bucket_consumer
[2025-04-04T15:18:53.438+0000] {logging_mixin.py:190} INFO - [2025-04-04T15:18:53.438+0000] {override.py:1930} INFO - Created Permission View: menu access on DAG Run:dataset_s3_bucket_consumer
[2025-04-04T15:18:53.460+0000] {logging_mixin.py:190} INFO - [2025-04-04T15:18:53.459+0000] {override.py:1930} INFO - Created Permission View: can edit on DAG:dataset_alias_example_alias_consumer
[2025-04-04T15:18:53.470+0000] {logging_mixin.py:190} INFO - [2025-04-04T15:18:53.470+0000] {override.py:1930} INFO - Created Permission View: can read on DAG:dataset_alias_example_alias_consumer
[2025-04-04T15:18:53.481+0000] {logging_mixin.py:190} INFO - [2025-04-04T15:18:53.481+0000] {override.py:1930} INFO - Created Permission View: can delete on DAG:dataset_alias_example_alias_consumer
[2025-04-04T15:18:53.499+0000] {logging_mixin.py:190} INFO - [2025-04-04T15:18:53.499+0000] {override.py:1930} INFO - Created Permission View: can create on DAG Run:dataset_alias_example_alias_consumer
[2025-04-04T15:18:53.510+0000] {logging_mixin.py:190} INFO - [2025-04-04T15:18:53.510+0000] {override.py:1930} INFO - Created Permission View: can read on DAG Run:dataset_alias_example_alias_consumer
[2025-04-04T15:18:53.520+0000] {logging_mixin.py:190} INFO - [2025-04-04T15:18:53.520+0000] {override.py:1930} INFO - Created Permission View: can delete on DAG Run:dataset_alias_example_alias_consumer
[2025-04-04T15:18:53.530+0000] {logging_mixin.py:190} INFO - [2025-04-04T15:18:53.530+0000] {override.py:1930} INFO - Created Permission View: menu access on DAG Run:dataset_alias_example_alias_consumer
[2025-04-04T15:18:53.557+0000] {logging_mixin.py:190} INFO - [2025-04-04T15:18:53.557+0000] {override.py:1930} INFO - Created Permission View: can edit on DAG:dataset_s3_bucket_producer
[2025-04-04T15:18:53.566+0000] {logging_mixin.py:190} INFO - [2025-04-04T15:18:53.566+0000] {override.py:1930} INFO - Created Permission View: can read on DAG:dataset_s3_bucket_producer
[2025-04-04T15:18:53.578+0000] {logging_mixin.py:190} INFO - [2025-04-04T15:18:53.576+0000] {override.py:1930} INFO - Created Permission View: can delete on DAG:dataset_s3_bucket_producer
[2025-04-04T15:18:53.594+0000] {logging_mixin.py:190} INFO - [2025-04-04T15:18:53.594+0000] {override.py:1930} INFO - Created Permission View: can create on DAG Run:dataset_s3_bucket_producer
[2025-04-04T15:18:53.604+0000] {logging_mixin.py:190} INFO - [2025-04-04T15:18:53.604+0000] {override.py:1930} INFO - Created Permission View: can read on DAG Run:dataset_s3_bucket_producer
[2025-04-04T15:18:53.615+0000] {logging_mixin.py:190} INFO - [2025-04-04T15:18:53.614+0000] {override.py:1930} INFO - Created Permission View: can delete on DAG Run:dataset_s3_bucket_producer
[2025-04-04T15:18:53.626+0000] {logging_mixin.py:190} INFO - [2025-04-04T15:18:53.625+0000] {override.py:1930} INFO - Created Permission View: menu access on DAG Run:dataset_s3_bucket_producer
[2025-04-04T15:18:53.626+0000] {logging_mixin.py:190} INFO - [2025-04-04T15:18:53.626+0000] {dag.py:3239} INFO - Sync 4 DAGs
[2025-04-04T15:18:53.636+0000] {logging_mixin.py:190} INFO - [2025-04-04T15:18:53.636+0000] {dag.py:3262} INFO - Creating ORM DAG for dataset_alias_example_alias_consumer
[2025-04-04T15:18:53.636+0000] {logging_mixin.py:190} INFO - [2025-04-04T15:18:53.636+0000] {dag.py:3262} INFO - Creating ORM DAG for dataset_s3_bucket_consumer
[2025-04-04T15:18:53.636+0000] {logging_mixin.py:190} INFO - [2025-04-04T15:18:53.636+0000] {dag.py:3262} INFO - Creating ORM DAG for dataset_alias_example_alias_producer
[2025-04-04T15:18:53.637+0000] {logging_mixin.py:190} INFO - [2025-04-04T15:18:53.637+0000] {dag.py:3262} INFO - Creating ORM DAG for dataset_s3_bucket_producer
[2025-04-04T15:18:53.645+0000] {logging_mixin.py:190} INFO - [2025-04-04T15:18:53.644+0000] {dag.py:4180} INFO - Setting next_dagrun for dataset_alias_example_alias_consumer to None, run_after=None
[2025-04-04T15:18:53.645+0000] {logging_mixin.py:190} INFO - [2025-04-04T15:18:53.645+0000] {dag.py:4180} INFO - Setting next_dagrun for dataset_alias_example_alias_producer to None, run_after=None
[2025-04-04T15:18:53.645+0000] {logging_mixin.py:190} INFO - [2025-04-04T15:18:53.645+0000] {dag.py:4180} INFO - Setting next_dagrun for dataset_s3_bucket_consumer to None, run_after=None
[2025-04-04T15:18:53.646+0000] {logging_mixin.py:190} INFO - [2025-04-04T15:18:53.646+0000] {dag.py:4180} INFO - Setting next_dagrun for dataset_s3_bucket_producer to None, run_after=None
[2025-04-04T15:18:53.673+0000] {processor.py:208} INFO - Processing /home/ubuntu/venv/lib/python3.12/site-packages/airflow/example_dags/example_dataset_alias.py took 0.541 seconds
[2025-04-04T15:19:51.940+0000] {processor.py:186} INFO - Started process (PID=3405) to work on /home/ubuntu/venv/lib/python3.12/site-packages/airflow/example_dags/example_dataset_alias.py
[2025-04-04T15:19:51.941+0000] {processor.py:914} INFO - Processing file /home/ubuntu/venv/lib/python3.12/site-packages/airflow/example_dags/example_dataset_alias.py for tasks to queue
[2025-04-04T15:19:51.944+0000] {logging_mixin.py:190} INFO - [2025-04-04T15:19:51.943+0000] {dagbag.py:588} INFO - Filling up the DagBag from /home/ubuntu/venv/lib/python3.12/site-packages/airflow/example_dags/example_dataset_alias.py
[2025-04-04T15:19:51.965+0000] {processor.py:925} INFO - DAG(s) 'dataset_alias_example_alias_consumer', 'dataset_s3_bucket_producer', 'dataset_alias_example_alias_producer', 'dataset_s3_bucket_consumer' retrieved from /home/ubuntu/venv/lib/python3.12/site-packages/airflow/example_dags/example_dataset_alias.py
[2025-04-04T15:19:51.982+0000] {logging_mixin.py:190} INFO - [2025-04-04T15:19:51.982+0000] {dag.py:3239} INFO - Sync 4 DAGs
[2025-04-04T15:19:52.000+0000] {logging_mixin.py:190} INFO - [2025-04-04T15:19:52.000+0000] {dag.py:4180} INFO - Setting next_dagrun for dataset_alias_example_alias_consumer to None, run_after=None
[2025-04-04T15:19:52.002+0000] {logging_mixin.py:190} INFO - [2025-04-04T15:19:52.001+0000] {dag.py:4180} INFO - Setting next_dagrun for dataset_alias_example_alias_producer to None, run_after=None
[2025-04-04T15:19:52.002+0000] {logging_mixin.py:190} INFO - [2025-04-04T15:19:52.002+0000] {dag.py:4180} INFO - Setting next_dagrun for dataset_s3_bucket_consumer to None, run_after=None
[2025-04-04T15:19:52.003+0000] {logging_mixin.py:190} INFO - [2025-04-04T15:19:52.003+0000] {dag.py:4180} INFO - Setting next_dagrun for dataset_s3_bucket_producer to None, run_after=None
[2025-04-04T15:19:52.027+0000] {processor.py:208} INFO - Processing /home/ubuntu/venv/lib/python3.12/site-packages/airflow/example_dags/example_dataset_alias.py took 0.092 seconds
[2025-04-04T15:20:47.456+0000] {processor.py:186} INFO - Started process (PID=3469) to work on /home/ubuntu/venv/lib/python3.12/site-packages/airflow/example_dags/example_dataset_alias.py
[2025-04-04T15:20:47.457+0000] {processor.py:914} INFO - Processing file /home/ubuntu/venv/lib/python3.12/site-packages/airflow/example_dags/example_dataset_alias.py for tasks to queue
[2025-04-04T15:20:47.459+0000] {logging_mixin.py:190} INFO - [2025-04-04T15:20:47.458+0000] {dagbag.py:588} INFO - Filling up the DagBag from /home/ubuntu/venv/lib/python3.12/site-packages/airflow/example_dags/example_dataset_alias.py
[2025-04-04T15:20:47.481+0000] {processor.py:925} INFO - DAG(s) 'dataset_s3_bucket_producer', 'dataset_s3_bucket_consumer', 'dataset_alias_example_alias_producer', 'dataset_alias_example_alias_consumer' retrieved from /home/ubuntu/venv/lib/python3.12/site-packages/airflow/example_dags/example_dataset_alias.py
[2025-04-04T15:20:47.498+0000] {logging_mixin.py:190} INFO - [2025-04-04T15:20:47.498+0000] {dag.py:3239} INFO - Sync 4 DAGs
[2025-04-04T15:20:47.514+0000] {logging_mixin.py:190} INFO - [2025-04-04T15:20:47.514+0000] {dag.py:4180} INFO - Setting next_dagrun for dataset_alias_example_alias_consumer to None, run_after=None
[2025-04-04T15:20:47.516+0000] {logging_mixin.py:190} INFO - [2025-04-04T15:20:47.516+0000] {dag.py:4180} INFO - Setting next_dagrun for dataset_alias_example_alias_producer to None, run_after=None
[2025-04-04T15:20:47.517+0000] {logging_mixin.py:190} INFO - [2025-04-04T15:20:47.517+0000] {dag.py:4180} INFO - Setting next_dagrun for dataset_s3_bucket_consumer to None, run_after=None
[2025-04-04T15:20:47.518+0000] {logging_mixin.py:190} INFO - [2025-04-04T15:20:47.518+0000] {dag.py:4180} INFO - Setting next_dagrun for dataset_s3_bucket_producer to None, run_after=None
[2025-04-04T15:20:47.542+0000] {processor.py:208} INFO - Processing /home/ubuntu/venv/lib/python3.12/site-packages/airflow/example_dags/example_dataset_alias.py took 0.092 seconds
[2025-04-04T15:21:43.331+0000] {processor.py:186} INFO - Started process (PID=3530) to work on /home/ubuntu/venv/lib/python3.12/site-packages/airflow/example_dags/example_dataset_alias.py
[2025-04-04T15:21:43.333+0000] {processor.py:914} INFO - Processing file /home/ubuntu/venv/lib/python3.12/site-packages/airflow/example_dags/example_dataset_alias.py for tasks to queue
[2025-04-04T15:21:43.335+0000] {logging_mixin.py:190} INFO - [2025-04-04T15:21:43.334+0000] {dagbag.py:588} INFO - Filling up the DagBag from /home/ubuntu/venv/lib/python3.12/site-packages/airflow/example_dags/example_dataset_alias.py
[2025-04-04T15:21:43.358+0000] {processor.py:925} INFO - DAG(s) 'dataset_s3_bucket_consumer', 'dataset_alias_example_alias_consumer', 'dataset_alias_example_alias_producer', 'dataset_s3_bucket_producer' retrieved from /home/ubuntu/venv/lib/python3.12/site-packages/airflow/example_dags/example_dataset_alias.py
[2025-04-04T15:21:43.374+0000] {logging_mixin.py:190} INFO - [2025-04-04T15:21:43.374+0000] {dag.py:3239} INFO - Sync 4 DAGs
[2025-04-04T15:21:43.391+0000] {logging_mixin.py:190} INFO - [2025-04-04T15:21:43.391+0000] {dag.py:4180} INFO - Setting next_dagrun for dataset_alias_example_alias_consumer to None, run_after=None
[2025-04-04T15:21:43.393+0000] {logging_mixin.py:190} INFO - [2025-04-04T15:21:43.393+0000] {dag.py:4180} INFO - Setting next_dagrun for dataset_alias_example_alias_producer to None, run_after=None
[2025-04-04T15:21:43.393+0000] {logging_mixin.py:190} INFO - [2025-04-04T15:21:43.393+0000] {dag.py:4180} INFO - Setting next_dagrun for dataset_s3_bucket_consumer to None, run_after=None
[2025-04-04T15:21:43.394+0000] {logging_mixin.py:190} INFO - [2025-04-04T15:21:43.394+0000] {dag.py:4180} INFO - Setting next_dagrun for dataset_s3_bucket_producer to None, run_after=None
[2025-04-04T15:21:43.418+0000] {processor.py:208} INFO - Processing /home/ubuntu/venv/lib/python3.12/site-packages/airflow/example_dags/example_dataset_alias.py took 0.092 seconds
[2025-04-04T15:22:34.950+0000] {processor.py:186} INFO - Started process (PID=3940) to work on /home/ubuntu/venv/lib/python3.12/site-packages/airflow/example_dags/example_dataset_alias.py
[2025-04-04T15:22:34.951+0000] {processor.py:914} INFO - Processing file /home/ubuntu/venv/lib/python3.12/site-packages/airflow/example_dags/example_dataset_alias.py for tasks to queue
[2025-04-04T15:22:34.953+0000] {logging_mixin.py:190} INFO - [2025-04-04T15:22:34.953+0000] {dagbag.py:588} INFO - Filling up the DagBag from /home/ubuntu/venv/lib/python3.12/site-packages/airflow/example_dags/example_dataset_alias.py
[2025-04-04T15:22:34.976+0000] {processor.py:925} INFO - DAG(s) 'dataset_alias_example_alias_producer', 'dataset_s3_bucket_consumer', 'dataset_alias_example_alias_consumer', 'dataset_s3_bucket_producer' retrieved from /home/ubuntu/venv/lib/python3.12/site-packages/airflow/example_dags/example_dataset_alias.py
[2025-04-04T15:22:34.994+0000] {logging_mixin.py:190} INFO - [2025-04-04T15:22:34.993+0000] {dag.py:3239} INFO - Sync 4 DAGs
[2025-04-04T15:22:35.012+0000] {logging_mixin.py:190} INFO - [2025-04-04T15:22:35.012+0000] {dag.py:4180} INFO - Setting next_dagrun for dataset_alias_example_alias_consumer to None, run_after=None
[2025-04-04T15:22:35.014+0000] {logging_mixin.py:190} INFO - [2025-04-04T15:22:35.013+0000] {dag.py:4180} INFO - Setting next_dagrun for dataset_alias_example_alias_producer to None, run_after=None
[2025-04-04T15:22:35.014+0000] {logging_mixin.py:190} INFO - [2025-04-04T15:22:35.014+0000] {dag.py:4180} INFO - Setting next_dagrun for dataset_s3_bucket_consumer to None, run_after=None
[2025-04-04T15:22:35.015+0000] {logging_mixin.py:190} INFO - [2025-04-04T15:22:35.015+0000] {dag.py:4180} INFO - Setting next_dagrun for dataset_s3_bucket_producer to None, run_after=None
[2025-04-04T15:22:35.042+0000] {processor.py:208} INFO - Processing /home/ubuntu/venv/lib/python3.12/site-packages/airflow/example_dags/example_dataset_alias.py took 0.100 seconds
