[2025-04-04T15:18:24.486+0000] {processor.py:186} INFO - Started process (PID=3320) to work on /home/ubuntu/venv/lib/python3.12/site-packages/airflow/example_dags/example_task_group_decorator.py
[2025-04-04T15:18:24.487+0000] {processor.py:914} INFO - Processing file /home/ubuntu/venv/lib/python3.12/site-packages/airflow/example_dags/example_task_group_decorator.py for tasks to queue
[2025-04-04T15:18:24.488+0000] {logging_mixin.py:190} INFO - [2025-04-04T15:18:24.488+0000] {dagbag.py:588} INFO - Filling up the DagBag from /home/ubuntu/venv/lib/python3.12/site-packages/airflow/example_dags/example_task_group_decorator.py
[2025-04-04T15:18:24.503+0000] {processor.py:925} INFO - DAG(s) 'example_task_group_decorator' retrieved from /home/ubuntu/venv/lib/python3.12/site-packages/airflow/example_dags/example_task_group_decorator.py
[2025-04-04T15:18:24.607+0000] {logging_mixin.py:190} INFO - [2025-04-04T15:18:24.606+0000] {override.py:1930} INFO - Created Permission View: can edit on DAG:example_task_group_decorator
[2025-04-04T15:18:24.621+0000] {logging_mixin.py:190} INFO - [2025-04-04T15:18:24.620+0000] {override.py:1930} INFO - Created Permission View: can read on DAG:example_task_group_decorator
[2025-04-04T15:18:24.631+0000] {logging_mixin.py:190} INFO - [2025-04-04T15:18:24.631+0000] {override.py:1930} INFO - Created Permission View: can delete on DAG:example_task_group_decorator
[2025-04-04T15:18:24.648+0000] {logging_mixin.py:190} INFO - [2025-04-04T15:18:24.648+0000] {override.py:1930} INFO - Created Permission View: can create on DAG Run:example_task_group_decorator
[2025-04-04T15:18:24.657+0000] {logging_mixin.py:190} INFO - [2025-04-04T15:18:24.657+0000] {override.py:1930} INFO - Created Permission View: can read on DAG Run:example_task_group_decorator
[2025-04-04T15:18:24.668+0000] {logging_mixin.py:190} INFO - [2025-04-04T15:18:24.667+0000] {override.py:1930} INFO - Created Permission View: can delete on DAG Run:example_task_group_decorator
[2025-04-04T15:18:24.678+0000] {logging_mixin.py:190} INFO - [2025-04-04T15:18:24.678+0000] {override.py:1930} INFO - Created Permission View: menu access on DAG Run:example_task_group_decorator
[2025-04-04T15:18:24.679+0000] {logging_mixin.py:190} INFO - [2025-04-04T15:18:24.679+0000] {dag.py:3239} INFO - Sync 1 DAGs
[2025-04-04T15:18:24.690+0000] {logging_mixin.py:190} INFO - [2025-04-04T15:18:24.690+0000] {dag.py:3262} INFO - Creating ORM DAG for example_task_group_decorator
[2025-04-04T15:18:24.690+0000] {logging_mixin.py:190} INFO - [2025-04-04T15:18:24.690+0000] {dag.py:4180} INFO - Setting next_dagrun for example_task_group_decorator to None, run_after=None
[2025-04-04T15:18:24.713+0000] {processor.py:208} INFO - Processing /home/ubuntu/venv/lib/python3.12/site-packages/airflow/example_dags/example_task_group_decorator.py took 0.233 seconds
[2025-04-04T15:19:28.575+0000] {processor.py:186} INFO - Started process (PID=3380) to work on /home/ubuntu/venv/lib/python3.12/site-packages/airflow/example_dags/example_task_group_decorator.py
[2025-04-04T15:19:28.576+0000] {processor.py:914} INFO - Processing file /home/ubuntu/venv/lib/python3.12/site-packages/airflow/example_dags/example_task_group_decorator.py for tasks to queue
[2025-04-04T15:19:28.578+0000] {logging_mixin.py:190} INFO - [2025-04-04T15:19:28.577+0000] {dagbag.py:588} INFO - Filling up the DagBag from /home/ubuntu/venv/lib/python3.12/site-packages/airflow/example_dags/example_task_group_decorator.py
[2025-04-04T15:19:28.592+0000] {processor.py:925} INFO - DAG(s) 'example_task_group_decorator' retrieved from /home/ubuntu/venv/lib/python3.12/site-packages/airflow/example_dags/example_task_group_decorator.py
[2025-04-04T15:19:28.611+0000] {logging_mixin.py:190} INFO - [2025-04-04T15:19:28.610+0000] {dag.py:3239} INFO - Sync 1 DAGs
[2025-04-04T15:19:28.622+0000] {logging_mixin.py:190} INFO - [2025-04-04T15:19:28.622+0000] {dag.py:4180} INFO - Setting next_dagrun for example_task_group_decorator to None, run_after=None
[2025-04-04T15:19:28.646+0000] {processor.py:208} INFO - Processing /home/ubuntu/venv/lib/python3.12/site-packages/airflow/example_dags/example_task_group_decorator.py took 0.076 seconds
[2025-04-04T15:20:22.825+0000] {processor.py:186} INFO - Started process (PID=3445) to work on /home/ubuntu/venv/lib/python3.12/site-packages/airflow/example_dags/example_task_group_decorator.py
[2025-04-04T15:20:22.828+0000] {processor.py:914} INFO - Processing file /home/ubuntu/venv/lib/python3.12/site-packages/airflow/example_dags/example_task_group_decorator.py for tasks to queue
[2025-04-04T15:20:22.830+0000] {logging_mixin.py:190} INFO - [2025-04-04T15:20:22.829+0000] {dagbag.py:588} INFO - Filling up the DagBag from /home/ubuntu/venv/lib/python3.12/site-packages/airflow/example_dags/example_task_group_decorator.py
[2025-04-04T15:20:22.843+0000] {processor.py:925} INFO - DAG(s) 'example_task_group_decorator' retrieved from /home/ubuntu/venv/lib/python3.12/site-packages/airflow/example_dags/example_task_group_decorator.py
[2025-04-04T15:20:22.863+0000] {logging_mixin.py:190} INFO - [2025-04-04T15:20:22.863+0000] {dag.py:3239} INFO - Sync 1 DAGs
[2025-04-04T15:20:22.873+0000] {logging_mixin.py:190} INFO - [2025-04-04T15:20:22.873+0000] {dag.py:4180} INFO - Setting next_dagrun for example_task_group_decorator to None, run_after=None
[2025-04-04T15:20:22.896+0000] {processor.py:208} INFO - Processing /home/ubuntu/venv/lib/python3.12/site-packages/airflow/example_dags/example_task_group_decorator.py took 0.077 seconds
[2025-04-04T15:21:13.580+0000] {processor.py:186} INFO - Started process (PID=3500) to work on /home/ubuntu/venv/lib/python3.12/site-packages/airflow/example_dags/example_task_group_decorator.py
[2025-04-04T15:21:13.581+0000] {processor.py:914} INFO - Processing file /home/ubuntu/venv/lib/python3.12/site-packages/airflow/example_dags/example_task_group_decorator.py for tasks to queue
[2025-04-04T15:21:13.582+0000] {logging_mixin.py:190} INFO - [2025-04-04T15:21:13.582+0000] {dagbag.py:588} INFO - Filling up the DagBag from /home/ubuntu/venv/lib/python3.12/site-packages/airflow/example_dags/example_task_group_decorator.py
[2025-04-04T15:21:13.596+0000] {processor.py:925} INFO - DAG(s) 'example_task_group_decorator' retrieved from /home/ubuntu/venv/lib/python3.12/site-packages/airflow/example_dags/example_task_group_decorator.py
[2025-04-04T15:21:13.615+0000] {logging_mixin.py:190} INFO - [2025-04-04T15:21:13.615+0000] {dag.py:3239} INFO - Sync 1 DAGs
[2025-04-04T15:21:13.626+0000] {logging_mixin.py:190} INFO - [2025-04-04T15:21:13.626+0000] {dag.py:4180} INFO - Setting next_dagrun for example_task_group_decorator to None, run_after=None
[2025-04-04T15:21:13.646+0000] {processor.py:208} INFO - Processing /home/ubuntu/venv/lib/python3.12/site-packages/airflow/example_dags/example_task_group_decorator.py took 0.074 seconds
[2025-04-04T15:22:06.123+0000] {processor.py:186} INFO - Started process (PID=3820) to work on /home/ubuntu/venv/lib/python3.12/site-packages/airflow/example_dags/example_task_group_decorator.py
[2025-04-04T15:22:06.124+0000] {processor.py:914} INFO - Processing file /home/ubuntu/venv/lib/python3.12/site-packages/airflow/example_dags/example_task_group_decorator.py for tasks to queue
[2025-04-04T15:22:06.126+0000] {logging_mixin.py:190} INFO - [2025-04-04T15:22:06.126+0000] {dagbag.py:588} INFO - Filling up the DagBag from /home/ubuntu/venv/lib/python3.12/site-packages/airflow/example_dags/example_task_group_decorator.py
[2025-04-04T15:22:06.140+0000] {processor.py:925} INFO - DAG(s) 'example_task_group_decorator' retrieved from /home/ubuntu/venv/lib/python3.12/site-packages/airflow/example_dags/example_task_group_decorator.py
[2025-04-04T15:22:06.158+0000] {logging_mixin.py:190} INFO - [2025-04-04T15:22:06.158+0000] {dag.py:3239} INFO - Sync 1 DAGs
[2025-04-04T15:22:06.169+0000] {logging_mixin.py:190} INFO - [2025-04-04T15:22:06.169+0000] {dag.py:4180} INFO - Setting next_dagrun for example_task_group_decorator to None, run_after=None
[2025-04-04T15:22:06.189+0000] {processor.py:208} INFO - Processing /home/ubuntu/venv/lib/python3.12/site-packages/airflow/example_dags/example_task_group_decorator.py took 0.072 seconds
