[2025-04-04T15:18:44.138+0000] {processor.py:186} INFO - Started process (PID=3338) to work on /home/ubuntu/venv/lib/python3.12/site-packages/airflow/example_dags/example_local_kubernetes_executor.py
[2025-04-04T15:18:44.139+0000] {processor.py:914} INFO - Processing file /home/ubuntu/venv/lib/python3.12/site-packages/airflow/example_dags/example_local_kubernetes_executor.py for tasks to queue
[2025-04-04T15:18:44.141+0000] {logging_mixin.py:190} INFO - [2025-04-04T15:18:44.141+0000] {dagbag.py:588} INFO - Filling up the DagBag from /home/ubuntu/venv/lib/python3.12/site-packages/airflow/example_dags/example_local_kubernetes_executor.py
[2025-04-04T15:18:44.144+0000] {logging_mixin.py:190} INFO - [2025-04-04T15:18:44.143+0000] {example_local_kubernetes_executor.py:40} WARNING - Could not import DAGs in example_local_kubernetes_executor.py
Traceback (most recent call last):
  File "/home/ubuntu/venv/lib/python3.12/site-packages/airflow/example_dags/example_local_kubernetes_executor.py", line 38, in <module>
    from kubernetes.client import models as k8s
ModuleNotFoundError: No module named 'kubernetes'
[2025-04-04T15:18:44.144+0000] {logging_mixin.py:190} INFO - [2025-04-04T15:18:44.144+0000] {example_local_kubernetes_executor.py:41} WARNING - Install Kubernetes dependencies with: pip install apache-airflow[cncf.kubernetes]
[2025-04-04T15:18:44.144+0000] {processor.py:927} WARNING - No viable dags retrieved from /home/ubuntu/venv/lib/python3.12/site-packages/airflow/example_dags/example_local_kubernetes_executor.py
[2025-04-04T15:18:44.154+0000] {processor.py:208} INFO - Processing /home/ubuntu/venv/lib/python3.12/site-packages/airflow/example_dags/example_local_kubernetes_executor.py took 0.023 seconds
[2025-04-04T15:19:44.358+0000] {processor.py:186} INFO - Started process (PID=3397) to work on /home/ubuntu/venv/lib/python3.12/site-packages/airflow/example_dags/example_local_kubernetes_executor.py
[2025-04-04T15:19:44.359+0000] {processor.py:914} INFO - Processing file /home/ubuntu/venv/lib/python3.12/site-packages/airflow/example_dags/example_local_kubernetes_executor.py for tasks to queue
[2025-04-04T15:19:44.361+0000] {logging_mixin.py:190} INFO - [2025-04-04T15:19:44.361+0000] {dagbag.py:588} INFO - Filling up the DagBag from /home/ubuntu/venv/lib/python3.12/site-packages/airflow/example_dags/example_local_kubernetes_executor.py
[2025-04-04T15:19:44.364+0000] {logging_mixin.py:190} INFO - [2025-04-04T15:19:44.364+0000] {example_local_kubernetes_executor.py:40} WARNING - Could not import DAGs in example_local_kubernetes_executor.py
Traceback (most recent call last):
  File "/home/ubuntu/venv/lib/python3.12/site-packages/airflow/example_dags/example_local_kubernetes_executor.py", line 38, in <module>
    from kubernetes.client import models as k8s
ModuleNotFoundError: No module named 'kubernetes'
[2025-04-04T15:19:44.364+0000] {logging_mixin.py:190} INFO - [2025-04-04T15:19:44.364+0000] {example_local_kubernetes_executor.py:41} WARNING - Install Kubernetes dependencies with: pip install apache-airflow[cncf.kubernetes]
[2025-04-04T15:19:44.365+0000] {processor.py:927} WARNING - No viable dags retrieved from /home/ubuntu/venv/lib/python3.12/site-packages/airflow/example_dags/example_local_kubernetes_executor.py
[2025-04-04T15:19:44.375+0000] {processor.py:208} INFO - Processing /home/ubuntu/venv/lib/python3.12/site-packages/airflow/example_dags/example_local_kubernetes_executor.py took 0.023 seconds
[2025-04-04T15:20:39.416+0000] {processor.py:186} INFO - Started process (PID=3461) to work on /home/ubuntu/venv/lib/python3.12/site-packages/airflow/example_dags/example_local_kubernetes_executor.py
[2025-04-04T15:20:39.417+0000] {processor.py:914} INFO - Processing file /home/ubuntu/venv/lib/python3.12/site-packages/airflow/example_dags/example_local_kubernetes_executor.py for tasks to queue
[2025-04-04T15:20:39.419+0000] {logging_mixin.py:190} INFO - [2025-04-04T15:20:39.419+0000] {dagbag.py:588} INFO - Filling up the DagBag from /home/ubuntu/venv/lib/python3.12/site-packages/airflow/example_dags/example_local_kubernetes_executor.py
[2025-04-04T15:20:39.424+0000] {logging_mixin.py:190} INFO - [2025-04-04T15:20:39.424+0000] {example_local_kubernetes_executor.py:40} WARNING - Could not import DAGs in example_local_kubernetes_executor.py
Traceback (most recent call last):
  File "/home/ubuntu/venv/lib/python3.12/site-packages/airflow/example_dags/example_local_kubernetes_executor.py", line 38, in <module>
    from kubernetes.client import models as k8s
ModuleNotFoundError: No module named 'kubernetes'
[2025-04-04T15:20:39.424+0000] {logging_mixin.py:190} INFO - [2025-04-04T15:20:39.424+0000] {example_local_kubernetes_executor.py:41} WARNING - Install Kubernetes dependencies with: pip install apache-airflow[cncf.kubernetes]
[2025-04-04T15:20:39.424+0000] {processor.py:927} WARNING - No viable dags retrieved from /home/ubuntu/venv/lib/python3.12/site-packages/airflow/example_dags/example_local_kubernetes_executor.py
[2025-04-04T15:20:39.434+0000] {processor.py:208} INFO - Processing /home/ubuntu/venv/lib/python3.12/site-packages/airflow/example_dags/example_local_kubernetes_executor.py took 0.024 seconds
[2025-04-04T15:21:34.761+0000] {processor.py:186} INFO - Started process (PID=3522) to work on /home/ubuntu/venv/lib/python3.12/site-packages/airflow/example_dags/example_local_kubernetes_executor.py
[2025-04-04T15:21:34.763+0000] {processor.py:914} INFO - Processing file /home/ubuntu/venv/lib/python3.12/site-packages/airflow/example_dags/example_local_kubernetes_executor.py for tasks to queue
[2025-04-04T15:21:34.765+0000] {logging_mixin.py:190} INFO - [2025-04-04T15:21:34.765+0000] {dagbag.py:588} INFO - Filling up the DagBag from /home/ubuntu/venv/lib/python3.12/site-packages/airflow/example_dags/example_local_kubernetes_executor.py
[2025-04-04T15:21:34.768+0000] {logging_mixin.py:190} INFO - [2025-04-04T15:21:34.768+0000] {example_local_kubernetes_executor.py:40} WARNING - Could not import DAGs in example_local_kubernetes_executor.py
Traceback (most recent call last):
  File "/home/ubuntu/venv/lib/python3.12/site-packages/airflow/example_dags/example_local_kubernetes_executor.py", line 38, in <module>
    from kubernetes.client import models as k8s
ModuleNotFoundError: No module named 'kubernetes'
[2025-04-04T15:21:34.768+0000] {logging_mixin.py:190} INFO - [2025-04-04T15:21:34.768+0000] {example_local_kubernetes_executor.py:41} WARNING - Install Kubernetes dependencies with: pip install apache-airflow[cncf.kubernetes]
[2025-04-04T15:21:34.768+0000] {processor.py:927} WARNING - No viable dags retrieved from /home/ubuntu/venv/lib/python3.12/site-packages/airflow/example_dags/example_local_kubernetes_executor.py
[2025-04-04T15:21:34.779+0000] {processor.py:208} INFO - Processing /home/ubuntu/venv/lib/python3.12/site-packages/airflow/example_dags/example_local_kubernetes_executor.py took 0.023 seconds
[2025-04-04T15:22:26.395+0000] {processor.py:186} INFO - Started process (PID=3910) to work on /home/ubuntu/venv/lib/python3.12/site-packages/airflow/example_dags/example_local_kubernetes_executor.py
[2025-04-04T15:22:26.397+0000] {processor.py:914} INFO - Processing file /home/ubuntu/venv/lib/python3.12/site-packages/airflow/example_dags/example_local_kubernetes_executor.py for tasks to queue
[2025-04-04T15:22:26.398+0000] {logging_mixin.py:190} INFO - [2025-04-04T15:22:26.398+0000] {dagbag.py:588} INFO - Filling up the DagBag from /home/ubuntu/venv/lib/python3.12/site-packages/airflow/example_dags/example_local_kubernetes_executor.py
[2025-04-04T15:22:26.401+0000] {logging_mixin.py:190} INFO - [2025-04-04T15:22:26.401+0000] {example_local_kubernetes_executor.py:40} WARNING - Could not import DAGs in example_local_kubernetes_executor.py
Traceback (most recent call last):
  File "/home/ubuntu/venv/lib/python3.12/site-packages/airflow/example_dags/example_local_kubernetes_executor.py", line 38, in <module>
    from kubernetes.client import models as k8s
ModuleNotFoundError: No module named 'kubernetes'
[2025-04-04T15:22:26.401+0000] {logging_mixin.py:190} INFO - [2025-04-04T15:22:26.401+0000] {example_local_kubernetes_executor.py:41} WARNING - Install Kubernetes dependencies with: pip install apache-airflow[cncf.kubernetes]
[2025-04-04T15:22:26.401+0000] {processor.py:927} WARNING - No viable dags retrieved from /home/ubuntu/venv/lib/python3.12/site-packages/airflow/example_dags/example_local_kubernetes_executor.py
[2025-04-04T15:22:26.412+0000] {processor.py:208} INFO - Processing /home/ubuntu/venv/lib/python3.12/site-packages/airflow/example_dags/example_local_kubernetes_executor.py took 0.022 seconds
