[2025-04-04T15:18:03.253+0000] {processor.py:186} INFO - Started process (PID=3297) to work on /home/ubuntu/venv/lib/python3.12/site-packages/airflow/example_dags/tutorial_taskflow_templates.py
[2025-04-04T15:18:03.254+0000] {processor.py:914} INFO - Processing file /home/ubuntu/venv/lib/python3.12/site-packages/airflow/example_dags/tutorial_taskflow_templates.py for tasks to queue
[2025-04-04T15:18:03.255+0000] {logging_mixin.py:190} INFO - [2025-04-04T15:18:03.255+0000] {dagbag.py:588} INFO - Filling up the DagBag from /home/ubuntu/venv/lib/python3.12/site-packages/airflow/example_dags/tutorial_taskflow_templates.py
[2025-04-04T15:18:03.269+0000] {processor.py:925} INFO - DAG(s) 'tutorial_taskflow_templates' retrieved from /home/ubuntu/venv/lib/python3.12/site-packages/airflow/example_dags/tutorial_taskflow_templates.py
[2025-04-04T15:18:03.376+0000] {logging_mixin.py:190} INFO - [2025-04-04T15:18:03.376+0000] {override.py:1930} INFO - Created Permission View: can edit on DAG:tutorial_taskflow_templates
[2025-04-04T15:18:03.390+0000] {logging_mixin.py:190} INFO - [2025-04-04T15:18:03.390+0000] {override.py:1930} INFO - Created Permission View: can read on DAG:tutorial_taskflow_templates
[2025-04-04T15:18:03.401+0000] {logging_mixin.py:190} INFO - [2025-04-04T15:18:03.401+0000] {override.py:1930} INFO - Created Permission View: can delete on DAG:tutorial_taskflow_templates
[2025-04-04T15:18:03.428+0000] {logging_mixin.py:190} INFO - [2025-04-04T15:18:03.428+0000] {override.py:1930} INFO - Created Permission View: can create on DAG Run:tutorial_taskflow_templates
[2025-04-04T15:18:03.439+0000] {logging_mixin.py:190} INFO - [2025-04-04T15:18:03.439+0000] {override.py:1930} INFO - Created Permission View: can read on DAG Run:tutorial_taskflow_templates
[2025-04-04T15:18:03.450+0000] {logging_mixin.py:190} INFO - [2025-04-04T15:18:03.449+0000] {override.py:1930} INFO - Created Permission View: can delete on DAG Run:tutorial_taskflow_templates
[2025-04-04T15:18:03.468+0000] {logging_mixin.py:190} INFO - [2025-04-04T15:18:03.468+0000] {override.py:1930} INFO - Created Permission View: menu access on DAG Run:tutorial_taskflow_templates
[2025-04-04T15:18:03.468+0000] {logging_mixin.py:190} INFO - [2025-04-04T15:18:03.468+0000] {dag.py:3239} INFO - Sync 1 DAGs
[2025-04-04T15:18:03.478+0000] {logging_mixin.py:190} INFO - [2025-04-04T15:18:03.478+0000] {dag.py:3262} INFO - Creating ORM DAG for tutorial_taskflow_templates
[2025-04-04T15:18:03.487+0000] {logging_mixin.py:190} INFO - [2025-04-04T15:18:03.487+0000] {dag.py:4180} INFO - Setting next_dagrun for tutorial_taskflow_templates to 2025-04-03 00:00:00+00:00, run_after=2025-04-04 00:00:00+00:00
[2025-04-04T15:18:03.541+0000] {processor.py:208} INFO - Processing /home/ubuntu/venv/lib/python3.12/site-packages/airflow/example_dags/tutorial_taskflow_templates.py took 0.293 seconds
[2025-04-04T15:19:09.306+0000] {processor.py:186} INFO - Started process (PID=3361) to work on /home/ubuntu/venv/lib/python3.12/site-packages/airflow/example_dags/tutorial_taskflow_templates.py
[2025-04-04T15:19:09.308+0000] {processor.py:914} INFO - Processing file /home/ubuntu/venv/lib/python3.12/site-packages/airflow/example_dags/tutorial_taskflow_templates.py for tasks to queue
[2025-04-04T15:19:09.310+0000] {logging_mixin.py:190} INFO - [2025-04-04T15:19:09.310+0000] {dagbag.py:588} INFO - Filling up the DagBag from /home/ubuntu/venv/lib/python3.12/site-packages/airflow/example_dags/tutorial_taskflow_templates.py
[2025-04-04T15:19:09.322+0000] {processor.py:925} INFO - DAG(s) 'tutorial_taskflow_templates' retrieved from /home/ubuntu/venv/lib/python3.12/site-packages/airflow/example_dags/tutorial_taskflow_templates.py
[2025-04-04T15:19:09.337+0000] {logging_mixin.py:190} INFO - [2025-04-04T15:19:09.336+0000] {dag.py:3239} INFO - Sync 1 DAGs
[2025-04-04T15:19:09.356+0000] {logging_mixin.py:190} INFO - [2025-04-04T15:19:09.356+0000] {dag.py:4180} INFO - Setting next_dagrun for tutorial_taskflow_templates to 2025-04-03 00:00:00+00:00, run_after=2025-04-04 00:00:00+00:00
[2025-04-04T15:19:09.376+0000] {processor.py:208} INFO - Processing /home/ubuntu/venv/lib/python3.12/site-packages/airflow/example_dags/tutorial_taskflow_templates.py took 0.075 seconds
[2025-04-04T15:20:03.777+0000] {processor.py:186} INFO - Started process (PID=3422) to work on /home/ubuntu/venv/lib/python3.12/site-packages/airflow/example_dags/tutorial_taskflow_templates.py
[2025-04-04T15:20:03.779+0000] {processor.py:914} INFO - Processing file /home/ubuntu/venv/lib/python3.12/site-packages/airflow/example_dags/tutorial_taskflow_templates.py for tasks to queue
[2025-04-04T15:20:03.781+0000] {logging_mixin.py:190} INFO - [2025-04-04T15:20:03.781+0000] {dagbag.py:588} INFO - Filling up the DagBag from /home/ubuntu/venv/lib/python3.12/site-packages/airflow/example_dags/tutorial_taskflow_templates.py
[2025-04-04T15:20:03.795+0000] {processor.py:925} INFO - DAG(s) 'tutorial_taskflow_templates' retrieved from /home/ubuntu/venv/lib/python3.12/site-packages/airflow/example_dags/tutorial_taskflow_templates.py
[2025-04-04T15:20:03.810+0000] {logging_mixin.py:190} INFO - [2025-04-04T15:20:03.810+0000] {dag.py:3239} INFO - Sync 1 DAGs
[2025-04-04T15:20:03.828+0000] {logging_mixin.py:190} INFO - [2025-04-04T15:20:03.828+0000] {dag.py:4180} INFO - Setting next_dagrun for tutorial_taskflow_templates to 2025-04-03 00:00:00+00:00, run_after=2025-04-04 00:00:00+00:00
[2025-04-04T15:20:03.850+0000] {processor.py:208} INFO - Processing /home/ubuntu/venv/lib/python3.12/site-packages/airflow/example_dags/tutorial_taskflow_templates.py took 0.078 seconds
[2025-04-04T15:20:55.320+0000] {processor.py:186} INFO - Started process (PID=3477) to work on /home/ubuntu/venv/lib/python3.12/site-packages/airflow/example_dags/tutorial_taskflow_templates.py
[2025-04-04T15:20:55.321+0000] {processor.py:914} INFO - Processing file /home/ubuntu/venv/lib/python3.12/site-packages/airflow/example_dags/tutorial_taskflow_templates.py for tasks to queue
[2025-04-04T15:20:55.322+0000] {logging_mixin.py:190} INFO - [2025-04-04T15:20:55.322+0000] {dagbag.py:588} INFO - Filling up the DagBag from /home/ubuntu/venv/lib/python3.12/site-packages/airflow/example_dags/tutorial_taskflow_templates.py
[2025-04-04T15:20:55.335+0000] {processor.py:925} INFO - DAG(s) 'tutorial_taskflow_templates' retrieved from /home/ubuntu/venv/lib/python3.12/site-packages/airflow/example_dags/tutorial_taskflow_templates.py
[2025-04-04T15:20:55.351+0000] {logging_mixin.py:190} INFO - [2025-04-04T15:20:55.351+0000] {dag.py:3239} INFO - Sync 1 DAGs
[2025-04-04T15:20:55.370+0000] {logging_mixin.py:190} INFO - [2025-04-04T15:20:55.370+0000] {dag.py:4180} INFO - Setting next_dagrun for tutorial_taskflow_templates to 2025-04-03 00:00:00+00:00, run_after=2025-04-04 00:00:00+00:00
[2025-04-04T15:20:55.392+0000] {processor.py:208} INFO - Processing /home/ubuntu/venv/lib/python3.12/site-packages/airflow/example_dags/tutorial_taskflow_templates.py took 0.077 seconds
[2025-04-04T15:21:49.342+0000] {processor.py:186} INFO - Started process (PID=3598) to work on /home/ubuntu/venv/lib/python3.12/site-packages/airflow/example_dags/tutorial_taskflow_templates.py
[2025-04-04T15:21:49.344+0000] {processor.py:914} INFO - Processing file /home/ubuntu/venv/lib/python3.12/site-packages/airflow/example_dags/tutorial_taskflow_templates.py for tasks to queue
[2025-04-04T15:21:49.346+0000] {logging_mixin.py:190} INFO - [2025-04-04T15:21:49.346+0000] {dagbag.py:588} INFO - Filling up the DagBag from /home/ubuntu/venv/lib/python3.12/site-packages/airflow/example_dags/tutorial_taskflow_templates.py
[2025-04-04T15:21:49.359+0000] {processor.py:925} INFO - DAG(s) 'tutorial_taskflow_templates' retrieved from /home/ubuntu/venv/lib/python3.12/site-packages/airflow/example_dags/tutorial_taskflow_templates.py
[2025-04-04T15:21:49.374+0000] {logging_mixin.py:190} INFO - [2025-04-04T15:21:49.374+0000] {dag.py:3239} INFO - Sync 1 DAGs
[2025-04-04T15:21:49.393+0000] {logging_mixin.py:190} INFO - [2025-04-04T15:21:49.393+0000] {dag.py:4180} INFO - Setting next_dagrun for tutorial_taskflow_templates to 2025-04-03 00:00:00+00:00, run_after=2025-04-04 00:00:00+00:00
[2025-04-04T15:21:49.419+0000] {processor.py:208} INFO - Processing /home/ubuntu/venv/lib/python3.12/site-packages/airflow/example_dags/tutorial_taskflow_templates.py took 0.083 seconds
[2025-04-04T15:22:41.107+0000] {processor.py:186} INFO - Started process (PID=3949) to work on /home/ubuntu/venv/lib/python3.12/site-packages/airflow/example_dags/tutorial_taskflow_templates.py
[2025-04-04T15:22:41.108+0000] {processor.py:914} INFO - Processing file /home/ubuntu/venv/lib/python3.12/site-packages/airflow/example_dags/tutorial_taskflow_templates.py for tasks to queue
[2025-04-04T15:22:41.110+0000] {logging_mixin.py:190} INFO - [2025-04-04T15:22:41.109+0000] {dagbag.py:588} INFO - Filling up the DagBag from /home/ubuntu/venv/lib/python3.12/site-packages/airflow/example_dags/tutorial_taskflow_templates.py
[2025-04-04T15:22:41.123+0000] {processor.py:925} INFO - DAG(s) 'tutorial_taskflow_templates' retrieved from /home/ubuntu/venv/lib/python3.12/site-packages/airflow/example_dags/tutorial_taskflow_templates.py
[2025-04-04T15:22:41.138+0000] {logging_mixin.py:190} INFO - [2025-04-04T15:22:41.138+0000] {dag.py:3239} INFO - Sync 1 DAGs
[2025-04-04T15:22:41.157+0000] {logging_mixin.py:190} INFO - [2025-04-04T15:22:41.157+0000] {dag.py:4180} INFO - Setting next_dagrun for tutorial_taskflow_templates to 2025-04-03 00:00:00+00:00, run_after=2025-04-04 00:00:00+00:00
[2025-04-04T15:22:41.181+0000] {processor.py:208} INFO - Processing /home/ubuntu/venv/lib/python3.12/site-packages/airflow/example_dags/tutorial_taskflow_templates.py took 0.080 seconds
