[2025-04-04T15:18:15.129+0000] {processor.py:186} INFO - Started process (PID=3311) to work on /home/ubuntu/venv/lib/python3.12/site-packages/airflow/example_dags/tutorial.py
[2025-04-04T15:18:15.130+0000] {processor.py:914} INFO - Processing file /home/ubuntu/venv/lib/python3.12/site-packages/airflow/example_dags/tutorial.py for tasks to queue
[2025-04-04T15:18:15.131+0000] {logging_mixin.py:190} INFO - [2025-04-04T15:18:15.131+0000] {dagbag.py:588} INFO - Filling up the DagBag from /home/ubuntu/venv/lib/python3.12/site-packages/airflow/example_dags/tutorial.py
[2025-04-04T15:18:15.139+0000] {processor.py:925} INFO - DAG(s) 'tutorial' retrieved from /home/ubuntu/venv/lib/python3.12/site-packages/airflow/example_dags/tutorial.py
[2025-04-04T15:18:15.240+0000] {logging_mixin.py:190} INFO - [2025-04-04T15:18:15.240+0000] {override.py:1930} INFO - Created Permission View: can edit on DAG:tutorial
[2025-04-04T15:18:15.255+0000] {logging_mixin.py:190} INFO - [2025-04-04T15:18:15.255+0000] {override.py:1930} INFO - Created Permission View: can read on DAG:tutorial
[2025-04-04T15:18:15.266+0000] {logging_mixin.py:190} INFO - [2025-04-04T15:18:15.266+0000] {override.py:1930} INFO - Created Permission View: can delete on DAG:tutorial
[2025-04-04T15:18:15.283+0000] {logging_mixin.py:190} INFO - [2025-04-04T15:18:15.283+0000] {override.py:1930} INFO - Created Permission View: can create on DAG Run:tutorial
[2025-04-04T15:18:15.292+0000] {logging_mixin.py:190} INFO - [2025-04-04T15:18:15.292+0000] {override.py:1930} INFO - Created Permission View: can read on DAG Run:tutorial
[2025-04-04T15:18:15.303+0000] {logging_mixin.py:190} INFO - [2025-04-04T15:18:15.303+0000] {override.py:1930} INFO - Created Permission View: can delete on DAG Run:tutorial
[2025-04-04T15:18:15.313+0000] {logging_mixin.py:190} INFO - [2025-04-04T15:18:15.313+0000] {override.py:1930} INFO - Created Permission View: menu access on DAG Run:tutorial
[2025-04-04T15:18:15.313+0000] {logging_mixin.py:190} INFO - [2025-04-04T15:18:15.313+0000] {dag.py:3239} INFO - Sync 1 DAGs
[2025-04-04T15:18:15.323+0000] {logging_mixin.py:190} INFO - [2025-04-04T15:18:15.323+0000] {dag.py:3262} INFO - Creating ORM DAG for tutorial
[2025-04-04T15:18:15.331+0000] {logging_mixin.py:190} INFO - [2025-04-04T15:18:15.331+0000] {dag.py:4180} INFO - Setting next_dagrun for tutorial to 2025-04-03 00:00:00+00:00, run_after=2025-04-04 00:00:00+00:00
[2025-04-04T15:18:15.352+0000] {processor.py:208} INFO - Processing /home/ubuntu/venv/lib/python3.12/site-packages/airflow/example_dags/tutorial.py took 0.228 seconds
[2025-04-04T15:19:19.404+0000] {processor.py:186} INFO - Started process (PID=3371) to work on /home/ubuntu/venv/lib/python3.12/site-packages/airflow/example_dags/tutorial.py
[2025-04-04T15:19:19.405+0000] {processor.py:914} INFO - Processing file /home/ubuntu/venv/lib/python3.12/site-packages/airflow/example_dags/tutorial.py for tasks to queue
[2025-04-04T15:19:19.407+0000] {logging_mixin.py:190} INFO - [2025-04-04T15:19:19.406+0000] {dagbag.py:588} INFO - Filling up the DagBag from /home/ubuntu/venv/lib/python3.12/site-packages/airflow/example_dags/tutorial.py
[2025-04-04T15:19:19.415+0000] {processor.py:925} INFO - DAG(s) 'tutorial' retrieved from /home/ubuntu/venv/lib/python3.12/site-packages/airflow/example_dags/tutorial.py
[2025-04-04T15:19:19.430+0000] {logging_mixin.py:190} INFO - [2025-04-04T15:19:19.430+0000] {dag.py:3239} INFO - Sync 1 DAGs
[2025-04-04T15:19:19.448+0000] {logging_mixin.py:190} INFO - [2025-04-04T15:19:19.447+0000] {dag.py:4180} INFO - Setting next_dagrun for tutorial to 2025-04-03 00:00:00+00:00, run_after=2025-04-04 00:00:00+00:00
[2025-04-04T15:19:19.468+0000] {processor.py:208} INFO - Processing /home/ubuntu/venv/lib/python3.12/site-packages/airflow/example_dags/tutorial.py took 0.070 seconds
[2025-04-04T15:20:13.678+0000] {processor.py:186} INFO - Started process (PID=3432) to work on /home/ubuntu/venv/lib/python3.12/site-packages/airflow/example_dags/tutorial.py
[2025-04-04T15:20:13.680+0000] {processor.py:914} INFO - Processing file /home/ubuntu/venv/lib/python3.12/site-packages/airflow/example_dags/tutorial.py for tasks to queue
[2025-04-04T15:20:13.682+0000] {logging_mixin.py:190} INFO - [2025-04-04T15:20:13.681+0000] {dagbag.py:588} INFO - Filling up the DagBag from /home/ubuntu/venv/lib/python3.12/site-packages/airflow/example_dags/tutorial.py
[2025-04-04T15:20:13.689+0000] {processor.py:925} INFO - DAG(s) 'tutorial' retrieved from /home/ubuntu/venv/lib/python3.12/site-packages/airflow/example_dags/tutorial.py
[2025-04-04T15:20:13.704+0000] {logging_mixin.py:190} INFO - [2025-04-04T15:20:13.704+0000] {dag.py:3239} INFO - Sync 1 DAGs
[2025-04-04T15:20:13.721+0000] {logging_mixin.py:190} INFO - [2025-04-04T15:20:13.721+0000] {dag.py:4180} INFO - Setting next_dagrun for tutorial to 2025-04-03 00:00:00+00:00, run_after=2025-04-04 00:00:00+00:00
[2025-04-04T15:20:13.744+0000] {processor.py:208} INFO - Processing /home/ubuntu/venv/lib/python3.12/site-packages/airflow/example_dags/tutorial.py took 0.070 seconds
[2025-04-04T15:21:04.243+0000] {processor.py:186} INFO - Started process (PID=3487) to work on /home/ubuntu/venv/lib/python3.12/site-packages/airflow/example_dags/tutorial.py
[2025-04-04T15:21:04.245+0000] {processor.py:914} INFO - Processing file /home/ubuntu/venv/lib/python3.12/site-packages/airflow/example_dags/tutorial.py for tasks to queue
[2025-04-04T15:21:04.247+0000] {logging_mixin.py:190} INFO - [2025-04-04T15:21:04.246+0000] {dagbag.py:588} INFO - Filling up the DagBag from /home/ubuntu/venv/lib/python3.12/site-packages/airflow/example_dags/tutorial.py
[2025-04-04T15:21:04.254+0000] {processor.py:925} INFO - DAG(s) 'tutorial' retrieved from /home/ubuntu/venv/lib/python3.12/site-packages/airflow/example_dags/tutorial.py
[2025-04-04T15:21:04.269+0000] {logging_mixin.py:190} INFO - [2025-04-04T15:21:04.268+0000] {dag.py:3239} INFO - Sync 1 DAGs
[2025-04-04T15:21:04.286+0000] {logging_mixin.py:190} INFO - [2025-04-04T15:21:04.286+0000] {dag.py:4180} INFO - Setting next_dagrun for tutorial to 2025-04-03 00:00:00+00:00, run_after=2025-04-04 00:00:00+00:00
[2025-04-04T15:21:04.308+0000] {processor.py:208} INFO - Processing /home/ubuntu/venv/lib/python3.12/site-packages/airflow/example_dags/tutorial.py took 0.070 seconds
[2025-04-04T15:21:58.262+0000] {processor.py:186} INFO - Started process (PID=3770) to work on /home/ubuntu/venv/lib/python3.12/site-packages/airflow/example_dags/tutorial.py
[2025-04-04T15:21:58.264+0000] {processor.py:914} INFO - Processing file /home/ubuntu/venv/lib/python3.12/site-packages/airflow/example_dags/tutorial.py for tasks to queue
[2025-04-04T15:21:58.265+0000] {logging_mixin.py:190} INFO - [2025-04-04T15:21:58.265+0000] {dagbag.py:588} INFO - Filling up the DagBag from /home/ubuntu/venv/lib/python3.12/site-packages/airflow/example_dags/tutorial.py
[2025-04-04T15:21:58.273+0000] {processor.py:925} INFO - DAG(s) 'tutorial' retrieved from /home/ubuntu/venv/lib/python3.12/site-packages/airflow/example_dags/tutorial.py
[2025-04-04T15:21:58.294+0000] {logging_mixin.py:190} INFO - [2025-04-04T15:21:58.294+0000] {dag.py:3239} INFO - Sync 1 DAGs
[2025-04-04T15:21:58.312+0000] {logging_mixin.py:190} INFO - [2025-04-04T15:21:58.312+0000] {dag.py:4180} INFO - Setting next_dagrun for tutorial to 2025-04-03 00:00:00+00:00, run_after=2025-04-04 00:00:00+00:00
[2025-04-04T15:21:58.332+0000] {processor.py:208} INFO - Processing /home/ubuntu/venv/lib/python3.12/site-packages/airflow/example_dags/tutorial.py took 0.075 seconds
[2025-04-04T15:22:50.188+0000] {processor.py:186} INFO - Started process (PID=3959) to work on /home/ubuntu/venv/lib/python3.12/site-packages/airflow/example_dags/tutorial.py
[2025-04-04T15:22:50.191+0000] {processor.py:914} INFO - Processing file /home/ubuntu/venv/lib/python3.12/site-packages/airflow/example_dags/tutorial.py for tasks to queue
[2025-04-04T15:22:50.192+0000] {logging_mixin.py:190} INFO - [2025-04-04T15:22:50.192+0000] {dagbag.py:588} INFO - Filling up the DagBag from /home/ubuntu/venv/lib/python3.12/site-packages/airflow/example_dags/tutorial.py
[2025-04-04T15:22:50.200+0000] {processor.py:925} INFO - DAG(s) 'tutorial' retrieved from /home/ubuntu/venv/lib/python3.12/site-packages/airflow/example_dags/tutorial.py
[2025-04-04T15:22:50.214+0000] {logging_mixin.py:190} INFO - [2025-04-04T15:22:50.214+0000] {dag.py:3239} INFO - Sync 1 DAGs
[2025-04-04T15:22:50.233+0000] {logging_mixin.py:190} INFO - [2025-04-04T15:22:50.233+0000] {dag.py:4180} INFO - Setting next_dagrun for tutorial to 2025-04-03 00:00:00+00:00, run_after=2025-04-04 00:00:00+00:00
[2025-04-04T15:22:50.255+0000] {processor.py:208} INFO - Processing /home/ubuntu/venv/lib/python3.12/site-packages/airflow/example_dags/tutorial.py took 0.071 seconds
