[2025-04-04T15:18:19.141+0000] {processor.py:186} INFO - Started process (PID=3315) to work on /home/ubuntu/venv/lib/python3.12/site-packages/airflow/example_dags/tutorial_taskflow_api.py
[2025-04-04T15:18:19.141+0000] {processor.py:914} INFO - Processing file /home/ubuntu/venv/lib/python3.12/site-packages/airflow/example_dags/tutorial_taskflow_api.py for tasks to queue
[2025-04-04T15:18:19.143+0000] {logging_mixin.py:190} INFO - [2025-04-04T15:18:19.143+0000] {dagbag.py:588} INFO - Filling up the DagBag from /home/ubuntu/venv/lib/python3.12/site-packages/airflow/example_dags/tutorial_taskflow_api.py
[2025-04-04T15:18:19.151+0000] {processor.py:925} INFO - DAG(s) 'tutorial_taskflow_api' retrieved from /home/ubuntu/venv/lib/python3.12/site-packages/airflow/example_dags/tutorial_taskflow_api.py
[2025-04-04T15:18:19.254+0000] {logging_mixin.py:190} INFO - [2025-04-04T15:18:19.253+0000] {override.py:1930} INFO - Created Permission View: can edit on DAG:tutorial_taskflow_api
[2025-04-04T15:18:19.268+0000] {logging_mixin.py:190} INFO - [2025-04-04T15:18:19.268+0000] {override.py:1930} INFO - Created Permission View: can read on DAG:tutorial_taskflow_api
[2025-04-04T15:18:19.277+0000] {logging_mixin.py:190} INFO - [2025-04-04T15:18:19.277+0000] {override.py:1930} INFO - Created Permission View: can delete on DAG:tutorial_taskflow_api
[2025-04-04T15:18:19.294+0000] {logging_mixin.py:190} INFO - [2025-04-04T15:18:19.294+0000] {override.py:1930} INFO - Created Permission View: can create on DAG Run:tutorial_taskflow_api
[2025-04-04T15:18:19.305+0000] {logging_mixin.py:190} INFO - [2025-04-04T15:18:19.305+0000] {override.py:1930} INFO - Created Permission View: can read on DAG Run:tutorial_taskflow_api
[2025-04-04T15:18:19.317+0000] {logging_mixin.py:190} INFO - [2025-04-04T15:18:19.316+0000] {override.py:1930} INFO - Created Permission View: can delete on DAG Run:tutorial_taskflow_api
[2025-04-04T15:18:19.328+0000] {logging_mixin.py:190} INFO - [2025-04-04T15:18:19.328+0000] {override.py:1930} INFO - Created Permission View: menu access on DAG Run:tutorial_taskflow_api
[2025-04-04T15:18:19.328+0000] {logging_mixin.py:190} INFO - [2025-04-04T15:18:19.328+0000] {dag.py:3239} INFO - Sync 1 DAGs
[2025-04-04T15:18:19.338+0000] {logging_mixin.py:190} INFO - [2025-04-04T15:18:19.338+0000] {dag.py:3262} INFO - Creating ORM DAG for tutorial_taskflow_api
[2025-04-04T15:18:19.339+0000] {logging_mixin.py:190} INFO - [2025-04-04T15:18:19.339+0000] {dag.py:4180} INFO - Setting next_dagrun for tutorial_taskflow_api to None, run_after=None
[2025-04-04T15:18:19.362+0000] {processor.py:208} INFO - Processing /home/ubuntu/venv/lib/python3.12/site-packages/airflow/example_dags/tutorial_taskflow_api.py took 0.227 seconds
[2025-04-04T15:19:23.418+0000] {processor.py:186} INFO - Started process (PID=3375) to work on /home/ubuntu/venv/lib/python3.12/site-packages/airflow/example_dags/tutorial_taskflow_api.py
[2025-04-04T15:19:23.419+0000] {processor.py:914} INFO - Processing file /home/ubuntu/venv/lib/python3.12/site-packages/airflow/example_dags/tutorial_taskflow_api.py for tasks to queue
[2025-04-04T15:19:23.421+0000] {logging_mixin.py:190} INFO - [2025-04-04T15:19:23.421+0000] {dagbag.py:588} INFO - Filling up the DagBag from /home/ubuntu/venv/lib/python3.12/site-packages/airflow/example_dags/tutorial_taskflow_api.py
[2025-04-04T15:19:23.428+0000] {processor.py:925} INFO - DAG(s) 'tutorial_taskflow_api' retrieved from /home/ubuntu/venv/lib/python3.12/site-packages/airflow/example_dags/tutorial_taskflow_api.py
[2025-04-04T15:19:23.450+0000] {logging_mixin.py:190} INFO - [2025-04-04T15:19:23.449+0000] {dag.py:3239} INFO - Sync 1 DAGs
[2025-04-04T15:19:23.460+0000] {logging_mixin.py:190} INFO - [2025-04-04T15:19:23.460+0000] {dag.py:4180} INFO - Setting next_dagrun for tutorial_taskflow_api to None, run_after=None
[2025-04-04T15:19:23.482+0000] {processor.py:208} INFO - Processing /home/ubuntu/venv/lib/python3.12/site-packages/airflow/example_dags/tutorial_taskflow_api.py took 0.071 seconds
[2025-04-04T15:20:17.679+0000] {processor.py:186} INFO - Started process (PID=3440) to work on /home/ubuntu/venv/lib/python3.12/site-packages/airflow/example_dags/tutorial_taskflow_api.py
[2025-04-04T15:20:17.681+0000] {processor.py:914} INFO - Processing file /home/ubuntu/venv/lib/python3.12/site-packages/airflow/example_dags/tutorial_taskflow_api.py for tasks to queue
[2025-04-04T15:20:17.683+0000] {logging_mixin.py:190} INFO - [2025-04-04T15:20:17.683+0000] {dagbag.py:588} INFO - Filling up the DagBag from /home/ubuntu/venv/lib/python3.12/site-packages/airflow/example_dags/tutorial_taskflow_api.py
[2025-04-04T15:20:17.691+0000] {processor.py:925} INFO - DAG(s) 'tutorial_taskflow_api' retrieved from /home/ubuntu/venv/lib/python3.12/site-packages/airflow/example_dags/tutorial_taskflow_api.py
[2025-04-04T15:20:17.706+0000] {logging_mixin.py:190} INFO - [2025-04-04T15:20:17.705+0000] {dag.py:3239} INFO - Sync 1 DAGs
[2025-04-04T15:20:17.716+0000] {logging_mixin.py:190} INFO - [2025-04-04T15:20:17.716+0000] {dag.py:4180} INFO - Setting next_dagrun for tutorial_taskflow_api to None, run_after=None
[2025-04-04T15:20:17.739+0000] {processor.py:208} INFO - Processing /home/ubuntu/venv/lib/python3.12/site-packages/airflow/example_dags/tutorial_taskflow_api.py took 0.066 seconds
[2025-04-04T15:21:08.792+0000] {processor.py:186} INFO - Started process (PID=3495) to work on /home/ubuntu/venv/lib/python3.12/site-packages/airflow/example_dags/tutorial_taskflow_api.py
[2025-04-04T15:21:08.794+0000] {processor.py:914} INFO - Processing file /home/ubuntu/venv/lib/python3.12/site-packages/airflow/example_dags/tutorial_taskflow_api.py for tasks to queue
[2025-04-04T15:21:08.797+0000] {logging_mixin.py:190} INFO - [2025-04-04T15:21:08.796+0000] {dagbag.py:588} INFO - Filling up the DagBag from /home/ubuntu/venv/lib/python3.12/site-packages/airflow/example_dags/tutorial_taskflow_api.py
[2025-04-04T15:21:08.804+0000] {processor.py:925} INFO - DAG(s) 'tutorial_taskflow_api' retrieved from /home/ubuntu/venv/lib/python3.12/site-packages/airflow/example_dags/tutorial_taskflow_api.py
[2025-04-04T15:21:08.818+0000] {logging_mixin.py:190} INFO - [2025-04-04T15:21:08.818+0000] {dag.py:3239} INFO - Sync 1 DAGs
[2025-04-04T15:21:08.829+0000] {logging_mixin.py:190} INFO - [2025-04-04T15:21:08.829+0000] {dag.py:4180} INFO - Setting next_dagrun for tutorial_taskflow_api to None, run_after=None
[2025-04-04T15:21:08.853+0000] {processor.py:208} INFO - Processing /home/ubuntu/venv/lib/python3.12/site-packages/airflow/example_dags/tutorial_taskflow_api.py took 0.067 seconds
[2025-04-04T15:22:02.159+0000] {processor.py:186} INFO - Started process (PID=3813) to work on /home/ubuntu/venv/lib/python3.12/site-packages/airflow/example_dags/tutorial_taskflow_api.py
[2025-04-04T15:22:02.161+0000] {processor.py:914} INFO - Processing file /home/ubuntu/venv/lib/python3.12/site-packages/airflow/example_dags/tutorial_taskflow_api.py for tasks to queue
[2025-04-04T15:22:02.164+0000] {logging_mixin.py:190} INFO - [2025-04-04T15:22:02.163+0000] {dagbag.py:588} INFO - Filling up the DagBag from /home/ubuntu/venv/lib/python3.12/site-packages/airflow/example_dags/tutorial_taskflow_api.py
[2025-04-04T15:22:02.172+0000] {processor.py:925} INFO - DAG(s) 'tutorial_taskflow_api' retrieved from /home/ubuntu/venv/lib/python3.12/site-packages/airflow/example_dags/tutorial_taskflow_api.py
[2025-04-04T15:22:02.186+0000] {logging_mixin.py:190} INFO - [2025-04-04T15:22:02.186+0000] {dag.py:3239} INFO - Sync 1 DAGs
[2025-04-04T15:22:02.198+0000] {logging_mixin.py:190} INFO - [2025-04-04T15:22:02.197+0000] {dag.py:4180} INFO - Setting next_dagrun for tutorial_taskflow_api to None, run_after=None
[2025-04-04T15:22:02.219+0000] {processor.py:208} INFO - Processing /home/ubuntu/venv/lib/python3.12/site-packages/airflow/example_dags/tutorial_taskflow_api.py took 0.066 seconds
