[2025-04-05T12:04:46.900+0000] {local_task_job_runner.py:123} INFO - ::group::Pre task execution logs
[2025-04-05T12:04:46.912+0000] {taskinstance.py:2614} INFO - Dependencies all met for dep_context=non-requeueable deps ti=<TaskInstance: zillow_analytics.task_is_file_in_s3_available manual__2025-04-05T12:03:18.990289+00:00 [queued]>
[2025-04-05T12:04:46.918+0000] {taskinstance.py:2614} INFO - Dependencies all met for dep_context=requeueable deps ti=<TaskInstance: zillow_analytics.task_is_file_in_s3_available manual__2025-04-05T12:03:18.990289+00:00 [queued]>
[2025-04-05T12:04:46.918+0000] {taskinstance.py:2867} INFO - Starting attempt 1 of 1
[2025-04-05T12:04:46.932+0000] {taskinstance.py:2890} INFO - Executing <Task(S3KeySensor): task_is_file_in_s3_available> on 2025-04-05 12:03:18.990289+00:00
[2025-04-05T12:04:46.936+0000] {standard_task_runner.py:72} INFO - Started process 10561 to run task
[2025-04-05T12:04:46.939+0000] {standard_task_runner.py:104} INFO - Running: ['airflow', 'tasks', 'run', 'zillow_analytics', 'task_is_file_in_s3_available', 'manual__2025-04-05T12:03:18.990289+00:00', '--job-id', '28', '--raw', '--subdir', 'DAGS_FOLDER/zillowanalytics.py', '--cfg-path', '/tmp/tmp_d4yl0d4']
[2025-04-05T12:04:46.940+0000] {standard_task_runner.py:105} INFO - Job 28: Subtask task_is_file_in_s3_available
[2025-04-05T12:04:46.973+0000] {task_command.py:467} INFO - Running <TaskInstance: zillow_analytics.task_is_file_in_s3_available manual__2025-04-05T12:03:18.990289+00:00 [running]> on host ip-172-31-1-5.ap-southeast-2.compute.internal
[2025-04-05T12:04:47.039+0000] {taskinstance.py:3134} INFO - Exporting env vars: AIRFLOW_CTX_DAG_OWNER='airflow' AIRFLOW_CTX_DAG_ID='zillow_analytics' AIRFLOW_CTX_TASK_ID='task_is_file_in_s3_available' AIRFLOW_CTX_EXECUTION_DATE='2025-04-05T12:03:18.990289+00:00' AIRFLOW_CTX_TRY_NUMBER='1' AIRFLOW_CTX_DAG_RUN_ID='manual__2025-04-05T12:03:18.990289+00:00'
[2025-04-05T12:04:47.039+0000] {taskinstance.py:732} INFO - ::endgroup::
[2025-04-05T12:04:47.049+0000] {baseoperator.py:423} WARNING - S3KeySensor.execute cannot be called outside TaskInstance!
[2025-04-05T12:04:47.050+0000] {s3.py:117} INFO - Poking for key : s3://cleaned-data-zone-csv-bucket-gista/response_data_2025-04-05T120437.csv
[2025-04-05T12:04:47.054+0000] {base_aws.py:608} WARNING - Unable to find AWS Connection ID 'aws_s3_conn', switching to empty.
[2025-04-05T12:04:47.054+0000] {base_aws.py:182} INFO - No connection ID provided. Fallback on boto3 credential strategy (region_name=None). See: https://boto3.amazonaws.com/v1/documentation/api/latest/guide/configuration.html
[2025-04-05T12:04:47.177+0000] {credentials.py:1132} INFO - Found credentials from IAM Role: ec2serveraccesstos3
[2025-04-05T12:04:52.965+0000] {s3.py:117} INFO - Poking for key : s3://cleaned-data-zone-csv-bucket-gista/response_data_2025-04-05T120437.csv
[2025-04-05T12:04:57.976+0000] {s3.py:117} INFO - Poking for key : s3://cleaned-data-zone-csv-bucket-gista/response_data_2025-04-05T120437.csv
[2025-04-05T12:05:02.987+0000] {s3.py:117} INFO - Poking for key : s3://cleaned-data-zone-csv-bucket-gista/response_data_2025-04-05T120437.csv
[2025-04-05T12:05:07.998+0000] {s3.py:117} INFO - Poking for key : s3://cleaned-data-zone-csv-bucket-gista/response_data_2025-04-05T120437.csv
[2025-04-05T12:05:13.010+0000] {s3.py:117} INFO - Poking for key : s3://cleaned-data-zone-csv-bucket-gista/response_data_2025-04-05T120437.csv
[2025-04-05T12:05:18.022+0000] {s3.py:117} INFO - Poking for key : s3://cleaned-data-zone-csv-bucket-gista/response_data_2025-04-05T120437.csv
[2025-04-05T12:05:23.034+0000] {s3.py:117} INFO - Poking for key : s3://cleaned-data-zone-csv-bucket-gista/response_data_2025-04-05T120437.csv
[2025-04-05T12:05:26.369+0000] {local_task_job_runner.py:245} INFO - ::endgroup::
[2025-04-05T12:05:26.374+0000] {process_utils.py:132} INFO - Sending 15 to group 10561. PIDs of all processes in the group: [10561]
[2025-04-05T12:05:26.375+0000] {process_utils.py:87} INFO - Sending the signal 15 to group 10561
[2025-04-05T12:05:26.375+0000] {taskinstance.py:3094} ERROR - Received SIGTERM. Terminating subprocesses.
[2025-04-05T12:05:26.376+0000] {taskinstance.py:3095} ERROR - Stacktrace: 
  File "/home/ubuntu/venv/bin/airflow", line 8, in <module>
    sys.exit(main())
  File "/home/ubuntu/venv/lib/python3.12/site-packages/airflow/__main__.py", line 62, in main
    args.func(args)
  File "/home/ubuntu/venv/lib/python3.12/site-packages/airflow/cli/cli_config.py", line 49, in command
    return func(*args, **kwargs)
  File "/home/ubuntu/venv/lib/python3.12/site-packages/airflow/utils/cli.py", line 116, in wrapper
    return f(*args, **kwargs)
  File "/home/ubuntu/venv/lib/python3.12/site-packages/airflow/cli/commands/task_command.py", line 483, in task_run
    task_return_code = _run_task_by_selected_method(args, _dag, ti)
  File "/home/ubuntu/venv/lib/python3.12/site-packages/airflow/cli/commands/task_command.py", line 254, in _run_task_by_selected_method
    return _run_task_by_local_task_job(args, ti)
  File "/home/ubuntu/venv/lib/python3.12/site-packages/airflow/cli/commands/task_command.py", line 322, in _run_task_by_local_task_job
    ret = run_job(job=job_runner.job, execute_callable=job_runner._execute)
  File "/home/ubuntu/venv/lib/python3.12/site-packages/airflow/utils/session.py", line 97, in wrapper
    return func(*args, session=session, **kwargs)
  File "/home/ubuntu/venv/lib/python3.12/site-packages/airflow/jobs/job.py", line 421, in run_job
    return execute_job(job, execute_callable=execute_callable)
  File "/home/ubuntu/venv/lib/python3.12/site-packages/airflow/jobs/job.py", line 450, in execute_job
    ret = execute_callable()
  File "/home/ubuntu/venv/lib/python3.12/site-packages/airflow/jobs/local_task_job_runner.py", line 171, in _execute
    self.task_runner.start()
  File "/home/ubuntu/venv/lib/python3.12/site-packages/airflow/task/task_runner/standard_task_runner.py", line 55, in start
    self.process = self._start_by_fork()
  File "/home/ubuntu/venv/lib/python3.12/site-packages/airflow/task/task_runner/standard_task_runner.py", line 117, in _start_by_fork
    ret = args.func(args, dag=self.dag)
  File "/home/ubuntu/venv/lib/python3.12/site-packages/airflow/cli/cli_config.py", line 49, in command
    return func(*args, **kwargs)
  File "/home/ubuntu/venv/lib/python3.12/site-packages/airflow/utils/cli.py", line 116, in wrapper
    return f(*args, **kwargs)
  File "/home/ubuntu/venv/lib/python3.12/site-packages/airflow/cli/commands/task_command.py", line 483, in task_run
    task_return_code = _run_task_by_selected_method(args, _dag, ti)
  File "/home/ubuntu/venv/lib/python3.12/site-packages/airflow/cli/commands/task_command.py", line 256, in _run_task_by_selected_method
    return _run_raw_task(args, ti)
  File "/home/ubuntu/venv/lib/python3.12/site-packages/airflow/cli/commands/task_command.py", line 341, in _run_raw_task
    return ti._run_raw_task(
  File "/home/ubuntu/venv/lib/python3.12/site-packages/airflow/utils/session.py", line 97, in wrapper
    return func(*args, session=session, **kwargs)
  File "/home/ubuntu/venv/lib/python3.12/site-packages/airflow/models/taskinstance.py", line 3006, in _run_raw_task
    return _run_raw_task(
  File "/home/ubuntu/venv/lib/python3.12/site-packages/airflow/models/taskinstance.py", line 274, in _run_raw_task
    TaskInstance._execute_task_with_callbacks(
  File "/home/ubuntu/venv/lib/python3.12/site-packages/airflow/models/taskinstance.py", line 3161, in _execute_task_with_callbacks
    result = self._execute_task(context, task_orig)
  File "/home/ubuntu/venv/lib/python3.12/site-packages/airflow/models/taskinstance.py", line 3185, in _execute_task
    return _execute_task(self, context, task_orig)
  File "/home/ubuntu/venv/lib/python3.12/site-packages/airflow/models/taskinstance.py", line 768, in _execute_task
    result = _execute_callable(context=context, **execute_callable_kwargs)
  File "/home/ubuntu/venv/lib/python3.12/site-packages/airflow/models/taskinstance.py", line 734, in _execute_callable
    return ExecutionCallableRunner(
  File "/home/ubuntu/venv/lib/python3.12/site-packages/airflow/utils/operator_helpers.py", line 252, in run
    return self.func(*args, **kwargs)
  File "/home/ubuntu/venv/lib/python3.12/site-packages/airflow/models/baseoperator.py", line 424, in wrapper
    return func(self, *args, **kwargs)
  File "/home/ubuntu/venv/lib/python3.12/site-packages/airflow/providers/amazon/aws/sensors/s3.py", line 188, in execute
    super().execute(context)
  File "/home/ubuntu/venv/lib/python3.12/site-packages/airflow/models/baseoperator.py", line 424, in wrapper
    return func(self, *args, **kwargs)
  File "/home/ubuntu/venv/lib/python3.12/site-packages/airflow/sensors/base.py", line 337, in execute
    time.sleep(self._get_next_poke_interval(started_at, run_duration, poke_count))
  File "/home/ubuntu/venv/lib/python3.12/site-packages/airflow/models/taskinstance.py", line 3095, in signal_handler
    self.log.error("Stacktrace: \n%s", "".join(traceback.format_stack()))

[2025-04-05T12:05:26.389+0000] {taskinstance.py:3313} ERROR - Task failed with exception
Traceback (most recent call last):
  File "/home/ubuntu/venv/lib/python3.12/site-packages/airflow/models/taskinstance.py", line 768, in _execute_task
    result = _execute_callable(context=context, **execute_callable_kwargs)
             ^^^^^^^^^^^^^^^^^^^^^^^^^^^^^^^^^^^^^^^^^^^^^^^^^^^^^^^^^^^^^
  File "/home/ubuntu/venv/lib/python3.12/site-packages/airflow/models/taskinstance.py", line 734, in _execute_callable
    return ExecutionCallableRunner(
           ^^^^^^^^^^^^^^^^^^^^^^^^
  File "/home/ubuntu/venv/lib/python3.12/site-packages/airflow/utils/operator_helpers.py", line 252, in run
    return self.func(*args, **kwargs)
           ^^^^^^^^^^^^^^^^^^^^^^^^^^
  File "/home/ubuntu/venv/lib/python3.12/site-packages/airflow/models/baseoperator.py", line 424, in wrapper
    return func(self, *args, **kwargs)
           ^^^^^^^^^^^^^^^^^^^^^^^^^^^
  File "/home/ubuntu/venv/lib/python3.12/site-packages/airflow/providers/amazon/aws/sensors/s3.py", line 188, in execute
    super().execute(context)
  File "/home/ubuntu/venv/lib/python3.12/site-packages/airflow/models/baseoperator.py", line 424, in wrapper
    return func(self, *args, **kwargs)
           ^^^^^^^^^^^^^^^^^^^^^^^^^^^
  File "/home/ubuntu/venv/lib/python3.12/site-packages/airflow/sensors/base.py", line 337, in execute
    time.sleep(self._get_next_poke_interval(started_at, run_duration, poke_count))
  File "/home/ubuntu/venv/lib/python3.12/site-packages/airflow/models/taskinstance.py", line 3097, in signal_handler
    raise AirflowTaskTerminated("Task received SIGTERM signal")
airflow.exceptions.AirflowTaskTerminated: Task received SIGTERM signal
[2025-04-05T12:05:26.391+0000] {taskinstance.py:1226} INFO - Marking task as FAILED. dag_id=zillow_analytics, task_id=task_is_file_in_s3_available, run_id=manual__2025-04-05T12:03:18.990289+00:00, execution_date=20250405T120318, start_date=20250405T120446, end_date=20250405T120526
[2025-04-05T12:05:26.412+0000] {taskinstance.py:341} INFO - ::group::Post task execution logs
[2025-04-05T12:05:26.427+0000] {process_utils.py:80} INFO - Process psutil.Process(pid=10561, status='terminated', exitcode=2, started='12:04:46') (10561) terminated with exit code 2
[2025-04-05T12:05:30.071+0000] {local_task_job_runner.py:123} INFO - ::group::Pre task execution logs
[2025-04-05T12:05:30.085+0000] {taskinstance.py:2604} INFO - Dependencies not met for <TaskInstance: zillow_analytics.task_is_file_in_s3_available manual__2025-04-05T12:03:18.990289+00:00 [failed]>, dependency 'Task Instance State' FAILED: Task is in the 'failed' state.
[2025-04-05T12:05:30.086+0000] {local_task_job_runner.py:166} INFO - Task is not able to be run
