[2025-04-05T13:36:25.585+0000] {local_task_job_runner.py:123} INFO - ::group::Pre task execution logs
[2025-04-05T13:36:25.597+0000] {taskinstance.py:2614} INFO - Dependencies all met for dep_context=non-requeueable deps ti=<TaskInstance: zillow_analytics.task_transfer_s3_to_redshift manual__2025-04-05T13:36:03.211444+00:00 [queued]>
[2025-04-05T13:36:25.603+0000] {taskinstance.py:2614} INFO - Dependencies all met for dep_context=requeueable deps ti=<TaskInstance: zillow_analytics.task_transfer_s3_to_redshift manual__2025-04-05T13:36:03.211444+00:00 [queued]>
[2025-04-05T13:36:25.604+0000] {taskinstance.py:2867} INFO - Starting attempt 1 of 1
[2025-04-05T13:36:25.620+0000] {taskinstance.py:2890} INFO - Executing <Task(S3ToRedshiftOperator): task_transfer_s3_to_redshift> on 2025-04-05 13:36:03.211444+00:00
[2025-04-05T13:36:25.623+0000] {standard_task_runner.py:72} INFO - Started process 11233 to run task
[2025-04-05T13:36:25.626+0000] {standard_task_runner.py:104} INFO - Running: ['airflow', 'tasks', 'run', 'zillow_analytics', 'task_transfer_s3_to_redshift', 'manual__2025-04-05T13:36:03.211444+00:00', '--job-id', '47', '--raw', '--subdir', 'DAGS_FOLDER/zillowanalytics.py', '--cfg-path', '/tmp/tmpc5o60qvj']
[2025-04-05T13:36:25.628+0000] {standard_task_runner.py:105} INFO - Job 47: Subtask task_transfer_s3_to_redshift
[2025-04-05T13:36:25.664+0000] {task_command.py:467} INFO - Running <TaskInstance: zillow_analytics.task_transfer_s3_to_redshift manual__2025-04-05T13:36:03.211444+00:00 [running]> on host ip-172-31-1-5.ap-southeast-2.compute.internal
[2025-04-05T13:36:25.742+0000] {taskinstance.py:3134} INFO - Exporting env vars: AIRFLOW_CTX_DAG_OWNER='airflow' AIRFLOW_CTX_DAG_ID='zillow_analytics' AIRFLOW_CTX_TASK_ID='task_transfer_s3_to_redshift' AIRFLOW_CTX_EXECUTION_DATE='2025-04-05T13:36:03.211444+00:00' AIRFLOW_CTX_TRY_NUMBER='1' AIRFLOW_CTX_DAG_RUN_ID='manual__2025-04-05T13:36:03.211444+00:00'
[2025-04-05T13:36:25.743+0000] {taskinstance.py:732} INFO - ::endgroup::
[2025-04-05T13:36:25.757+0000] {base.py:84} INFO - Retrieving connection 'aws_s3_conn'
[2025-04-05T13:36:25.760+0000] {base.py:84} INFO - Retrieving connection 'aws_s3_conn'
[2025-04-05T13:36:25.760+0000] {connection_wrapper.py:325} INFO - AWS Connection (conn_id='aws_s3_conn', conn_type='aws') credentials retrieved from login and password.
[2025-04-05T13:36:25.769+0000] {s3_to_redshift.py:200} INFO - Executing COPY command...
[2025-04-05T13:36:25.771+0000] {base.py:84} INFO - Retrieving connection 'conn_id_redshift'
[2025-04-05T13:36:27.213+0000] {sql.py:624} INFO - Running statement: 
                    COPY PUBLIC.zillowdata 
                    FROM 's3://cleaned-data-zone-csv-bucket-gista/response_data_2025-04-05T133605.csv'
                    credentials
                    'aws_access_key_id=AKIA563Y5ZP2X3DWJLNO;aws_secret_access_key=***'
                    
                    csv IGNOREHEADER 1;
        , parameters: None
[2025-04-05T13:36:51.923+0000] {s3_to_redshift.py:205} INFO - COPY command complete...
[2025-04-05T13:36:51.926+0000] {taskinstance.py:341} INFO - ::group::Post task execution logs
[2025-04-05T13:36:51.928+0000] {taskinstance.py:353} INFO - Marking task as SUCCESS. dag_id=zillow_analytics, task_id=task_transfer_s3_to_redshift, run_id=manual__2025-04-05T13:36:03.211444+00:00, execution_date=20250405T133603, start_date=20250405T133625, end_date=20250405T133651
[2025-04-05T13:36:51.977+0000] {local_task_job_runner.py:266} INFO - Task exited with return code 0
[2025-04-05T13:36:51.986+0000] {taskinstance.py:3901} INFO - 0 downstream tasks scheduled from follow-on schedule check
[2025-04-05T13:36:51.987+0000] {local_task_job_runner.py:245} INFO - ::endgroup::
