[2025-04-05T12:21:45.322+0000] {local_task_job_runner.py:123} INFO - ::group::Pre task execution logs
[2025-04-05T12:21:45.333+0000] {taskinstance.py:2614} INFO - Dependencies all met for dep_context=non-requeueable deps ti=<TaskInstance: zillow_analytics.task_is_file_in_s3_available manual__2025-04-05T12:21:36.756604+00:00 [queued]>
[2025-04-05T12:21:45.339+0000] {taskinstance.py:2614} INFO - Dependencies all met for dep_context=requeueable deps ti=<TaskInstance: zillow_analytics.task_is_file_in_s3_available manual__2025-04-05T12:21:36.756604+00:00 [queued]>
[2025-04-05T12:21:45.339+0000] {taskinstance.py:2867} INFO - Starting attempt 1 of 1
[2025-04-05T12:21:45.355+0000] {taskinstance.py:2890} INFO - Executing <Task(S3KeySensor): task_is_file_in_s3_available> on 2025-04-05 12:21:36.756604+00:00
[2025-04-05T12:21:45.359+0000] {standard_task_runner.py:72} INFO - Started process 10811 to run task
[2025-04-05T12:21:45.364+0000] {standard_task_runner.py:104} INFO - Running: ['airflow', 'tasks', 'run', 'zillow_analytics', 'task_is_file_in_s3_available', 'manual__2025-04-05T12:21:36.756604+00:00', '--job-id', '40', '--raw', '--subdir', 'DAGS_FOLDER/zillowanalytics.py', '--cfg-path', '/tmp/tmp6g4m5v4t']
[2025-04-05T12:21:45.366+0000] {standard_task_runner.py:105} INFO - Job 40: Subtask task_is_file_in_s3_available
[2025-04-05T12:21:45.407+0000] {task_command.py:467} INFO - Running <TaskInstance: zillow_analytics.task_is_file_in_s3_available manual__2025-04-05T12:21:36.756604+00:00 [running]> on host ip-172-31-1-5.ap-southeast-2.compute.internal
[2025-04-05T12:21:45.471+0000] {taskinstance.py:3134} INFO - Exporting env vars: AIRFLOW_CTX_DAG_OWNER='airflow' AIRFLOW_CTX_DAG_ID='zillow_analytics' AIRFLOW_CTX_TASK_ID='task_is_file_in_s3_available' AIRFLOW_CTX_EXECUTION_DATE='2025-04-05T12:21:36.756604+00:00' AIRFLOW_CTX_TRY_NUMBER='1' AIRFLOW_CTX_DAG_RUN_ID='manual__2025-04-05T12:21:36.756604+00:00'
[2025-04-05T12:21:45.472+0000] {taskinstance.py:732} INFO - ::endgroup::
[2025-04-05T12:21:45.481+0000] {baseoperator.py:423} WARNING - S3KeySensor.execute cannot be called outside TaskInstance!
[2025-04-05T12:21:45.482+0000] {s3.py:117} INFO - Poking for key : s3://cleaned-data-zone-csv-bucket-gista/response_data_2025-04-05T122139.csv
[2025-04-05T12:21:45.485+0000] {base.py:84} INFO - Retrieving connection 'aws_s3_conn'
[2025-04-05T12:21:45.487+0000] {connection_wrapper.py:325} INFO - AWS Connection (conn_id='aws_s3_conn', conn_type='aws') credentials retrieved from login and password.
[2025-04-05T12:21:51.379+0000] {s3.py:117} INFO - Poking for key : s3://cleaned-data-zone-csv-bucket-gista/response_data_2025-04-05T122139.csv
[2025-04-05T12:21:56.390+0000] {s3.py:117} INFO - Poking for key : s3://cleaned-data-zone-csv-bucket-gista/response_data_2025-04-05T122139.csv
[2025-04-05T12:22:01.400+0000] {s3.py:117} INFO - Poking for key : s3://cleaned-data-zone-csv-bucket-gista/response_data_2025-04-05T122139.csv
[2025-04-05T12:22:06.411+0000] {s3.py:117} INFO - Poking for key : s3://cleaned-data-zone-csv-bucket-gista/response_data_2025-04-05T122139.csv
[2025-04-05T12:22:11.422+0000] {s3.py:117} INFO - Poking for key : s3://cleaned-data-zone-csv-bucket-gista/response_data_2025-04-05T122139.csv
[2025-04-05T12:22:16.431+0000] {s3.py:117} INFO - Poking for key : s3://cleaned-data-zone-csv-bucket-gista/response_data_2025-04-05T122139.csv
[2025-04-05T12:22:21.441+0000] {s3.py:117} INFO - Poking for key : s3://cleaned-data-zone-csv-bucket-gista/response_data_2025-04-05T122139.csv
[2025-04-05T12:22:26.451+0000] {s3.py:117} INFO - Poking for key : s3://cleaned-data-zone-csv-bucket-gista/response_data_2025-04-05T122139.csv
[2025-04-05T12:22:31.461+0000] {s3.py:117} INFO - Poking for key : s3://cleaned-data-zone-csv-bucket-gista/response_data_2025-04-05T122139.csv
[2025-04-05T12:22:36.471+0000] {s3.py:117} INFO - Poking for key : s3://cleaned-data-zone-csv-bucket-gista/response_data_2025-04-05T122139.csv
[2025-04-05T12:22:41.483+0000] {s3.py:117} INFO - Poking for key : s3://cleaned-data-zone-csv-bucket-gista/response_data_2025-04-05T122139.csv
[2025-04-05T12:22:46.493+0000] {s3.py:117} INFO - Poking for key : s3://cleaned-data-zone-csv-bucket-gista/response_data_2025-04-05T122139.csv
[2025-04-05T12:22:51.503+0000] {s3.py:117} INFO - Poking for key : s3://cleaned-data-zone-csv-bucket-gista/response_data_2025-04-05T122139.csv
[2025-04-05T12:22:56.514+0000] {s3.py:117} INFO - Poking for key : s3://cleaned-data-zone-csv-bucket-gista/response_data_2025-04-05T122139.csv
[2025-04-05T12:23:01.525+0000] {s3.py:117} INFO - Poking for key : s3://cleaned-data-zone-csv-bucket-gista/response_data_2025-04-05T122139.csv
[2025-04-05T12:23:06.534+0000] {s3.py:117} INFO - Poking for key : s3://cleaned-data-zone-csv-bucket-gista/response_data_2025-04-05T122139.csv
[2025-04-05T12:23:11.544+0000] {s3.py:117} INFO - Poking for key : s3://cleaned-data-zone-csv-bucket-gista/response_data_2025-04-05T122139.csv
[2025-04-05T12:23:16.554+0000] {s3.py:117} INFO - Poking for key : s3://cleaned-data-zone-csv-bucket-gista/response_data_2025-04-05T122139.csv
[2025-04-05T12:23:21.563+0000] {s3.py:117} INFO - Poking for key : s3://cleaned-data-zone-csv-bucket-gista/response_data_2025-04-05T122139.csv
[2025-04-05T12:23:26.574+0000] {s3.py:117} INFO - Poking for key : s3://cleaned-data-zone-csv-bucket-gista/response_data_2025-04-05T122139.csv
[2025-04-05T12:23:31.584+0000] {s3.py:117} INFO - Poking for key : s3://cleaned-data-zone-csv-bucket-gista/response_data_2025-04-05T122139.csv
[2025-04-05T12:23:36.594+0000] {s3.py:117} INFO - Poking for key : s3://cleaned-data-zone-csv-bucket-gista/response_data_2025-04-05T122139.csv
[2025-04-05T12:23:41.605+0000] {s3.py:117} INFO - Poking for key : s3://cleaned-data-zone-csv-bucket-gista/response_data_2025-04-05T122139.csv
[2025-04-05T12:23:46.616+0000] {s3.py:117} INFO - Poking for key : s3://cleaned-data-zone-csv-bucket-gista/response_data_2025-04-05T122139.csv
[2025-04-05T12:23:46.627+0000] {taskinstance.py:3313} ERROR - Task failed with exception
Traceback (most recent call last):
  File "/home/ubuntu/venv/lib/python3.12/site-packages/airflow/models/taskinstance.py", line 768, in _execute_task
    result = _execute_callable(context=context, **execute_callable_kwargs)
             ^^^^^^^^^^^^^^^^^^^^^^^^^^^^^^^^^^^^^^^^^^^^^^^^^^^^^^^^^^^^^
  File "/home/ubuntu/venv/lib/python3.12/site-packages/airflow/models/taskinstance.py", line 734, in _execute_callable
    return ExecutionCallableRunner(
           ^^^^^^^^^^^^^^^^^^^^^^^^
  File "/home/ubuntu/venv/lib/python3.12/site-packages/airflow/utils/operator_helpers.py", line 252, in run
    return self.func(*args, **kwargs)
           ^^^^^^^^^^^^^^^^^^^^^^^^^^
  File "/home/ubuntu/venv/lib/python3.12/site-packages/airflow/models/baseoperator.py", line 424, in wrapper
    return func(self, *args, **kwargs)
           ^^^^^^^^^^^^^^^^^^^^^^^^^^^
  File "/home/ubuntu/venv/lib/python3.12/site-packages/airflow/providers/amazon/aws/sensors/s3.py", line 188, in execute
    super().execute(context)
  File "/home/ubuntu/venv/lib/python3.12/site-packages/airflow/models/baseoperator.py", line 424, in wrapper
    return func(self, *args, **kwargs)
           ^^^^^^^^^^^^^^^^^^^^^^^^^^^
  File "/home/ubuntu/venv/lib/python3.12/site-packages/airflow/sensors/base.py", line 326, in execute
    raise AirflowSensorTimeout(message)
airflow.exceptions.AirflowSensorTimeout: Sensor has timed out; run duration of 121.14512182099952 seconds exceeds the specified timeout of 120.0.
[2025-04-05T12:23:46.631+0000] {taskinstance.py:1226} INFO - Immediate failure requested. Marking task as FAILED. dag_id=zillow_analytics, task_id=task_is_file_in_s3_available, run_id=manual__2025-04-05T12:21:36.756604+00:00, execution_date=20250405T122136, start_date=20250405T122145, end_date=20250405T122346
[2025-04-05T12:23:46.653+0000] {taskinstance.py:341} INFO - ::group::Post task execution logs
[2025-04-05T12:23:46.653+0000] {standard_task_runner.py:124} ERROR - Failed to execute job 40 for task task_is_file_in_s3_available (Sensor has timed out; run duration of 121.14512182099952 seconds exceeds the specified timeout of 120.0.; 10811)
Traceback (most recent call last):
  File "/home/ubuntu/venv/lib/python3.12/site-packages/airflow/task/task_runner/standard_task_runner.py", line 117, in _start_by_fork
    ret = args.func(args, dag=self.dag)
          ^^^^^^^^^^^^^^^^^^^^^^^^^^^^^
  File "/home/ubuntu/venv/lib/python3.12/site-packages/airflow/cli/cli_config.py", line 49, in command
    return func(*args, **kwargs)
           ^^^^^^^^^^^^^^^^^^^^^
  File "/home/ubuntu/venv/lib/python3.12/site-packages/airflow/utils/cli.py", line 116, in wrapper
    return f(*args, **kwargs)
           ^^^^^^^^^^^^^^^^^^
  File "/home/ubuntu/venv/lib/python3.12/site-packages/airflow/cli/commands/task_command.py", line 483, in task_run
    task_return_code = _run_task_by_selected_method(args, _dag, ti)
                       ^^^^^^^^^^^^^^^^^^^^^^^^^^^^^^^^^^^^^^^^^^^^
  File "/home/ubuntu/venv/lib/python3.12/site-packages/airflow/cli/commands/task_command.py", line 256, in _run_task_by_selected_method
    return _run_raw_task(args, ti)
           ^^^^^^^^^^^^^^^^^^^^^^^
  File "/home/ubuntu/venv/lib/python3.12/site-packages/airflow/cli/commands/task_command.py", line 341, in _run_raw_task
    return ti._run_raw_task(
           ^^^^^^^^^^^^^^^^^
  File "/home/ubuntu/venv/lib/python3.12/site-packages/airflow/utils/session.py", line 97, in wrapper
    return func(*args, session=session, **kwargs)
           ^^^^^^^^^^^^^^^^^^^^^^^^^^^^^^^^^^^^^^
  File "/home/ubuntu/venv/lib/python3.12/site-packages/airflow/models/taskinstance.py", line 3006, in _run_raw_task
    return _run_raw_task(
           ^^^^^^^^^^^^^^
  File "/home/ubuntu/venv/lib/python3.12/site-packages/airflow/models/taskinstance.py", line 274, in _run_raw_task
    TaskInstance._execute_task_with_callbacks(
  File "/home/ubuntu/venv/lib/python3.12/site-packages/airflow/models/taskinstance.py", line 3161, in _execute_task_with_callbacks
    result = self._execute_task(context, task_orig)
             ^^^^^^^^^^^^^^^^^^^^^^^^^^^^^^^^^^^^^^
  File "/home/ubuntu/venv/lib/python3.12/site-packages/airflow/models/taskinstance.py", line 3185, in _execute_task
    return _execute_task(self, context, task_orig)
           ^^^^^^^^^^^^^^^^^^^^^^^^^^^^^^^^^^^^^^^
  File "/home/ubuntu/venv/lib/python3.12/site-packages/airflow/models/taskinstance.py", line 768, in _execute_task
    result = _execute_callable(context=context, **execute_callable_kwargs)
             ^^^^^^^^^^^^^^^^^^^^^^^^^^^^^^^^^^^^^^^^^^^^^^^^^^^^^^^^^^^^^
  File "/home/ubuntu/venv/lib/python3.12/site-packages/airflow/models/taskinstance.py", line 734, in _execute_callable
    return ExecutionCallableRunner(
           ^^^^^^^^^^^^^^^^^^^^^^^^
  File "/home/ubuntu/venv/lib/python3.12/site-packages/airflow/utils/operator_helpers.py", line 252, in run
    return self.func(*args, **kwargs)
           ^^^^^^^^^^^^^^^^^^^^^^^^^^
  File "/home/ubuntu/venv/lib/python3.12/site-packages/airflow/models/baseoperator.py", line 424, in wrapper
    return func(self, *args, **kwargs)
           ^^^^^^^^^^^^^^^^^^^^^^^^^^^
  File "/home/ubuntu/venv/lib/python3.12/site-packages/airflow/providers/amazon/aws/sensors/s3.py", line 188, in execute
    super().execute(context)
  File "/home/ubuntu/venv/lib/python3.12/site-packages/airflow/models/baseoperator.py", line 424, in wrapper
    return func(self, *args, **kwargs)
           ^^^^^^^^^^^^^^^^^^^^^^^^^^^
  File "/home/ubuntu/venv/lib/python3.12/site-packages/airflow/sensors/base.py", line 326, in execute
    raise AirflowSensorTimeout(message)
airflow.exceptions.AirflowSensorTimeout: Sensor has timed out; run duration of 121.14512182099952 seconds exceeds the specified timeout of 120.0.
[2025-04-05T12:23:46.682+0000] {local_task_job_runner.py:266} INFO - Task exited with return code 1
[2025-04-05T12:23:46.689+0000] {taskinstance.py:3901} INFO - 0 downstream tasks scheduled from follow-on schedule check
[2025-04-05T12:23:46.689+0000] {local_task_job_runner.py:245} INFO - ::endgroup::
